Component: ARM Compiler 5.06 update 4 (build 422) Tool: armlink [4d35d2]

==============================================================================

Section Cross References

    main.o(.text) refers to aeabi_sdiv.o(.text) for __aeabi_uidivmod
    main.o(.text) refers to main.o(i.__ARM_common_switch8) for __ARM_common_switch8
    main.o(.text) refers to a31t21x_scu.o(.text) for HAL_SCU_UpdateMainClock
    main.o(.text) refers to led_driver.o(.text) for LED_Set_Current
    main.o(.text) refers to a31t21x_port_init.o(.text) for Port_Init
    main.o(.text) refers to a31t21x_system_setting.o(.text) for System_Setting_Config
    main.o(.text) refers to touch_config.o(.text) for Init_Touch
    main.o(.text) refers to touch_lib.o(.text) for Touch_Do_Task
    main.o(.text) refers to user_function.o(.text) for Touch_Key_Scenario
    main.o(.text) refers to a31t21x_system.o(.data) for SystemCoreClock
    main.o(.text) refers to main.o(.constdata) for coDigit_0
    main.o(.text) refers to touch_lib.o(.data) for func_p_Touch_Freq_Sel
    main.o(.text) refers to user_function.o(.bss) for user
    main.o(.text) refers to user_function.o(.data) for big_diff_thd
    main.o(.text) refers to touch_lib.o(.bss) for ts
    main.o(.text) refers to led_driver.o(.data) for fpRenewLED
    a31t21x_system_setting.o(.text) refers to aeabi_sdiv.o(.text) for __aeabi_uidivmod
    a31t21x_system_setting.o(.text) refers to a31t21x_scu.o(.text) for HAL_SCU_SetPLLConfig
    a31t21x_port_init.o(.text) refers to a31t21x_gpio.o(.text) for HAL_GPIO_Init
    a31t21x_port_init.o(.text) refers to a31t21x_scu.o(.text) for HAL_SCU_EnableClockOut
    debug.o(.text) refers to aeabi_sdiv.o(.text) for __aeabi_idivmod
    debug.o(.text) refers to a31t21x_uart.o(.text) for HAL_UART_Receive
    debug.o(.text) refers to a31t21x_gpio.o(.text) for HAL_GPIO_SetFunction
    debug.o(.text) refers to debug.o(.data) for app_uart_rx_done
    debug.o(.text) refers to debug.o(.bss) for uart
    debug.o(.text) refers to main.o(.data) for t_sysbit
    debug.o(.text) refers to touch_lib.o(.bss) for ts
    led_driver.o(.text) refers to touch_lib.o(.text) for Touch_Start_Touch
    led_driver.o(.text) refers to rt_memcpy.o(.emb_text) for __aeabi_memcpy4
    led_driver.o(.text) refers to a31t21x_led.o(.text) for HAL_LED_Init
    led_driver.o(.text) refers to aeabi_sdiv.o(.text) for __aeabi_uidivmod
    led_driver.o(.text) refers to a31t21x_gpio.o(.text) for HAL_GPIO_SetPin
    led_driver.o(.text) refers to main.o(.data) for t_sysbit
    led_driver.o(.text) refers to touch_lib.o(.bss) for ts
    led_driver.o(.text) refers to led_driver.o(.constdata) for coDigit
    led_driver.o(.text) refers to led_driver.o(.data) for led
    user_timer.o(.text) refers to user_timer.o(.data) for ut_init_delay_timer
    user_function.o(.text) refers to aeabi_sdiv.o(.text) for __aeabi_uidivmod
    user_function.o(.text) refers to user_timer.o(.text) for UT_Set_Timer
    user_function.o(.text) refers to touch_lib.o(.bss) for ts
    user_function.o(.text) refers to user_function.o(.bss) for user
    touch_config.o(.text) refers to aeabi_sdiv.o(.text) for __aeabi_uidivmod
    touch_config.o(.text) refers to touch_lib.o(.text) for Set_TS_IO
    touch_config.o(.text) refers to user_timer.o(.text) for UT_Run_Timer
    touch_config.o(.text) refers to touch_config.o(.data) for g_actv_ch_num
    touch_config.o(.text) refers to touch_lib.o(.bss) for ts
    touch_config.o(.text) refers to touch_config.o(.bss) for g_zero_sco
    touch_config.o(.text) refers to main.o(.data) for t_sysbit
    a31t21x_system.o(.text) refers to a31t21x_system.o(.data) for SystemDelayCount
    a31t21x_startup_arm.o(STACK) refers (Special) to heapauxi.o(.text) for __use_two_region_memory
    a31t21x_startup_arm.o(HEAP) refers (Special) to heapauxi.o(.text) for __use_two_region_memory
    a31t21x_startup_arm.o(RESET) refers (Special) to heapauxi.o(.text) for __use_two_region_memory
    a31t21x_startup_arm.o(RESET) refers to a31t21x_startup_arm.o(STACK) for __initial_sp
    a31t21x_startup_arm.o(RESET) refers to a31t21x_startup_arm.o(.text) for Reset_Handler
    a31t21x_startup_arm.o(RESET) refers to user_timer.o(.text) for SysTick_Handler
    a31t21x_startup_arm.o(RESET) refers to a31t21x_pwr.o(.text) for LVI_IRQHandler
    a31t21x_startup_arm.o(RESET) refers to a31t21x_scu.o(.text) for SYSCLKFAIL_IRQHandler
    a31t21x_startup_arm.o(RESET) refers to a31t21x_gpio.o(.text) for GPIOAB_IRQHandler
    a31t21x_startup_arm.o(RESET) refers to a31t21x_timer.o(.text) for TIMER10_IRQHandler
    a31t21x_startup_arm.o(RESET) refers to a31t21x_usart1n.o(.text) for USART10_IRQHandler
    a31t21x_startup_arm.o(RESET) refers to a31t21x_uart.o(.text) for UART0_IRQHandler
    a31t21x_startup_arm.o(RESET) refers to a31t21x_led.o(.text) for LED_IRQHandler
    a31t21x_startup_arm.o(RESET) refers to touch_config.o(.text) for TOUCH_IRQHandler
    a31t21x_startup_arm.o(.text) refers (Special) to heapauxi.o(.text) for __use_two_region_memory
[...]
    a31t21x_uart.o(.text) refers to aeabi_sdiv.o(.text) for __aeabi_uidivmod
    a31t21x_uart.o(.text) refers to rt_memclr.o(.text) for __aeabi_memclr4
    a31t21x_uart.o(.text) refers to a31t21x_dma.o(.text) for HAL_DMA_Start
    a31t21x_uart.o(.text) refers to a31t21x_system.o(.data) for SystemCoreClock
    a31t21x_uart.o(.text) refers to a31t21x_uart.o(.bss) for g_ucb
    a31t21x_uart.o(.text) refers to main.o(i.__ARM_common_switch8) for __ARM_common_switch8
    a31t21x_uart.o(.text) refers to a31t21x_uart.o(.constdata) for .constdata
    a31t21x_usart1n.o(.text) refers to main.o(i.__ARM_common_switch8) for __ARM_common_switch8
    a31t21x_usart1n.o(.text) refers to aeabi_sdiv.o(.text) for __aeabi_uidivmod
    a31t21x_usart1n.o(.text) refers to rt_memclr.o(.text) for __aeabi_memclr4
    a31t21x_usart1n.o(.text) refers to a31t21x_system.o(.data) for SystemCoreClock
    a31t21x_usart1n.o(.text) refers to a31t21x_usart1n.o(.bss) for g_ucb
    a31t21x_usart1n.o(.text) refers to a31t21x_dma.o(.text) for HAL_DMA_Start
    a31t21x_usart1n.o(.text) refers to a31t21x_usart1n.o(.constdata) for .constdata
    a31t21x_wdt.o(.text) refers to a31t21x_wdt.o(.bss) for g_wcb
    a31t21x_wdt.o(.text) refers to a31t21x_wdt.o(.data) for gu8ReloadCount
    touch_lib.o(.text) refers to a31t21x_gpio.o(.text) for HAL_GPIO_SetFunction
    touch_lib.o(.text) refers to touch_lib.o(.bss) for ts
    touch_lib.o(.text) refers to main.o(.data) for t_sysbit
    touch_lib.o(.text) refers to user_timer.o(.text) for UT_Get_Status
    touch_lib.o(.text) refers to aeabi_sdiv.o(.text) for __aeabi_uidivmod
    touch_lib.o(.text) refers to main.o(i.__ARM_common_switch8) for __ARM_common_switch8
    touch_lib.o(.text) refers to touch_lib.o(.data) for func_p_user_filter_onesensingdata
    rt_memcpy.o(.text) refers to rt_memcpy.o(.emb_text) for __aeabi_memcpy4
    __main.o(!!!main) refers to __rtentry.o(.ARM.Collect$$rtentry$$00000000) for __rt_entry
    __rtentry.o(.ARM.Collect$$rtentry$$00000000) refers (Special) to __rtentry2.o(.ARM.Collect$$rtentry$$0000000A) for __rt_entry_li
    __rtentry.o(.ARM.Collect$$rtentry$$00000000) refers (Special) to __rtentry2.o(.ARM.Collect$$rtentry$$0000000D) for __rt_entry_main
    __rtentry.o(.ARM.Collect$$rtentry$$00000000) refers (Special) to __rtentry2.o(.ARM.Collect$$rtentry$$0000000C) for __rt_entry_postli_1
    __rtentry.o(.ARM.Collect$$rtentry$$00000000) refers (Special) to __rtentry2.o(.ARM.Collect$$rtentry$$00000009) for __rt_entry_postsh_1
    __rtentry.o(.ARM.Collect$$rtentry$$00000000) refers (Special) to __rtentry2.o(.ARM.Collect$$rtentry$$00000002) for __rt_entry_presh_1
    __rtentry.o(.ARM.Collect$$rtentry$$00000000) refers (Special) to __rtentry4.o(.ARM.Collect$$rtentry$$00000004) for __rt_entry_sh
    aeabi_idiv0_sigfpe.o(.text) refers to rt_div0.o(.text) for __rt_div0
    __rtentry2.o(.ARM.Collect$$rtentry$$00000008) refers to boardinit2.o(.text) for _platform_post_stackheap_init
    __rtentry2.o(.ARM.Collect$$rtentry$$0000000A) refers to libinit.o(.ARM.Collect$$libinit$$00000000) for __rt_lib_init
    __rtentry2.o(.ARM.Collect$$rtentry$$0000000B) refers to boardinit3.o(.text) for _platform_post_lib_init
    __rtentry2.o(.ARM.Collect$$rtentry$$0000000D) refers to main.o(.text) for main
    __rtentry2.o(.ARM.Collect$$rtentry$$0000000D) refers to exit.o(.text) for exit
    __rtentry2.o(.ARM.exidx) refers to __rtentry2.o(.ARM.Collect$$rtentry$$00000001) for .ARM.Collect$$rtentry$$00000001
    __rtentry2.o(.ARM.exidx) refers to __rtentry2.o(.ARM.Collect$$rtentry$$00000008) for .ARM.Collect$$rtentry$$00000008
    __rtentry2.o(.ARM.exidx) refers to __rtentry2.o(.ARM.Collect$$rtentry$$0000000A) for .ARM.Collect$$rtentry$$0000000A
    __rtentry2.o(.ARM.exidx) refers to __rtentry2.o(.ARM.Collect$$rtentry$$0000000B) for .ARM.Collect$$rtentry$$0000000B
    __rtentry2.o(.ARM.exidx) refers to __rtentry2.o(.ARM.Collect$$rtentry$$0000000D) for .ARM.Collect$$rtentry$$0000000D
    __rtentry4.o(.ARM.Collect$$rtentry$$00000004) refers to sys_stackheap_outer.o(.text) for __user_setup_stackheap
    __rtentry4.o(.ARM.exidx) refers to __rtentry4.o(.ARM.Collect$$rtentry$$00000004) for .ARM.Collect$$rtentry$$00000004
    rt_div0.o(.text) refers to defsig_fpe_outer.o(.text) for __rt_SIGFPE
    sys_stackheap_outer.o(.text) refers to libspace.o(.text) for __user_perproc_libspace
    sys_stackheap_outer.o(.text) refers to a31t21x_startup_arm.o(.text) for __user_initial_stackheap
    sys_stackheap_outer.o(__vectab_stack_and_reset_area) refers to tempstk.o(.text) for __temporary_stack_top
    sys_stackheap_outer.o(__vectab_stack_and_reset_area) refers to __main.o(!!!main) for __main
    exit.o(.text) refers to rtexit.o(.ARM.Collect$$rtexit$$00000000) for __rt_exit
    defsig_fpe_outer.o(.text) refers to defsig_fpe_inner.o(.text) for __rt_SIGFPE_inner
    defsig_fpe_outer.o(.text) refers to defsig_exit.o(.text) for __sig_exit
    defsig_fpe_formal.o(.text) refers to rt_raise.o(.text) for __rt_raise
    libinit.o(.ARM.Collect$$libinit$$00000000) refers (Special) to libinit2.o(.ARM.Collect$$libinit$$0000002E) for __rt_lib_init_alloca_1
    libinit.o(.ARM.Collect$$libinit$$00000000) refers (Special) to libinit2.o(.ARM.Collect$$libinit$$0000002C) for __rt_lib_init_argv_1
    libinit.o(.ARM.Collect$$libinit$$00000000) refers (Special) to libinit2.o(.ARM.Collect$$libinit$$0000001B) for __rt_lib_init_atexit_1
    libinit.o(.ARM.Collect$$libinit$$00000000) refers (Special) to libinit2.o(.ARM.Collect$$libinit$$00000021) for __rt_lib_init_clock_1
    libinit.o(.ARM.Collect$$libinit$$00000000) refers (Special) to libinit2.o(.ARM.Collect$$libinit$$00000032) for __rt_lib_init_cpp_1
    libinit.o(.ARM.Collect$$libinit$$00000000) refers (Special) to libinit2.o(.ARM.Collect$$libinit$$00000030) for __rt_lib_init_exceptions_1
    libinit.o(.ARM.Collect$$libinit$$00000000) refers (Special) to libinit2.o(.ARM.Collect$$libinit$$00000002) for __rt_lib_init_fp_1
    libinit.o(.ARM.Collect$$libinit$$00000000) refers (Special) to libinit2.o(.ARM.Collect$$libinit$$0000001F) for __rt_lib_init_fp_trap_1
    libinit.o(.ARM.Collect$$libinit$$00000000) refers (Special) to libinit2.o(.ARM.Collect$$libinit$$00000023) for __rt_lib_init_getenv_1
    libinit.o(.ARM.Collect$$libinit$$00000000) refers (Special) to libinit2.o(.ARM.Collect$$libinit$$0000000A) for __rt_lib_init_heap_1
    libinit.o(.ARM.Collect$$libinit$$00000000) refers (Special) to libinit2.o(.ARM.Collect$$libinit$$00000011) for __rt_lib_init_lc_collate_1
    libinit.o(.ARM.Collect$$libinit$$00000000) refers (Special) to libinit2.o(.ARM.Collect$$libinit$$00000013) for __rt_lib_init_lc_ctype_1
    libinit.o(.ARM.Collect$$libinit$$00000000) refers (Special) to libinit2.o(.ARM.Collect$$libinit$$00000015) for __rt_lib_init_lc_monetary_1
    libinit.o(.ARM.Collect$$libinit$$00000000) refers (Special) to libinit2.o(.ARM.Collect$$libinit$$00000017) for __rt_lib_init_lc_numeric_1
    libinit.o(.ARM.Collect$$libinit$$00000000) refers (Special) to libinit2.o(.ARM.Collect$$libinit$$00000019) for __rt_lib_init_lc_time_1
    libinit.o(.ARM.Collect$$libinit$$00000000) refers (Special) to libinit2.o(.ARM.Collect$$libinit$$00000004) for __rt_lib_init_preinit_1
    libinit.o(.ARM.Collect$$libinit$$00000000) refers (Special) to libinit2.o(.ARM.Collect$$libinit$$0000000E) for __rt_lib_init_rand_1
    libinit.o(.ARM.Collect$$libinit$$00000000) refers (Special) to libinit2.o(.ARM.Collect$$libinit$$00000033) for __rt_lib_init_return
    libinit.o(.ARM.Collect$$libinit$$00000000) refers (Special) to libinit2.o(.ARM.Collect$$libinit$$0000001D) for __rt_lib_init_signal_1
    libinit.o(.ARM.Collect$$libinit$$00000000) refers (Special) to libinit2.o(.ARM.Collect$$libinit$$00000025) for __rt_lib_init_stdio_1
    libinit.o(.ARM.Collect$$libinit$$00000000) refers (Special) to libinit2.o(.ARM.Collect$$libinit$$0000000C) for __rt_lib_init_user_alloc_1
    libspace.o(.text) refers to libspace.o(.bss) for __libspace_start
    rtexit.o(.ARM.Collect$$rtexit$$00000000) refers (Special) to rtexit2.o(.ARM.Collect$$rtexit$$00000004) for __rt_exit_exit
    rtexit.o(.ARM.Collect$$rtexit$$00000000) refers (Special) to rtexit2.o(.ARM.Collect$$rtexit$$00000003) for __rt_exit_ls
    rtexit.o(.ARM.Collect$$rtexit$$00000000) refers (Special) to rtexit2.o(.ARM.Collect$$rtexit$$00000002) for __rt_exit_prels_1
    rtexit.o(.ARM.exidx) refers (Special) to rtexit2.o(.ARM.Collect$$rtexit$$00000004) for __rt_exit_exit
    rtexit.o(.ARM.exidx) refers (Special) to rtexit2.o(.ARM.Collect$$rtexit$$00000003) for __rt_exit_ls
    rtexit.o(.ARM.exidx) refers (Special) to rtexit2.o(.ARM.Collect$$rtexit$$00000002) for __rt_exit_prels_1
    rtexit.o(.ARM.exidx) refers to rtexit.o(.ARM.Collect$$rtexit$$00000000) for .ARM.Collect$$rtexit$$00000000
    rt_raise.o(.text) refers to __raise.o(.text) for __raise
    rt_raise.o(.text) refers to sys_exit.o(.text) for _sys_exit
    defsig_exit.o(.text) refers to sys_exit.o(.text) for _sys_exit
    defsig_fpe_inner.o(.text) refers to defsig_general.o(.text) for __default_signal_display
    libinit2.o(.ARM.Collect$$libinit$$00000010) refers to libinit2.o(.ARM.Collect$$libinit$$0000000F) for .ARM.Collect$$libinit$$0000000F
    libinit2.o(.ARM.Collect$$libinit$$00000012) refers to libinit2.o(.ARM.Collect$$libinit$$0000000F) for .ARM.Collect$$libinit$$0000000F
    libinit2.o(.ARM.Collect$$libinit$$00000014) refers to libinit2.o(.ARM.Collect$$libinit$$0000000F) for .ARM.Collect$$libinit$$0000000F
    libinit2.o(.ARM.Collect$$libinit$$00000016) refers to libinit2.o(.ARM.Collect$$libinit$$0000000F) for .ARM.Collect$$libinit$$0000000F
    libinit2.o(.ARM.Collect$$libinit$$00000018) refers to libinit2.o(.ARM.Collect$$libinit$$0000000F) for .ARM.Collect$$libinit$$0000000F
    libinit2.o(.ARM.Collect$$libinit$$00000026) refers to argv_veneer.o(.text) for __ARM_argv_veneer
    libinit2.o(.ARM.Collect$$libinit$$00000027) refers to argv_veneer.o(.text) for __ARM_argv_veneer
    sys_exit.o(.text) refers (Special) to use_no_semi.o(.text) for __I$use$semihosting
    sys_exit.o(.text) refers (Special) to indicate_semi.o(.text) for __semihosting_library_function
    rtexit2.o(.ARM.Collect$$rtexit$$00000003) refers to libshutdown.o(.ARM.Collect$$libshutdown$$00000000) for __rt_lib_shutdown
    rtexit2.o(.ARM.Collect$$rtexit$$00000004) refers to sys_exit.o(.text) for _sys_exit
    rtexit2.o(.ARM.exidx) refers to rtexit2.o(.ARM.Collect$$rtexit$$00000001) for .ARM.Collect$$rtexit$$00000001
    rtexit2.o(.ARM.exidx) refers to rtexit2.o(.ARM.Collect$$rtexit$$00000003) for .ARM.Collect$$rtexit$$00000003
    rtexit2.o(.ARM.exidx) refers to rtexit2.o(.ARM.Collect$$rtexit$$00000004) for .ARM.Collect$$rtexit$$00000004
    __raise.o(.text) refers to defsig.o(CL$$defsig) for __default_signal_handler
    defsig_general.o(.text) refers to sys_wrch.o(.text) for _ttywrch
    sys_wrch.o(.text) refers (Special) to use_no_semi.o(.text) for __I$use$semihosting
    sys_wrch.o(.text) refers (Special) to indicate_semi.o(.text) for __semihosting_library_function
    defsig.o(CL$$defsig) refers to defsig_fpe_inner.o(.text) for __rt_SIGFPE_inner
    defsig.o(CL$$defsig) refers to defsig_rtmem_inner.o(.text) for __rt_SIGRTMEM_inner
    _get_argv_nomalloc.o(.text) refers (Special) to hrguard.o(.text) for __heap_region$guard
    _get_argv_nomalloc.o(.text) refers to defsig_rtmem_outer.o(.text) for __rt_SIGRTMEM
    _get_argv_nomalloc.o(.text) refers to sys_command.o(.text) for _sys_command_string
    libshutdown.o(.ARM.Collect$$libshutdown$$00000000) refers (Special) to libshutdown2.o(.ARM.Collect$$libshutdown$$00000002) for __rt_lib_shutdown_cpp_1
    libshutdown.o(.ARM.Collect$$libshutdown$$00000000) refers (Special) to libshutdown2.o(.ARM.Collect$$libshutdown$$00000007) for __rt_lib_shutdown_fp_trap_1
    libshutdown.o(.ARM.Collect$$libshutdown$$00000000) refers (Special) to libshutdown2.o(.ARM.Collect$$libshutdown$$0000000F) for __rt_lib_shutdown_heap_1
    libshutdown.o(.ARM.Collect$$libshutdown$$00000000) refers (Special) to libshutdown2.o(.ARM.Collect$$libshutdown$$00000010) for __rt_lib_shutdown_return
    libshutdown.o(.ARM.Collect$$libshutdown$$00000000) refers (Special) to libshutdown2.o(.ARM.Collect$$libshutdown$$0000000A) for __rt_lib_shutdown_signal_1
    libshutdown.o(.ARM.Collect$$libshutdown$$00000000) refers (Special) to libshutdown2.o(.ARM.Collect$$libshutdown$$00000004) for __rt_lib_shutdown_stdio_1
    libshutdown.o(.ARM.Collect$$libshutdown$$00000000) refers (Special) to libshutdown2.o(.ARM.Collect$$libshutdown$$0000000C) for __rt_lib_shutdown_user_alloc_1
    sys_command.o(.text) refers (Special) to use_no_semi.o(.text) for __I$use$semihosting
    sys_command.o(.text) refers (Special) to indicate_semi.o(.text) for __semihosting_library_function
    defsig_abrt_inner.o(.text) refers to defsig_general.o(.text) for __default_signal_display
    defsig_rtred_inner.o(.text) refers to defsig_general.o(.text) for __default_signal_display
    defsig_rtmem_inner.o(.text) refers to defsig_general.o(.text) for __default_signal_display
    defsig_rtmem_outer.o(.text) refers to defsig_rtmem_inner.o(.text) for __rt_SIGRTMEM_inner
    defsig_rtmem_outer.o(.text) refers to defsig_exit.o(.text) for __sig_exit
    defsig_rtmem_formal.o(.text) refers to rt_raise.o(.text) for __rt_raise
    defsig_stak_inner.o(.text) refers to defsig_general.o(.text) for __default_signal_display
    defsig_pvfn_inner.o(.text) refers to defsig_general.o(.text) for __default_signal_display
    defsig_cppl_inner.o(.text) refers to defsig_general.o(.text) for __default_signal_display
    defsig_segv_inner.o(.text) refers to defsig_general.o(.text) for __default_signal_display
    defsig_other.o(.text) refers to defsig_general.o(.text) for __default_signal_display


==============================================================================

Removing Unused input sections from the image.

    Removing main.o(.rev16_text), (4 bytes).
    Removing main.o(.revsh_text), (4 bytes).
    Removing a31t21x_system_setting.o(.rev16_text), (4 bytes).
    Removing a31t21x_system_setting.o(.revsh_text), (4 bytes).
    Removing a31t21x_port_init.o(.rev16_text), (4 bytes).
    Removing a31t21x_port_init.o(.revsh_text), (4 bytes).
    Removing debug.o(.rev16_text), (4 bytes).
    Removing debug.o(.revsh_text), (4 bytes).
    Removing debug.o(.text), (1608 bytes).
    Removing debug.o(.bss), (347 bytes).
    Removing debug.o(.data), (21 bytes).
    Removing led_driver.o(.rev16_text), (4 bytes).
    Removing led_driver.o(.revsh_text), (4 bytes).
    Removing user_timer.o(.rev16_text), (4 bytes).
    Removing user_timer.o(.revsh_text), (4 bytes).
    Removing i2c.o(.rev16_text), (4 bytes).
    Removing i2c.o(.revsh_text), (4 bytes).
    Removing user_function.o(.rev16_text), (4 bytes).
    Removing user_function.o(.revsh_text), (4 bytes).
    Removing register_map.o(.rev16_text), (4 bytes).
    Removing register_map.o(.revsh_text), (4 bytes).
    Removing touch_config.o(.rev16_text), (4 bytes).
    Removing touch_config.o(.revsh_text), (4 bytes).
    Removing a31t21x_system.o(.rev16_text), (4 bytes).
    Removing a31t21x_system.o(.revsh_text), (4 bytes).
    Removing a31t21x_dma.o(.rev16_text), (4 bytes).
    Removing a31t21x_dma.o(.revsh_text), (4 bytes).
    Removing a31t21x_gpio.o(.rev16_text), (4 bytes).
    Removing a31t21x_gpio.o(.revsh_text), (4 bytes).
    Removing a31t21x_led.o(.rev16_text), (4 bytes).
    Removing a31t21x_led.o(.revsh_text), (4 bytes).
    Removing a31t21x_pwr.o(.rev16_text), (4 bytes).
    Removing a31t21x_pwr.o(.revsh_text), (4 bytes).
    Removing a31t21x_scu.o(.rev16_text), (4 bytes).
    Removing a31t21x_scu.o(.revsh_text), (4 bytes).
    Removing a31t21x_timer.o(.rev16_text), (4 bytes).
    Removing a31t21x_timer.o(.revsh_text), (4 bytes).
    Removing a31t21x_uart.o(.rev16_text), (4 bytes).
    Removing a31t21x_uart.o(.revsh_text), (4 bytes).
    Removing a31t21x_usart1n.o(.rev16_text), (4 bytes).
    Removing a31t21x_usart1n.o(.revsh_text), (4 bytes).
    Removing a31t21x_wdt.o(.rev16_text), (4 bytes).
    Removing a31t21x_wdt.o(.revsh_text), (4 bytes).
    Removing touch_lib.o(.rev16_text), (4 bytes).
    Removing touch_lib.o(.revsh_text), (4 bytes).

45 unused section(s) (total 2144 bytes) removed from the image.

==============================================================================

Image Symbol Table

    Local Symbols

    Symbol Name                              Value     Ov Type        Size  Object(Section)

    RESET                                    0x00000000   Section      192  a31t21x_startup_arm.o(RESET)
    ../clib/../cmprslib/zerorunl2.c          0x00000000   Number         0  __dczerorl2.o ABSOLUTE
    ../clib/angel/boardlib.s                 0x00000000   Number         0  boardinit1.o ABSOLUTE
    ../clib/angel/boardlib.s                 0x00000000   Number         0  boardshut.o ABSOLUTE
    ../clib/angel/boardlib.s                 0x00000000   Number         0  boardinit2.o ABSOLUTE
    ../clib/angel/boardlib.s                 0x00000000   Number         0  boardinit3.o ABSOLUTE
    ../clib/angel/handlers.s                 0x00000000   Number         0  __scatter_zi.o ABSOLUTE
    ../clib/angel/kernel.s                   0x00000000   Number         0  rtexit2.o ABSOLUTE
    ../clib/angel/kernel.s                   0x00000000   Number         0  __rtentry4.o ABSOLUTE
    ../clib/angel/kernel.s                   0x00000000   Number         0  __rtentry2.o ABSOLUTE
    ../clib/angel/kernel.s                   0x00000000   Number         0  __rtentry.o ABSOLUTE
    ../clib/angel/kernel.s                   0x00000000   Number         0  rtexit.o ABSOLUTE
    ../clib/angel/rt.s                       0x00000000   Number         0  aeabi_idiv0.o ABSOLUTE
    ../clib/angel/rt.s                       0x00000000   Number         0  aeabi_idiv0_sigfpe.o ABSOLUTE
    ../clib/angel/rt.s                       0x00000000   Number         0  rt_raise.o ABSOLUTE
    ../clib/angel/rt.s                       0x00000000   Number         0  rt_div0.o ABSOLUTE
    ../clib/angel/scatterp.s                 0x00000000   Number         0  __scatter.o ABSOLUTE
    ../clib/angel/startup.s                  0x00000000   Number         0  __main.o ABSOLUTE
    ../clib/angel/sys.s                      0x00000000   Number         0  tempstk.o ABSOLUTE
    ../clib/angel/sys.s                      0x00000000   Number         0  sys_stackheap_outer.o ABSOLUTE
    ../clib/angel/sys.s                      0x00000000   Number         0  indicate_semi.o ABSOLUTE
    ../clib/angel/sys.s                      0x00000000   Number         0  use_no_semi.o ABSOLUTE
    ../clib/angel/sys.s                      0x00000000   Number         0  libspace.o ABSOLUTE
    ../clib/angel/sysapp.c                   0x00000000   Number         0  sys_wrch.o ABSOLUTE
    ../clib/angel/sysapp.c                   0x00000000   Number         0  sys_command.o ABSOLUTE
    ../clib/angel/sysapp.c                   0x00000000   Number         0  sys_exit.o ABSOLUTE
    ../clib/armsys.c                         0x00000000   Number         0  argv_veneer.o ABSOLUTE
    ../clib/armsys.c                         0x00000000   Number         0  _get_argv_nomalloc.o ABSOLUTE
    ../clib/armsys.c                         0x00000000   Number         0  no_argv.o ABSOLUTE
    ../clib/division.s                       0x00000000   Number         0  aeabi_sdiv.o ABSOLUTE
    ../clib/division.s                       0x00000000   Number         0  aeabi_sdiv_div0.o ABSOLUTE
    ../clib/heapalloc.c                      0x00000000   Number         0  hrguard.o ABSOLUTE
    ../clib/heapaux.c                        0x00000000   Number         0  heapauxi.o ABSOLUTE
    ../clib/libinit.s                        0x00000000   Number         0  libinit.o ABSOLUTE
    ../clib/libinit.s                        0x00000000   Number         0  libinit2.o ABSOLUTE
    ../clib/libinit.s                        0x00000000   Number         0  libshutdown.o ABSOLUTE
    ../clib/libinit.s                        0x00000000   Number         0  libshutdown2.o ABSOLUTE
    ../clib/memcpset.c                       0x00000000   Number         0  rt_memclr.o ABSOLUTE
    ../clib/memcpset.c                       0x00000000   Number         0  rt_memcpy.o ABSOLUTE
    ../clib/memcpset.c                       0x00000000   Number         0  rt_memcpy.o ABSOLUTE
    ../clib/signal.c                         0x00000000   Number         0  defsig_stak_inner.o ABSOLUTE
    ../clib/signal.c                         0x00000000   Number         0  defsig_rtmem_formal.o ABSOLUTE
    ../clib/signal.c                         0x00000000   Number         0  defsig_rtred_inner.o ABSOLUTE
    ../clib/signal.c                         0x00000000   Number         0  defsig_abrt_inner.o ABSOLUTE
    ../clib/signal.c                         0x00000000   Number         0  defsig_rtmem_outer.o ABSOLUTE
    ../clib/signal.c                         0x00000000   Number         0  defsig_rtmem_inner.o ABSOLUTE
    ../clib/signal.c                         0x00000000   Number         0  defsig_general.o ABSOLUTE
    ../clib/signal.c                         0x00000000   Number         0  __raise.o ABSOLUTE
    ../clib/signal.c                         0x00000000   Number         0  defsig_fpe_outer.o ABSOLUTE
    ../clib/signal.c                         0x00000000   Number         0  defsig_fpe_formal.o ABSOLUTE
    ../clib/signal.c                         0x00000000   Number         0  defsig_fpe_inner.o ABSOLUTE
    ../clib/signal.c                         0x00000000   Number         0  defsig_exit.o ABSOLUTE
    ../clib/signal.c                         0x00000000   Number         0  defsig_other.o ABSOLUTE
    ../clib/signal.c                         0x00000000   Number         0  defsig_segv_inner.o ABSOLUTE
    ../clib/signal.c                         0x00000000   Number         0  defsig_cppl_inner.o ABSOLUTE
    ../clib/signal.c                         0x00000000   Number         0  defsig_pvfn_inner.o ABSOLUTE
    ../clib/signal.s                         0x00000000   Number         0  defsig.o ABSOLUTE
    ../clib/stdlib.c                         0x00000000   Number         0  exit.o ABSOLUTE
    ../fplib/cfplib/fpinit.c                 0x00000000   Number         0  fpinit.o ABSOLUTE
    ..\..\..\..\..\core\device\a31t21x\source\a31t21x_startup_arm.s 0x00000000   Number         0  a31t21x_startup_arm.o ABSOLUTE
    ..\..\..\..\..\core\device\a31t21x\source\a31t21x_system.c 0x00000000   Number         0  a31t21x_system.o ABSOLUTE
    ..\..\..\..\..\driver\a31t21x\source\a31t21x_dma.c 0x00000000   Number         0  a31t21x_dma.o ABSOLUTE
    ..\..\..\..\..\driver\a31t21x\source\a31t21x_gpio.c 0x00000000   Number         0  a31t21x_gpio.o ABSOLUTE
    ..\..\..\..\..\driver\a31t21x\source\a31t21x_led.c 0x00000000   Number         0  a31t21x_led.o ABSOLUTE
    ..\..\..\..\..\driver\a31t21x\source\a31t21x_pwr.c 0x00000000   Number         0  a31t21x_pwr.o ABSOLUTE
    ..\..\..\..\..\driver\a31t21x\source\a31t21x_scu.c 0x00000000   Number         0  a31t21x_scu.o ABSOLUTE
    ..\..\..\..\..\driver\a31t21x\source\a31t21x_timer.c 0x00000000   Number         0  a31t21x_timer.o ABSOLUTE
    ..\..\..\..\..\driver\a31t21x\source\a31t21x_uart.c 0x00000000   Number         0  a31t21x_uart.o ABSOLUTE
    ..\..\..\..\..\driver\a31t21x\source\a31t21x_usart1n.c 0x00000000   Number         0  a31t21x_usart1n.o ABSOLUTE
    ..\..\..\..\..\driver\a31t21x\source\a31t21x_wdt.c 0x00000000   Number         0  a31t21x_wdt.o ABSOLUTE
    ..\..\code_app\a31t21x_port_init.c       0x00000000   Number         0  a31t21x_port_init.o ABSOLUTE
    ..\..\code_app\a31t21x_system_setting.c  0x00000000   Number         0  a31t21x_system_setting.o ABSOLUTE
    ..\..\code_app\debug.c                   0x00000000   Number         0  debug.o ABSOLUTE
    ..\..\code_app\i2c.c                     0x00000000   Number         0  i2c.o ABSOLUTE
    ..\..\code_app\led_driver.c              0x00000000   Number         0  led_driver.o ABSOLUTE
    ..\..\code_app\main.c                    0x00000000   Number         0  main.o ABSOLUTE
    ..\..\code_app\register_map.c            0x00000000   Number         0  register_map.o ABSOLUTE
    ..\..\code_app\touch_config.c            0x00000000   Number         0  touch_config.o ABSOLUTE
    ..\..\code_app\user_function.c           0x00000000   Number         0  user_function.o ABSOLUTE
    ..\..\code_app\user_timer.c              0x00000000   Number         0  user_timer.o ABSOLUTE
    ..\..\code_lib\touch_lib.c               0x00000000   Number         0  touch_lib.o ABSOLUTE
    ..\\..\\..\\..\\..\\core\\device\\a31t21x\\source\\a31t21x_system.c 0x00000000   Number         0  a31t21x_system.o ABSOLUTE
    ..\\..\\..\\..\\..\\driver\\a31t21x\\source\\a31t21x_dma.c 0x00000000   Number         0  a31t21x_dma.o ABSOLUTE
    ..\\..\\..\\..\\..\\driver\\a31t21x\\source\\a31t21x_gpio.c 0x00000000   Number         0  a31t21x_gpio.o ABSOLUTE
    ..\\..\\..\\..\\..\\driver\\a31t21x\\source\\a31t21x_led.c 0x00000000   Number         0  a31t21x_led.o ABSOLUTE
    ..\\..\\..\\..\\..\\driver\\a31t21x\\source\\a31t21x_pwr.c 0x00000000   Number         0  a31t21x_pwr.o ABSOLUTE
    ..\\..\\..\\..\\..\\driver\\a31t21x\\source\\a31t21x_scu.c 0x00000000   Number         0  a31t21x_scu.o ABSOLUTE
    ..\\..\\..\\..\\..\\driver\\a31t21x\\source\\a31t21x_timer.c 0x00000000   Number         0  a31t21x_timer.o ABSOLUTE
    ..\\..\\..\\..\\..\\driver\\a31t21x\\source\\a31t21x_uart.c 0x00000000   Number         0  a31t21x_uart.o ABSOLUTE
    ..\\..\\..\\..\\..\\driver\\a31t21x\\source\\a31t21x_usart1n.c 0x00000000   Number         0  a31t21x_usart1n.o ABSOLUTE
    ..\\..\\..\\..\\..\\driver\\a31t21x\\source\\a31t21x_wdt.c 0x00000000   Number         0  a31t21x_wdt.o ABSOLUTE
    ..\\..\\code_app\\a31t21x_port_init.c    0x00000000   Number         0  a31t21x_port_init.o ABSOLUTE
    ..\\..\\code_app\\a31t21x_system_setting.c 0x00000000   Number         0  a31t21x_system_setting.o ABSOLUTE
    ..\\..\\code_app\\debug.c                0x00000000   Number         0  debug.o ABSOLUTE
    ..\\..\\code_app\\i2c.c                  0x00000000   Number         0  i2c.o ABSOLUTE
    ..\\..\\code_app\\led_driver.c           0x00000000   Number         0  led_driver.o ABSOLUTE
    ..\\..\\code_app\\main.c                 0x00000000   Number         0  main.o ABSOLUTE
    ..\\..\\code_app\\register_map.c         0x00000000   Number         0  register_map.o ABSOLUTE
    ..\\..\\code_app\\touch_config.c         0x00000000   Number         0  touch_config.o ABSOLUTE
    ..\\..\\code_app\\user_function.c        0x00000000   Number         0  user_function.o ABSOLUTE
    ..\\..\\code_app\\user_timer.c           0x00000000   Number         0  user_timer.o ABSOLUTE
    ..\\..\\code_lib\\touch_lib.c            0x00000000   Number         0  touch_lib.o ABSOLUTE
    dc.s                                     0x00000000   Number         0  dc.o ABSOLUTE
    !!!main                                  0x000000c0   Section        8  __main.o(!!!main)
    !!!scatter                               0x000000c8   Section       60  __scatter.o(!!!scatter)
    !!handler_zi                             0x00000104   Section       28  __scatter_zi.o(!!handler_zi)
    .ARM.Collect$$libinit$$00000000          0x00000120   Section        2  libinit.o(.ARM.Collect$$libinit$$00000000)
    .ARM.Collect$$libinit$$00000002          0x00000122   Section        0  libinit2.o(.ARM.Collect$$libinit$$00000002)
    .ARM.Collect$$libinit$$00000004          0x00000122   Section        0  libinit2.o(.ARM.Collect$$libinit$$00000004)
    .ARM.Collect$$libinit$$0000000A          0x00000122   Section        0  libinit2.o(.ARM.Collect$$libinit$$0000000A)
    .ARM.Collect$$libinit$$0000000C          0x00000122   Section        0  libinit2.o(.ARM.Collect$$libinit$$0000000C)
    .ARM.Collect$$libinit$$0000000E          0x00000122   Section        0  libinit2.o(.ARM.Collect$$libinit$$0000000E)
    .ARM.Collect$$libinit$$00000011          0x00000122   Section        0  libinit2.o(.ARM.Collect$$libinit$$00000011)
    .ARM.Collect$$libinit$$00000013          0x00000122   Section        0  libinit2.o(.ARM.Collect$$libinit$$00000013)
    .ARM.Collect$$libinit$$00000015          0x00000122   Section        0  libinit2.o(.ARM.Collect$$libinit$$00000015)
    .ARM.Collect$$libinit$$00000017          0x00000122   Section        0  libinit2.o(.ARM.Collect$$libinit$$00000017)
    .ARM.Collect$$libinit$$00000019          0x00000122   Section        0  libinit2.o(.ARM.Collect$$libinit$$00000019)
    .ARM.Collect$$libinit$$0000001B          0x00000122   Section        0  libinit2.o(.ARM.Collect$$libinit$$0000001B)
    .ARM.Collect$$libinit$$0000001D          0x00000122   Section        0  libinit2.o(.ARM.Collect$$libinit$$0000001D)
    .ARM.Collect$$libinit$$0000001F          0x00000122   Section        0  libinit2.o(.ARM.Collect$$libinit$$0000001F)
    .ARM.Collect$$libinit$$00000021          0x00000122   Section        0  libinit2.o(.ARM.Collect$$libinit$$00000021)
    .ARM.Collect$$libinit$$00000023          0x00000122   Section        0  libinit2.o(.ARM.Collect$$libinit$$00000023)
    .ARM.Collect$$libinit$$00000025          0x00000122   Section        0  libinit2.o(.ARM.Collect$$libinit$$00000025)
    .ARM.Collect$$libinit$$0000002C          0x00000122   Section        0  libinit2.o(.ARM.Collect$$libinit$$0000002C)
    .ARM.Collect$$libinit$$0000002E          0x00000122   Section        0  libinit2.o(.ARM.Collect$$libinit$$0000002E)
    .ARM.Collect$$libinit$$00000030          0x00000122   Section        0  libinit2.o(.ARM.Collect$$libinit$$00000030)
    .ARM.Collect$$libinit$$00000032          0x00000122   Section        0  libinit2.o(.ARM.Collect$$libinit$$00000032)
    .ARM.Collect$$libinit$$00000033          0x00000122   Section        2  libinit2.o(.ARM.Collect$$libinit$$00000033)
    .ARM.Collect$$libshutdown$$00000000      0x00000124   Section        2  libshutdown.o(.ARM.Collect$$libshutdown$$00000000)
    .ARM.Collect$$libshutdown$$00000002      0x00000126   Section        0  libshutdown2.o(.ARM.Collect$$libshutdown$$00000002)
    .ARM.Collect$$libshutdown$$00000004      0x00000126   Section        0  libshutdown2.o(.ARM.Collect$$libshutdown$$00000004)
    .ARM.Collect$$libshutdown$$00000007      0x00000126   Section        0  libshutdown2.o(.ARM.Collect$$libshutdown$$00000007)
    .ARM.Collect$$libshutdown$$0000000A      0x00000126   Section        0  libshutdown2.o(.ARM.Collect$$libshutdown$$0000000A)
    .ARM.Collect$$libshutdown$$0000000C      0x00000126   Section        0  libshutdown2.o(.ARM.Collect$$libshutdown$$0000000C)
    .ARM.Collect$$libshutdown$$0000000F      0x00000126   Section        0  libshutdown2.o(.ARM.Collect$$libshutdown$$0000000F)
    .ARM.Collect$$libshutdown$$00000010      0x00000126   Section        2  libshutdown2.o(.ARM.Collect$$libshutdown$$00000010)
    .ARM.Collect$$rtentry$$00000000          0x00000128   Section        0  __rtentry.o(.ARM.Collect$$rtentry$$00000000)
    .ARM.Collect$$rtentry$$00000002          0x00000128   Section        0  __rtentry2.o(.ARM.Collect$$rtentry$$00000002)
    .ARM.Collect$$rtentry$$00000004          0x00000128   Section        6  __rtentry4.o(.ARM.Collect$$rtentry$$00000004)
    .ARM.Collect$$rtentry$$00000009          0x0000012e   Section        0  __rtentry2.o(.ARM.Collect$$rtentry$$00000009)
    .ARM.Collect$$rtentry$$0000000A          0x0000012e   Section        4  __rtentry2.o(.ARM.Collect$$rtentry$$0000000A)
    .ARM.Collect$$rtentry$$0000000C          0x00000132   Section        0  __rtentry2.o(.ARM.Collect$$rtentry$$0000000C)
    .ARM.Collect$$rtentry$$0000000D          0x00000132   Section        8  __rtentry2.o(.ARM.Collect$$rtentry$$0000000D)
    .ARM.Collect$$rtexit$$00000000           0x0000013a   Section        2  rtexit.o(.ARM.Collect$$rtexit$$00000000)
    .ARM.Collect$$rtexit$$00000002           0x0000013c   Section        0  rtexit2.o(.ARM.Collect$$rtexit$$00000002)
    .ARM.Collect$$rtexit$$00000003           0x0000013c   Section        4  rtexit2.o(.ARM.Collect$$rtexit$$00000003)
    .ARM.Collect$$rtexit$$00000004           0x00000140   Section        6  rtexit2.o(.ARM.Collect$$rtexit$$00000004)
    .emb_text                                0x00000148   Section       56  rt_memcpy.o(.emb_text)
    .text                                    0x00000180   Section        0  main.o(.text)
    SysTick_Config                           0x00000181   Thumb Code    44  main.o(.text)
    __NVIC_SetPriority                       0x0000063f   Thumb Code   110  main.o(.text)
    .text                                    0x000006b8   Section        0  a31t21x_system_setting.o(.text)
    .text                                    0x0000070c   Section        0  a31t21x_port_init.o(.text)
    .text                                    0x000007fc   Section        0  led_driver.o(.text)
    __NVIC_EnableIRQ                         0x00000e0b   Thumb Code    26  led_driver.o(.text)
    __NVIC_SetPriority                       0x00000e25   Thumb Code   110  led_driver.o(.text)
    .text                                    0x00000eb4   Section        0  user_timer.o(.text)
    UT_Check_Expire                          0x00000fb5   Thumb Code   122  user_timer.o(.text)
    .text                                    0x00001074   Section        0  user_function.o(.text)
    .text                                    0x000012d0   Section        0  touch_config.o(.text)
    __NVIC_DisableIRQ                        0x000012d1   Thumb Code    50  touch_config.o(.text)
    .text                                    0x000018d8   Section        0  a31t21x_system.o(.text)
    .text                                    0x0000192c   Section      116  a31t21x_startup_arm.o(.text)
    HardFault_Handler                        0x00001939   Thumb Code    24  a31t21x_startup_arm.o(.text)
    NULL_IRQHandler                          0x00001971   Thumb Code     2  a31t21x_startup_arm.o(.text)
    .text                                    0x000019a0   Section        0  a31t21x_dma.o(.text)
    DMA_REG                                  0x00001ae5   Thumb Code    10  a31t21x_dma.o(.text)
    .text                                    0x00001b00   Section        0  a31t21x_gpio.o(.text)
    GPIO_EmptySlot                           0x00001b01   Thumb Code    70  a31t21x_gpio.o(.text)
    GPIO_SetupIRQ                            0x00001b8f   Thumb Code   100  a31t21x_gpio.o(.text)
    GPIO_Handler                             0x00001f61   Thumb Code   108  a31t21x_gpio.o(.text)
    __NVIC_SetPriority                       0x00002001   Thumb Code   114  a31t21x_gpio.o(.text)
    GPIO_REG                                 0x00002073   Thumb Code    10  a31t21x_gpio.o(.text)
    GPIO_IRQ_NUM                             0x0000207d   Thumb Code    16  a31t21x_gpio.o(.text)
    .text                                    0x0000209c   Section        0  a31t21x_led.o(.text)
    LED_IRQHandlerC                          0x00002255   Thumb Code    68  a31t21x_led.o(.text)
    __NVIC_SetPriority                       0x000022a1   Thumb Code   110  a31t21x_led.o(.text)
    .text                                    0x00002324   Section        0  a31t21x_pwr.o(.text)
    __NVIC_SetPriority                       0x000024a1   Thumb Code   114  a31t21x_pwr.o(.text)
    .text                                    0x00002534   Section        0  a31t21x_scu.o(.text)
    SCU_FlashLatencySet                      0x00002535   Thumb Code    98  a31t21x_scu.o(.text)
    SCU_ClockEnable                          0x00002597   Thumb Code   414  a31t21x_scu.o(.text)
    __NVIC_SetPriority                       0x00002c77   Thumb Code   110  a31t21x_scu.o(.text)
    .text                                    0x00002cfc   Section        0  a31t21x_timer.o(.text)
    TIMER_REG                                0x00002cfd   Thumb Code    32  a31t21x_timer.o(.text)
    TIMER_IRQ_NUM                            0x00002d1d   Thumb Code    28  a31t21x_timer.o(.text)
    TIMER_Configure                          0x00002d39   Thumb Code   164  a31t21x_timer.o(.text)
    TIMER_IRQHandler                         0x0000333b   Thumb Code   134  a31t21x_timer.o(.text)
    __NVIC_SetPriority                       0x000033fd   Thumb Code   110  a31t21x_timer.o(.text)
    .text                                    0x00003488   Section        0  a31t21x_uart.o(.text)
    UART_Configure                           0x00003489   Thumb Code   222  a31t21x_uart.o(.text)
    UART_IRQHandler                          0x00003a5f   Thumb Code   362  a31t21x_uart.o(.text)
    __NVIC_SetPriority                       0x00003bdd   Thumb Code   110  a31t21x_uart.o(.text)
    UART_REG                                 0x00003c4b   Thumb Code    10  a31t21x_uart.o(.text)
    UART_IRQ_NUM                             0x00003c55   Thumb Code    10  a31t21x_uart.o(.text)
    .text                                    0x00003c74   Section        0  a31t21x_usart1n.o(.text)
    USART_Configure                          0x00003c75   Thumb Code   786  a31t21x_usart1n.o(.text)
    USART_IRQHandler                         0x00004597   Thumb Code   776  a31t21x_usart1n.o(.text)
    __NVIC_SetPriority                       0x000048b3   Thumb Code   110  a31t21x_usart1n.o(.text)
    USART_REG                                0x00004921   Thumb Code    10  a31t21x_usart1n.o(.text)
    USART_IRQ_NUM                            0x0000492b   Thumb Code    18  a31t21x_usart1n.o(.text)
    USART_StatusCheck                        0x0000493d   Thumb Code     8  a31t21x_usart1n.o(.text)
    .text                                    0x00004950   Section        0  a31t21x_wdt.o(.text)
    WDT_Configure                            0x00004951   Thumb Code   238  a31t21x_wdt.o(.text)
    __NVIC_SetPriority                       0x00004c1b   Thumb Code   110  a31t21x_wdt.o(.text)
    .text                                    0x00004cb8   Section        0  touch_lib.o(.text)
    .text                                    0x00006340   Section        0  rt_memclr.o(.text)
    .text                                    0x00006380   Section      346  aeabi_sdiv.o(.text)
    .text                                    0x000064da   Section        0  heapauxi.o(.text)
    .text                                    0x000064e0   Section       62  sys_stackheap_outer.o(.text)
    .text                                    0x0000651e   Section        0  exit.o(.text)
    .text                                    0x00006530   Section        8  libspace.o(.text)
    .text                                    0x00006538   Section        0  sys_exit.o(.text)
    .text                                    0x00006544   Section        2  use_no_semi.o(.text)
    .text                                    0x00006546   Section        0  indicate_semi.o(.text)
    .text                                    0x00006546   Section        0  __dczerorl2.o(.text)
    i.__ARM_common_switch8                   0x0000659c   Section        0  main.o(i.__ARM_common_switch8)
    .constdata                               0x000065b8   Section       72  main.o(.constdata)
    .constdata                               0x00006600   Section      480  led_driver.o(.constdata)
    .constdata                               0x000067e0   Section        3  a31t21x_uart.o(.constdata)
    .constdata                               0x000067e4   Section        3  a31t21x_usart1n.o(.constdata)
    .data                                    0x20000000   Section        2  main.o(.data)
    .data                                    0x20000004   Section       21  led_driver.o(.data)
    state                                    0x20000018   Data           1  led_driver.o(.data)
    .data                                    0x2000001c   Section       20  user_timer.o(.data)
    ut_set_flag                              0x2000001c   Data           2  user_timer.o(.data)
    ut_expire_flag                           0x2000001e   Data           2  user_timer.o(.data)
    ut_init_delay_timer                      0x20000020   Data           4  user_timer.o(.data)
    ut_reverse_timer                         0x20000024   Data           4  user_timer.o(.data)
    ut_base_update_timer                     0x20000028   Data           4  user_timer.o(.data)
    ut_hold_key_timer                        0x2000002c   Data           4  user_timer.o(.data)
    .data                                    0x20000030   Section       48  user_function.o(.data)
    .data                                    0x20000060   Section     1532  touch_config.o(.data)
    .data                                    0x2000065c   Section       12  a31t21x_system.o(.data)
    .data                                    0x20000668   Section        5  a31t21x_dma.o(.data)
    g_dma_ref_count                          0x20000668   Data           1  a31t21x_dma.o(.data)
    g_dma_setup                              0x20000669   Data           4  a31t21x_dma.o(.data)
    .data                                    0x2000066d   Section        6  a31t21x_gpio.o(.data)
    gpio_irq_setup                           0x2000066d   Data           6  a31t21x_gpio.o(.data)
    .data                                    0x20000674   Section        8  a31t21x_led.o(.data)
    g_lcb                                    0x20000674   Data           8  a31t21x_led.o(.data)
    .data                                    0x2000067c   Section        8  a31t21x_pwr.o(.data)
    g_pcb                                    0x2000067c   Data           8  a31t21x_pwr.o(.data)
    .data                                    0x20000684   Section        1  a31t21x_wdt.o(.data)
    gu8ReloadCount                           0x20000684   Data           1  a31t21x_wdt.o(.data)
    .data                                    0x20000688   Section       12  touch_lib.o(.data)
    .bss                                     0x20000694   Section       50  user_function.o(.bss)
    .bss                                     0x200006c8   Section      394  touch_config.o(.bss)
    .bss                                     0x20000854   Section       48  a31t21x_gpio.o(.bss)
    g_gcb                                    0x20000854   Data          48  a31t21x_gpio.o(.bss)
    .bss                                     0x20000884   Section       28  a31t21x_scu.o(.bss)
    g_scb                                    0x20000884   Data          28  a31t21x_scu.o(.bss)
    .bss                                     0x200008a0   Section       72  a31t21x_timer.o(.bss)
    g_tcb                                    0x200008a0   Data          72  a31t21x_timer.o(.bss)
    .bss                                     0x200008e8   Section       80  a31t21x_uart.o(.bss)
    g_ucb                                    0x200008e8   Data          80  a31t21x_uart.o(.bss)
    .bss                                     0x20000938   Section       80  a31t21x_usart1n.o(.bss)
    g_ucb                                    0x20000938   Data          80  a31t21x_usart1n.o(.bss)
    .bss                                     0x20000988   Section       16  a31t21x_wdt.o(.bss)
    g_wcb                                    0x20000988   Data          16  a31t21x_wdt.o(.bss)
    .bss                                     0x20000998   Section      306  touch_lib.o(.bss)
    .bss                                     0x20000acc   Section       96  libspace.o(.bss)
    HEAP                                     0x20000b30   Section     1024  a31t21x_startup_arm.o(HEAP)
    Heap_Mem                                 0x20000b30   Data        1024  a31t21x_startup_arm.o(HEAP)
    STACK                                    0x20000f30   Section     1024  a31t21x_startup_arm.o(STACK)
    Stack_Mem                                0x20000f30   Data        1024  a31t21x_startup_arm.o(STACK)
    __initial_sp                             0x20001330   Data           0  a31t21x_startup_arm.o(STACK)

    Global Symbols

    Symbol Name                              Value     Ov Type        Size  Object(Section)

    BuildAttributes$$THM_ISAv3M$S$PE$A:L22$X:L11$S22$IEEE1$IW$USESV6$~STKCKD$USESV7$~SHL$OSPACE$ROPI$EBA8$UX$STANDARDLIB$REQ8$PRES8$EABIv2 0x00000000   Number         0  anon$$obj.o ABSOLUTE
    __ARM_use_no_argv                        0x00000000   Number         0  main.o ABSOLUTE
    __Vectors                                0x00000000   Data           4  a31t21x_startup_arm.o(RESET)
    __ARM_exceptions_init                     - Undefined Weak Reference
    __alloca_initialize                       - Undefined Weak Reference
    __arm_preinit_                            - Undefined Weak Reference
    __cpp_initialize__aeabi_                  - Undefined Weak Reference
    __cxa_finalize                            - Undefined Weak Reference
    __rt_locale                               - Undefined Weak Reference
    __sigvec_lookup                           - Undefined Weak Reference
    _atexit_init                              - Undefined Weak Reference
    _call_atexit_fns                          - Undefined Weak Reference
    _clock_init                               - Undefined Weak Reference
    _fp_trap_init                             - Undefined Weak Reference
    _fp_trap_shutdown                         - Undefined Weak Reference
    _get_lc_collate                           - Undefined Weak Reference
    _get_lc_ctype                             - Undefined Weak Reference
    _get_lc_monetary                          - Undefined Weak Reference
    _get_lc_numeric                           - Undefined Weak Reference
    _get_lc_time                              - Undefined Weak Reference
    _getenv_init                              - Undefined Weak Reference
    _handle_redirection                       - Undefined Weak Reference
    _init_alloc                               - Undefined Weak Reference
    _init_user_alloc                          - Undefined Weak Reference
    _initio                                   - Undefined Weak Reference
    _rand_init                                - Undefined Weak Reference
    _signal_finish                            - Undefined Weak Reference
    _signal_init                              - Undefined Weak Reference
    _terminate_alloc                          - Undefined Weak Reference
    _terminate_user_alloc                     - Undefined Weak Reference
    _terminateio                              - Undefined Weak Reference
    __Vectors_End                            0x000000c0   Data           0  a31t21x_startup_arm.o(RESET)
    __Vectors_Size                           0x000000c0   Number         0  a31t21x_startup_arm.o ABSOLUTE
    __main                                   0x000000c1   Thumb Code     8  __main.o(!!!main)
    __scatterload                            0x000000c9   Thumb Code     0  __scatter.o(!!!scatter)
    __scatterload_rt2                        0x000000c9   Thumb Code    52  __scatter.o(!!!scatter)
    __scatterload_rt2_thumb_only             0x000000c9   Thumb Code     0  __scatter.o(!!!scatter)
    __scatterload_null                       0x000000d9   Thumb Code     0  __scatter.o(!!!scatter)
    __scatterload_zeroinit                   0x00000105   Thumb Code    28  __scatter_zi.o(!!handler_zi)
    __rt_lib_init                            0x00000121   Thumb Code     0  libinit.o(.ARM.Collect$$libinit$$00000000)
    __rt_lib_init_alloca_1                   0x00000123   Thumb Code     0  libinit2.o(.ARM.Collect$$libinit$$0000002E)
    __rt_lib_init_argv_1                     0x00000123   Thumb Code     0  libinit2.o(.ARM.Collect$$libinit$$0000002C)
    __rt_lib_init_atexit_1                   0x00000123   Thumb Code     0  libinit2.o(.ARM.Collect$$libinit$$0000001B)
    __rt_lib_init_clock_1                    0x00000123   Thumb Code     0  libinit2.o(.ARM.Collect$$libinit$$00000021)
    __rt_lib_init_cpp_1                      0x00000123   Thumb Code     0  libinit2.o(.ARM.Collect$$libinit$$00000032)
    __rt_lib_init_exceptions_1               0x00000123   Thumb Code     0  libinit2.o(.ARM.Collect$$libinit$$00000030)
    __rt_lib_init_fp_1                       0x00000123   Thumb Code     0  libinit2.o(.ARM.Collect$$libinit$$00000002)
    __rt_lib_init_fp_trap_1                  0x00000123   Thumb Code     0  libinit2.o(.ARM.Collect$$libinit$$0000001F)
    __rt_lib_init_getenv_1                   0x00000123   Thumb Code     0  libinit2.o(.ARM.Collect$$libinit$$00000023)
    __rt_lib_init_heap_1                     0x00000123   Thumb Code     0  libinit2.o(.ARM.Collect$$libinit$$0000000A)
    __rt_lib_init_lc_collate_1               0x00000123   Thumb Code     0  libinit2.o(.ARM.Collect$$libinit$$00000011)
    __rt_lib_init_lc_ctype_1                 0x00000123   Thumb Code     0  libinit2.o(.ARM.Collect$$libinit$$00000013)
    __rt_lib_init_lc_monetary_1              0x00000123   Thumb Code     0  libinit2.o(.ARM.Collect$$libinit$$00000015)
    __rt_lib_init_lc_numeric_1               0x00000123   Thumb Code     0  libinit2.o(.ARM.Collect$$libinit$$00000017)
    __rt_lib_init_lc_time_1                  0x00000123   Thumb Code     0  libinit2.o(.ARM.Collect$$libinit$$00000019)
    __rt_lib_init_preinit_1                  0x00000123   Thumb Code     0  libinit2.o(.ARM.Collect$$libinit$$00000004)
    __rt_lib_init_rand_1                     0x00000123   Thumb Code     0  libinit2.o(.ARM.Collect$$libinit$$0000000E)
    __rt_lib_init_return                     0x00000123   Thumb Code     0  libinit2.o(.ARM.Collect$$libinit$$00000033)
    __rt_lib_init_signal_1                   0x00000123   Thumb Code     0  libinit2.o(.ARM.Collect$$libinit$$0000001D)
    __rt_lib_init_stdio_1                    0x00000123   Thumb Code     0  libinit2.o(.ARM.Collect$$libinit$$00000025)
    __rt_lib_init_user_alloc_1               0x00000123   Thumb Code     0  libinit2.o(.ARM.Collect$$libinit$$0000000C)
    __rt_lib_shutdown                        0x00000125   Thumb Code     0  libshutdown.o(.ARM.Collect$$libshutdown$$00000000)
    __rt_lib_shutdown_cpp_1                  0x00000127   Thumb Code     0  libshutdown2.o(.ARM.Collect$$libshutdown$$00000002)
    __rt_lib_shutdown_fp_trap_1              0x00000127   Thumb Code     0  libshutdown2.o(.ARM.Collect$$libshutdown$$00000007)
    __rt_lib_shutdown_heap_1                 0x00000127   Thumb Code     0  libshutdown2.o(.ARM.Collect$$libshutdown$$0000000F)
    __rt_lib_shutdown_return                 0x00000127   Thumb Code     0  libshutdown2.o(.ARM.Collect$$libshutdown$$00000010)
    __rt_lib_shutdown_signal_1               0x00000127   Thumb Code     0  libshutdown2.o(.ARM.Collect$$libshutdown$$0000000A)
    __rt_lib_shutdown_stdio_1                0x00000127   Thumb Code     0  libshutdown2.o(.ARM.Collect$$libshutdown$$00000004)
    __rt_lib_shutdown_user_alloc_1           0x00000127   Thumb Code     0  libshutdown2.o(.ARM.Collect$$libshutdown$$0000000C)
    __rt_entry                               0x00000129   Thumb Code     0  __rtentry.o(.ARM.Collect$$rtentry$$00000000)
    __rt_entry_presh_1                       0x00000129   Thumb Code     0  __rtentry2.o(.ARM.Collect$$rtentry$$00000002)
    __rt_entry_sh                            0x00000129   Thumb Code     0  __rtentry4.o(.ARM.Collect$$rtentry$$00000004)
    __rt_entry_li                            0x0000012f   Thumb Code     0  __rtentry2.o(.ARM.Collect$$rtentry$$0000000A)
    __rt_entry_postsh_1                      0x0000012f   Thumb Code     0  __rtentry2.o(.ARM.Collect$$rtentry$$00000009)
    __rt_entry_main                          0x00000133   Thumb Code     0  __rtentry2.o(.ARM.Collect$$rtentry$$0000000D)
    __rt_entry_postli_1                      0x00000133   Thumb Code     0  __rtentry2.o(.ARM.Collect$$rtentry$$0000000C)
    __rt_exit                                0x0000013b   Thumb Code     0  rtexit.o(.ARM.Collect$$rtexit$$00000000)
    __rt_exit_ls                             0x0000013d   Thumb Code     0  rtexit2.o(.ARM.Collect$$rtexit$$00000003)
    __rt_exit_prels_1                        0x0000013d   Thumb Code     0  rtexit2.o(.ARM.Collect$$rtexit$$00000002)
    __rt_exit_exit                           0x00000141   Thumb Code     0  rtexit2.o(.ARM.Collect$$rtexit$$00000004)
    __aeabi_memcpy4                          0x00000149   Thumb Code    56  rt_memcpy.o(.emb_text)
    __aeabi_memcpy8                          0x00000149   Thumb Code     0  rt_memcpy.o(.emb_text)
    SysTick_Configure                        0x000001ad   Thumb Code    22  main.o(.text)
    Change_SysClock                          0x000001c3   Thumb Code   124  main.o(.text)
    ledM                                     0x0000023f   Thumb Code   146  main.o(.text)
    ledT                                     0x000002d1   Thumb Code   140  main.o(.text)
    init                                     0x0000035d   Thumb Code   186  main.o(.text)
    main                                     0x00000417   Thumb Code   552  main.o(.text)
    System_Setting_Config                    0x000006b9   Thumb Code    76  a31t21x_system_setting.o(.text)
    Port_Init                                0x0000070d   Thumb Code     8  a31t21x_port_init.o(.text)
    Port_Configure_CLKO                      0x00000715   Thumb Code    30  a31t21x_port_init.o(.text)
    Port_Configure_I2C                       0x00000733   Thumb Code   136  a31t21x_port_init.o(.text)
    Port_Configure_UART                      0x000007bb   Thumb Code    64  a31t21x_port_init.o(.text)
    app_led_irq_handler                      0x000007fd   Thumb Code   232  led_driver.o(.text)
    led_RenewData                            0x000008e5   Thumb Code   248  led_driver.o(.text)
    LED_Set_Actv_Time                        0x000009dd   Thumb Code   134  led_driver.o(.text)
    LED_Set_Current                          0x00000a63   Thumb Code    40  led_driver.o(.text)
    LED_Init_IO                              0x00000a8b   Thumb Code   288  led_driver.o(.text)
    LED_Init_Reg                             0x00000bab   Thumb Code   516  led_driver.o(.text)
    LED_Do_Task                              0x00000daf   Thumb Code    92  led_driver.o(.text)
    UT_Run_Timer                             0x00000eb5   Thumb Code    28  user_timer.o(.text)
    SysTick_Handler                          0x00000ed1   Thumb Code    74  user_timer.o(.text)
    UT_Set_Timer                             0x00000f1b   Thumb Code    70  user_timer.o(.text)
    UT_Get_Status                            0x00000f61   Thumb Code     6  user_timer.o(.text)
    UT_Clear_Timer                           0x00000f67   Thumb Code    78  user_timer.o(.text)
    UT_Is_Expired                            0x0000102f   Thumb Code    44  user_timer.o(.text)
    Touch_Freq_Sel                           0x00001075   Thumb Code   380  user_function.o(.text)
    Touch_Key_Scenario                       0x000011f1   Thumb Code   216  user_function.o(.text)
    Library_Data_Assign                      0x00001303   Thumb Code   160  touch_config.o(.text)
    Set_Touch_Config                         0x000013a3   Thumb Code   486  touch_config.o(.text)
    Init_Touch                               0x00001589   Thumb Code   122  touch_config.o(.text)
    TOUCH_IRQHandler                         0x00001603   Thumb Code   714  touch_config.o(.text)
    SystemInit                               0x000018d9   Thumb Code    38  a31t21x_system.o(.text)
    SystemDelay                              0x000018ff   Thumb Code    20  a31t21x_system.o(.text)
    Reset_Handler                            0x0000192d   Thumb Code     8  a31t21x_startup_arm.o(.text)
    NMI_Handler                              0x00001935   Thumb Code     2  a31t21x_startup_arm.o(.text)
    HardFault_HandlerC                       0x00001937   Thumb Code     2  a31t21x_startup_arm.o(.text)
    SVC_Handler                              0x00001951   Thumb Code     2  a31t21x_startup_arm.o(.text)
    PendSV_Handler                           0x00001953   Thumb Code     2  a31t21x_startup_arm.o(.text)
    WDT_IRQHandler                           0x00001959   Thumb Code    24  a31t21x_startup_arm.o(.text)
    ADC_IRQHandler                           0x00001971   Thumb Code     0  a31t21x_startup_arm.o(.text)
    CRC_IRQHandler                           0x00001971   Thumb Code     0  a31t21x_startup_arm.o(.text)
    I2C0_IRQHandler                          0x00001971   Thumb Code     0  a31t21x_startup_arm.o(.text)
    I2C1_IRQHandler                          0x00001971   Thumb Code     0  a31t21x_startup_arm.o(.text)
    SPI20_IRQHandler                         0x00001971   Thumb Code     0  a31t21x_startup_arm.o(.text)
    SPI21_IRQHandler                         0x00001971   Thumb Code     0  a31t21x_startup_arm.o(.text)
    TIMER30_IRQHandler                       0x00001971   Thumb Code     0  a31t21x_startup_arm.o(.text)
    TSENSE_IRQHandler                        0x00001971   Thumb Code     0  a31t21x_startup_arm.o(.text)
    WT_IRQHandler                            0x00001971   Thumb Code     0  a31t21x_startup_arm.o(.text)
    __user_initial_stackheap                 0x00001975   Thumb Code     0  a31t21x_startup_arm.o(.text)
    HAL_DMA_Init                             0x000019a1   Thumb Code    86  a31t21x_dma.o(.text)
    HAL_DMA_Deinit                           0x000019f7   Thumb Code    60  a31t21x_dma.o(.text)
    HAL_DMA_Setup                            0x00001a33   Thumb Code    74  a31t21x_dma.o(.text)
    HAL_DMA_Clear                            0x00001a7d   Thumb Code    10  a31t21x_dma.o(.text)
    HAL_DMA_Start                            0x00001a87   Thumb Code    70  a31t21x_dma.o(.text)
    HAL_DMA_Stop                             0x00001acd   Thumb Code    24  a31t21x_dma.o(.text)
    HAL_GPIO_SetIRQHandler                   0x00001b47   Thumb Code    72  a31t21x_gpio.o(.text)
    HAL_GPIO_Init                            0x00001bf3   Thumb Code   148  a31t21x_gpio.o(.text)
    HAL_GPIO_SetMode                         0x00001c87   Thumb Code    42  a31t21x_gpio.o(.text)
    HAL_GPIO_SetFunction                     0x00001cb1   Thumb Code    74  a31t21x_gpio.o(.text)
    HAL_GPIO_SetOutput                       0x00001cfb   Thumb Code    38  a31t21x_gpio.o(.text)
    HAL_GPIO_SetPull                         0x00001d21   Thumb Code    42  a31t21x_gpio.o(.text)
    HAL_GPIO_SetDebounce                     0x00001d4b   Thumb Code    42  a31t21x_gpio.o(.text)
    HAL_GPIO_SetDebounceClock                0x00001d75   Thumb Code    80  a31t21x_gpio.o(.text)
    HAL_GPIO_SetPin                          0x00001dc5   Thumb Code    24  a31t21x_gpio.o(.text)
    HAL_GPIO_ClearPin                        0x00001ddd   Thumb Code    24  a31t21x_gpio.o(.text)
    HAL_GPIO_ReadPin                         0x00001df5   Thumb Code    44  a31t21x_gpio.o(.text)
    HAL_GPIO_WritePort                       0x00001e21   Thumb Code    20  a31t21x_gpio.o(.text)
    HAL_GPIO_ReadPort                        0x00001e35   Thumb Code    22  a31t21x_gpio.o(.text)
    HAL_GPIO_EnableIRQ                       0x00001e4b   Thumb Code    96  a31t21x_gpio.o(.text)
    HAL_GPIO_DisableIRQ                      0x00001eab   Thumb Code   182  a31t21x_gpio.o(.text)
    GPIOAB_IRQHandler                        0x00001fcd   Thumb Code    16  a31t21x_gpio.o(.text)
    GPIOCD_IRQHandler                        0x00001fdd   Thumb Code    16  a31t21x_gpio.o(.text)
    GPIOE_IRQHandler                         0x00001fed   Thumb Code    10  a31t21x_gpio.o(.text)
    GPIOF_IRQHandler                         0x00001ff7   Thumb Code    10  a31t21x_gpio.o(.text)
    HAL_LED_Init                             0x0000209d   Thumb Code   320  a31t21x_led.o(.text)
    HAL_LED_DISP_ON                          0x000021dd   Thumb Code    16  a31t21x_led.o(.text)
    HAL_LED_DISP_OFF                         0x000021ed   Thumb Code    16  a31t21x_led.o(.text)
    HAL_LED_SetClock                         0x000021fd   Thumb Code    88  a31t21x_led.o(.text)
    LED_IRQHandler                           0x00002299   Thumb Code     8  a31t21x_led.o(.text)
    HAL_LVR_Deinit                           0x00002325   Thumb Code    24  a31t21x_pwr.o(.text)
    PWR_SYSTEM_Configure                     0x0000233d   Thumb Code    96  a31t21x_pwr.o(.text)
    HAL_LVI_Init                             0x0000239d   Thumb Code    72  a31t21x_pwr.o(.text)
    HAL_LVI_Deinit                           0x000023e5   Thumb Code    70  a31t21x_pwr.o(.text)
    HAL_LVR_Init                             0x0000242b   Thumb Code    24  a31t21x_pwr.o(.text)
    HAL_PWR_EnterSleepMode                   0x00002443   Thumb Code    34  a31t21x_pwr.o(.text)
    HAL_PWR_EnterDeepSleepMode               0x00002465   Thumb Code    34  a31t21x_pwr.o(.text)
    LVI_IRQHandler                           0x00002487   Thumb Code    26  a31t21x_pwr.o(.text)
    HAL_SCU_UpdateMainClock                  0x00002735   Thumb Code    76  a31t21x_scu.o(.text)
    HAL_SCU_SetPLLConfig                     0x00002781   Thumb Code   278  a31t21x_scu.o(.text)
    HAL_SCU_EnableClock                      0x00002897   Thumb Code   116  a31t21x_scu.o(.text)
    HAL_SCU_DisableClock                     0x0000290b   Thumb Code   150  a31t21x_scu.o(.text)
    HAL_SCU_EnableClockMonitor               0x000029a1   Thumb Code   148  a31t21x_scu.o(.text)
    HAL_SCU_DisableClockMonitor              0x00002a35   Thumb Code   130  a31t21x_scu.o(.text)
    HAL_SCU_EnableClockOut                   0x00002ab7   Thumb Code    28  a31t21x_scu.o(.text)
    HAL_SCU_DisableClockOut                  0x00002ad3   Thumb Code    16  a31t21x_scu.o(.text)
    HAL_SCU_EnableWakeupSource               0x00002ae3   Thumb Code    20  a31t21x_scu.o(.text)
    HAL_SCU_DisableWakeupSource              0x00002af7   Thumb Code    20  a31t21x_scu.o(.text)
    HAL_SCU_EnableResetSource                0x00002b0b   Thumb Code    20  a31t21x_scu.o(.text)
    HAL_SCU_DisableResetSource               0x00002b1f   Thumb Code    20  a31t21x_scu.o(.text)
    HAL_SCU_GetResetReason                   0x00002b33   Thumb Code    14  a31t21x_scu.o(.text)
    HAL_SCU_GetWakeupReason                  0x00002b41   Thumb Code    14  a31t21x_scu.o(.text)
    HAL_SCU_Timer1n_ClockConfig              0x00002b4f   Thumb Code    28  a31t21x_scu.o(.text)
    HAL_SCU_Timer20_ClockConfig              0x00002b6b   Thumb Code    28  a31t21x_scu.o(.text)
    HAL_SCU_Timer30_ClockConfig              0x00002b87   Thumb Code    28  a31t21x_scu.o(.text)
    HAL_SCU_LED_ClockConfig                  0x00002ba3   Thumb Code    28  a31t21x_scu.o(.text)
    HAL_SCU_WT_ClockConfig                   0x00002bbf   Thumb Code    30  a31t21x_scu.o(.text)
    HAL_SCU_WDT_ClockConfig                  0x00002bdd   Thumb Code    28  a31t21x_scu.o(.text)
    HAL_SCU_LCD_ClockConfig                  0x00002bf9   Thumb Code    28  a31t21x_scu.o(.text)
    SYSCLKFAIL_IRQHandler                    0x00002c15   Thumb Code    98  a31t21x_scu.o(.text)
    HAL_TIMER_Deinit                         0x00002ddd   Thumb Code   254  a31t21x_timer.o(.text)
    HAL_TIMER_Init                           0x00002edb   Thumb Code   482  a31t21x_timer.o(.text)
    HAL_TIMER_GetStatus                      0x000030bd   Thumb Code    26  a31t21x_timer.o(.text)
    HAL_TIMER_Start                          0x000030d7   Thumb Code    62  a31t21x_timer.o(.text)
    HAL_TIMER_StartPWM                       0x00003115   Thumb Code    98  a31t21x_timer.o(.text)
    HAL_TIMER_StartCapture                   0x00003177   Thumb Code    52  a31t21x_timer.o(.text)
    HAL_TIMER_Stop                           0x000031ab   Thumb Code    26  a31t21x_timer.o(.text)
    HAL_TIMER_GetCount                       0x000031c5   Thumb Code    22  a31t21x_timer.o(.text)
    HAL_TIMER_ClearCount                     0x000031db   Thumb Code    20  a31t21x_timer.o(.text)
    HAL_TIMER_GetCaptureCount                0x000031ef   Thumb Code    36  a31t21x_timer.o(.text)
    HAL_TIMER_SetClock                       0x00003213   Thumb Code   204  a31t21x_timer.o(.text)
    HAL_TIMER_SetIRQ                         0x000032df   Thumb Code    92  a31t21x_timer.o(.text)
    TIMER10_IRQHandler                       0x000033c1   Thumb Code    10  a31t21x_timer.o(.text)
    TIMER11_IRQHandler                       0x000033cb   Thumb Code    10  a31t21x_timer.o(.text)
    TIMER12_IRQHandler                       0x000033d5   Thumb Code    10  a31t21x_timer.o(.text)
    TIMER13_IRQHandler                       0x000033df   Thumb Code    10  a31t21x_timer.o(.text)
    TIMER20_IRQHandler                       0x000033e9   Thumb Code    10  a31t21x_timer.o(.text)
    TIMER21_IRQHandler                       0x000033f3   Thumb Code    10  a31t21x_timer.o(.text)
    HAL_UART_Deinit                          0x00003567   Thumb Code   128  a31t21x_uart.o(.text)
    HAL_UART_Init                            0x000035e7   Thumb Code   304  a31t21x_uart.o(.text)
    HAL_UART_Transmit                        0x00003717   Thumb Code   210  a31t21x_uart.o(.text)
    HAL_UART_Receive                         0x000037e9   Thumb Code   238  a31t21x_uart.o(.text)
    HAL_UART_Abort                           0x000038d7   Thumb Code    82  a31t21x_uart.o(.text)
    HAL_UART_SetTransmitDMA                  0x00003929   Thumb Code    70  a31t21x_uart.o(.text)
    HAL_UART_SetReceiveDMA                   0x0000396f   Thumb Code    72  a31t21x_uart.o(.text)
    HAL_UART_GetBusyStatus                   0x000039b7   Thumb Code    38  a31t21x_uart.o(.text)
    HAL_UART_GetLineStatus                   0x000039dd   Thumb Code    26  a31t21x_uart.o(.text)
    HAL_UART_SetIFDelay                      0x000039f7   Thumb Code    20  a31t21x_uart.o(.text)
    HAL_UART_SetIRQ                          0x00003a0b   Thumb Code    84  a31t21x_uart.o(.text)
    UART0_IRQHandler                         0x00003bc9   Thumb Code    10  a31t21x_uart.o(.text)
    UART1_IRQHandler                         0x00003bd3   Thumb Code    10  a31t21x_uart.o(.text)
    HAL_USART_Deinit                         0x00003f87   Thumb Code   128  a31t21x_usart1n.o(.text)
    HAL_USART_Init                           0x00004007   Thumb Code   268  a31t21x_usart1n.o(.text)
    HAL_USART_Transfer                       0x00004113   Thumb Code   500  a31t21x_usart1n.o(.text)
    HAL_USART_Transmit                       0x00004307   Thumb Code   184  a31t21x_usart1n.o(.text)
    HAL_USART_Receive                        0x000043bf   Thumb Code   190  a31t21x_usart1n.o(.text)
    HAL_USART_SetTransmitDMA                 0x0000447d   Thumb Code    70  a31t21x_usart1n.o(.text)
    HAL_USART_SetReceiveDMA                  0x000044c3   Thumb Code    72  a31t21x_usart1n.o(.text)
    HAL_USART_GetBusyStatus                  0x0000450b   Thumb Code    38  a31t21x_usart1n.o(.text)
    HAL_USART_GetLineStatus                  0x00004531   Thumb Code    22  a31t21x_usart1n.o(.text)
    HAL_USART_SetIRQ                         0x00004547   Thumb Code    80  a31t21x_usart1n.o(.text)
    USART10_IRQHandler                       0x0000489f   Thumb Code    10  a31t21x_usart1n.o(.text)
    USART11_IRQHandler                       0x000048a9   Thumb Code    10  a31t21x_usart1n.o(.text)
    HAL_WDT_Init                             0x00004a3f   Thumb Code    32  a31t21x_wdt.o(.text)
    HAL_WDT_Deinit                           0x00004a5f   Thumb Code    76  a31t21x_wdt.o(.text)
    HAL_WDT_Start                            0x00004aab   Thumb Code   110  a31t21x_wdt.o(.text)
    HAL_WDT_Stop                             0x00004b19   Thumb Code    28  a31t21x_wdt.o(.text)
    HAL_WDT_Feed                             0x00004b35   Thumb Code    48  a31t21x_wdt.o(.text)
    HAL_WDT_GetCounter                       0x00004b65   Thumb Code    12  a31t21x_wdt.o(.text)
    HAL_WDT_ClearStatus                      0x00004b71   Thumb Code    36  a31t21x_wdt.o(.text)
    HAL_WDT_SetClock                         0x00004b95   Thumb Code    74  a31t21x_wdt.o(.text)
    WDT_IRQHandlerC                          0x00004bdf   Thumb Code    60  a31t21x_wdt.o(.text)
    WDT_kick_touch                           0x00004cb9   Thumb Code     8  touch_lib.o(.text)
    Set_TS_IO                                0x00004cc1   Thumb Code  1128  touch_lib.o(.text)
    Touch_Set_Shield                         0x00005129   Thumb Code   102  touch_lib.o(.text)
    Touch_Init_Variable                      0x0000518f   Thumb Code   200  touch_lib.o(.text)
    Touch_Init_Register                      0x00005257   Thumb Code   212  touch_lib.o(.text)
    Touch_Get_Single_CH                      0x0000532b   Thumb Code   128  touch_lib.o(.text)
    Touch_Start_Touch                        0x000053ab   Thumb Code   118  touch_lib.o(.text)
    Touch_Config_Mode                        0x00005421   Thumb Code   964  touch_lib.o(.text)
    Touch_Init_Base                          0x000057e5   Thumb Code   326  touch_lib.o(.text)
    Touch_Update_Base                        0x0000592b   Thumb Code   580  touch_lib.o(.text)
    Touch_Ref_Compen                         0x00005b6f   Thumb Code   350  touch_lib.o(.text)
    Touch_Make_Data                          0x00005ccd   Thumb Code   202  touch_lib.o(.text)
    Touch_Disicion_Key                       0x00005d97   Thumb Code   602  touch_lib.o(.text)
    Touch_Do_Task                            0x00005ff1   Thumb Code   828  touch_lib.o(.text)
    _memset_w                                0x00006341   Thumb Code    26  rt_memclr.o(.text)
    _memset                                  0x0000635b   Thumb Code    30  rt_memclr.o(.text)
    __aeabi_memclr                           0x00006379   Thumb Code     4  rt_memclr.o(.text)
    __rt_memclr                              0x00006379   Thumb Code     0  rt_memclr.o(.text)
    __aeabi_memclr4                          0x0000637d   Thumb Code     0  rt_memclr.o(.text)
    __aeabi_memclr8                          0x0000637d   Thumb Code     0  rt_memclr.o(.text)
    __rt_memclr_w                            0x0000637d   Thumb Code     4  rt_memclr.o(.text)
    __aeabi_uidiv                            0x00006381   Thumb Code     0  aeabi_sdiv.o(.text)
    __aeabi_uidivmod                         0x00006381   Thumb Code    20  aeabi_sdiv.o(.text)
    __aeabi_idiv                             0x00006395   Thumb Code     0  aeabi_sdiv.o(.text)
    __aeabi_idivmod                          0x00006395   Thumb Code   326  aeabi_sdiv.o(.text)
    __use_two_region_memory                  0x000064db   Thumb Code     2  heapauxi.o(.text)
    __rt_heap_escrow$2region                 0x000064dd   Thumb Code     2  heapauxi.o(.text)
    __rt_heap_expand$2region                 0x000064df   Thumb Code     2  heapauxi.o(.text)
    __user_setup_stackheap                   0x000064e1   Thumb Code    62  sys_stackheap_outer.o(.text)
    exit                                     0x0000651f   Thumb Code    16  exit.o(.text)
    __user_libspace                          0x00006531   Thumb Code     8  libspace.o(.text)
    __user_perproc_libspace                  0x00006531   Thumb Code     0  libspace.o(.text)
    __user_perthread_libspace                0x00006531   Thumb Code     0  libspace.o(.text)
    _sys_exit                                0x00006539   Thumb Code     8  sys_exit.o(.text)
    __I$use$semihosting                      0x00006545   Thumb Code     0  use_no_semi.o(.text)
    __use_no_semihosting_swi                 0x00006545   Thumb Code     2  use_no_semi.o(.text)
    __decompress                             0x00006547   Thumb Code     0  __dczerorl2.o(.text)
    __decompress1                            0x00006547   Thumb Code    86  __dczerorl2.o(.text)
    __semihosting_library_function           0x00006547   Thumb Code     0  indicate_semi.o(.text)
    __ARM_common_switch8                     0x0000659d   Thumb Code    28  main.o(i.__ARM_common_switch8)
    coDigit_0                                0x000065b8   Data          72  main.o(.constdata)
    coT4Digit                                0x00006600   Data         320  led_driver.o(.constdata)
    coDigit                                  0x00006740   Data          72  led_driver.o(.constdata)
    DIGIT_HEX                                0x00006788   Data          64  led_driver.o(.constdata)
    Region$$Table$$Base                      0x000067e8   Number         0  anon$$obj.o(Region$$Table)
    Region$$Table$$Limit                     0x00006808   Number         0  anon$$obj.o(Region$$Table)
    t_sysbit                                 0x20000000   Data           2  main.o(.data)
    led                                      0x20000004   Data           8  led_driver.o(.data)
    t_led                                    0x2000000c   Data           8  led_driver.o(.data)
    fpRenewLED                               0x20000014   Data           4  led_driver.o(.data)
    big_diff_thd                             0x20000030   Data          48  user_function.o(.data)
    TS_COM_CFG                               0x20000060   Data          76  touch_config.o(.data)
    TS_CH_CFG                                0x200000ac   Data        1344  touch_config.o(.data)
    g_actv_ch_num                            0x200005ec   Data           7  touch_config.o(.data)
    g_rc_filter                              0x200005f3   Data           7  touch_config.o(.data)
    g_touch_sum_count                        0x200005fa   Data           7  touch_config.o(.data)
    g_ref_ch_dir                             0x20000601   Data           7  touch_config.o(.data)
    g_iir_offset_cnt                         0x20000608   Data           7  touch_config.o(.data)
    g_noise_thd_rate                         0x2000060f   Data           7  touch_config.o(.data)
    g_base_track_slow_gain                   0x20000616   Data           7  touch_config.o(.data)
    g_base_track_fast_gain                   0x2000061d   Data           7  touch_config.o(.data)
    g_reverse_rate                           0x20000624   Data           7  touch_config.o(.data)
    g_fluct_cnt                              0x2000062b   Data           7  touch_config.o(.data)
    g_fluct_frq_sel                          0x20000632   Data           7  touch_config.o(.data)
    g_release_rate                           0x20000639   Data           7  touch_config.o(.data)
    g_debounce_cnt_detect                    0x20000640   Data           7  touch_config.o(.data)
    g_debounce_cnt_release                   0x20000647   Data           7  touch_config.o(.data)
    g_debounce_cnt                           0x2000064e   Data           7  touch_config.o(.data)
    g_base_hold_cnt                          0x20000655   Data           7  touch_config.o(.data)
    SystemCoreClock                          0x2000065c   Data           4  a31t21x_system.o(.data)
    SystemPeriClock                          0x20000660   Data           4  a31t21x_system.o(.data)
    SystemDelayCount                         0x20000664   Data           4  a31t21x_system.o(.data)
    func_p_user_filter_onesensingdata        0x20000688   Data           4  touch_lib.o(.data)
    func_p_user_filter_diffdata              0x2000068c   Data           4  touch_lib.o(.data)
    func_p_Touch_Freq_Sel                    0x20000690   Data           4  touch_lib.o(.data)
    user                                     0x20000694   Data          50  user_function.o(.bss)
    g_zero_sco                               0x200006c8   Data          14  touch_config.o(.bss)
    g_total_cap                              0x200006d6   Data          14  touch_config.o(.bss)
    g_one_sensing                            0x200006e4   Data          28  touch_config.o(.bss)
    g_one_sensing_pre                        0x20000700   Data          28  touch_config.o(.bss)
    g_ref_ch_gain                            0x2000071c   Data          14  touch_config.o(.bss)
    g_one_sensing_compen                     0x2000072a   Data          28  touch_config.o(.bss)
    g_one_sensing_filter                     0x20000746   Data          28  touch_config.o(.bss)
    g_one_sensing_filter_pre                 0x20000762   Data          28  touch_config.o(.bss)
    g_raw_data                               0x2000077e   Data          28  touch_config.o(.bss)
    g_baseline                               0x2000079a   Data          28  touch_config.o(.bss)
    g_base_sample_sum_data                   0x200007b8   Data          56  touch_config.o(.bss)
    g_base_sample_avg_data                   0x200007f0   Data          28  touch_config.o(.bss)
    g_diff_data                              0x2000080c   Data          14  touch_config.o(.bss)
    g_diff_data_filter                       0x2000081a   Data          14  touch_config.o(.bss)
    g_fluct_sum                              0x20000828   Data          28  touch_config.o(.bss)
    g_thd_detect                             0x20000844   Data          14  touch_config.o(.bss)
    ts                                       0x20000998   Data         220  touch_lib.o(.bss)
    ts_reg                                   0x20000a74   Data          86  touch_lib.o(.bss)
    __libspace_start                         0x20000acc   Data          96  libspace.o(.bss)
    __temporary_stack_top$libspace           0x20000b2c   Data           0  libspace.o(.bss)



==============================================================================

Memory Map of the image

  Image Entry point : 0x000000c1

  Load Region LR_IROM1 (Base: 0x00000000, Size: 0x00006e9c, Max: 0x00040000, ABSOLUTE, COMPRESSED[0x00006870])

    Execution Region ER_IROM1 (Base: 0x00000000, Size: 0x00006808, Max: 0x00040000, ABSOLUTE)

    Base Addr    Size         Type   Attr      Idx    E Section Name        Object

    0x00000000   0x000000c0   Data   RO          411    RESET               a31t21x_startup_arm.o
    0x000000c0   0x00000008   Code   RO          726  * !!!main             c_p.l(__main.o)
    0x000000c8   0x0000003c   Code   RO          897    !!!scatter          c_p.l(__scatter.o)
    0x00000104   0x0000001c   Code   RO          899    !!handler_zi        c_p.l(__scatter_zi.o)
    0x00000120   0x00000002   Code   RO          764    .ARM.Collect$$libinit$$00000000  c_p.l(libinit.o)
    0x00000122   0x00000000   Code   RO          778    .ARM.Collect$$libinit$$00000002  c_p.l(libinit2.o)
    0x00000122   0x00000000   Code   RO          780    .ARM.Collect$$libinit$$00000004  c_p.l(libinit2.o)
    0x00000122   0x00000000   Code   RO          783    .ARM.Collect$$libinit$$0000000A  c_p.l(libinit2.o)
    0x00000122   0x00000000   Code   RO          785    .ARM.Collect$$libinit$$0000000C  c_p.l(libinit2.o)
    0x00000122   0x00000000   Code   RO          787    .ARM.Collect$$libinit$$0000000E  c_p.l(libinit2.o)
    0x00000122   0x00000000   Code   RO          790    .ARM.Collect$$libinit$$00000011  c_p.l(libinit2.o)
    0x00000122   0x00000000   Code   RO          792    .ARM.Collect$$libinit$$00000013  c_p.l(libinit2.o)
    0x00000122   0x00000000   Code   RO          794    .ARM.Collect$$libinit$$00000015  c_p.l(libinit2.o)
    0x00000122   0x00000000   Code   RO          796    .ARM.Collect$$libinit$$00000017  c_p.l(libinit2.o)
    0x00000122   0x00000000   Code   RO          798    .ARM.Collect$$libinit$$00000019  c_p.l(libinit2.o)
    0x00000122   0x00000000   Code   RO          800    .ARM.Collect$$libinit$$0000001B  c_p.l(libinit2.o)
    0x00000122   0x00000000   Code   RO          802    .ARM.Collect$$libinit$$0000001D  c_p.l(libinit2.o)
    0x00000122   0x00000000   Code   RO          804    .ARM.Collect$$libinit$$0000001F  c_p.l(libinit2.o)
    0x00000122   0x00000000   Code   RO          806    .ARM.Collect$$libinit$$00000021  c_p.l(libinit2.o)
    0x00000122   0x00000000   Code   RO          808    .ARM.Collect$$libinit$$00000023  c_p.l(libinit2.o)
    0x00000122   0x00000000   Code   RO          810    .ARM.Collect$$libinit$$00000025  c_p.l(libinit2.o)
    0x00000122   0x00000000   Code   RO          814    .ARM.Collect$$libinit$$0000002C  c_p.l(libinit2.o)
    0x00000122   0x00000000   Code   RO          816    .ARM.Collect$$libinit$$0000002E  c_p.l(libinit2.o)
    0x00000122   0x00000000   Code   RO          818    .ARM.Collect$$libinit$$00000030  c_p.l(libinit2.o)
    0x00000122   0x00000000   Code   RO          820    .ARM.Collect$$libinit$$00000032  c_p.l(libinit2.o)
    0x00000122   0x00000002   Code   RO          821    .ARM.Collect$$libinit$$00000033  c_p.l(libinit2.o)
    0x00000124   0x00000002   Code   RO          852    .ARM.Collect$$libshutdown$$00000000  c_p.l(libshutdown.o)
    0x00000126   0x00000000   Code   RO          878    .ARM.Collect$$libshutdown$$00000002  c_p.l(libshutdown2.o)
    0x00000126   0x00000000   Code   RO          880    .ARM.Collect$$libshutdown$$00000004  c_p.l(libshutdown2.o)
    0x00000126   0x00000000   Code   RO          883    .ARM.Collect$$libshutdown$$00000007  c_p.l(libshutdown2.o)
    0x00000126   0x00000000   Code   RO          886    .ARM.Collect$$libshutdown$$0000000A  c_p.l(libshutdown2.o)
    0x00000126   0x00000000   Code   RO          888    .ARM.Collect$$libshutdown$$0000000C  c_p.l(libshutdown2.o)
    0x00000126   0x00000000   Code   RO          891    .ARM.Collect$$libshutdown$$0000000F  c_p.l(libshutdown2.o)
    0x00000126   0x00000002   Code   RO          892    .ARM.Collect$$libshutdown$$00000010  c_p.l(libshutdown2.o)
    0x00000128   0x00000000   Code   RO          728    .ARM.Collect$$rtentry$$00000000  c_p.l(__rtentry.o)
    0x00000128   0x00000000   Code   RO          734    .ARM.Collect$$rtentry$$00000002  c_p.l(__rtentry2.o)
    0x00000128   0x00000006   Code   RO          746    .ARM.Collect$$rtentry$$00000004  c_p.l(__rtentry4.o)
    0x0000012e   0x00000000   Code   RO          736    .ARM.Collect$$rtentry$$00000009  c_p.l(__rtentry2.o)
    0x0000012e   0x00000004   Code   RO          737    .ARM.Collect$$rtentry$$0000000A  c_p.l(__rtentry2.o)
    0x00000132   0x00000000   Code   RO          739    .ARM.Collect$$rtentry$$0000000C  c_p.l(__rtentry2.o)
    0x00000132   0x00000008   Code   RO          740    .ARM.Collect$$rtentry$$0000000D  c_p.l(__rtentry2.o)
    0x0000013a   0x00000002   Code   RO          769    .ARM.Collect$$rtexit$$00000000  c_p.l(rtexit.o)
    0x0000013c   0x00000000   Code   RO          825    .ARM.Collect$$rtexit$$00000002  c_p.l(rtexit2.o)
    0x0000013c   0x00000004   Code   RO          826    .ARM.Collect$$rtexit$$00000003  c_p.l(rtexit2.o)
    0x00000140   0x00000006   Code   RO          827    .ARM.Collect$$rtexit$$00000004  c_p.l(rtexit2.o)
    0x00000146   0x00000002   PAD
    0x00000148   0x00000038   Code   RO          714    .emb_text           c_p.l(rt_memcpy.o)
    0x00000180   0x00000538   Code   RO            3    .text               main.o
    0x000006b8   0x00000054   Code   RO          119    .text               a31t21x_system_setting.o
    0x0000070c   0x000000ee   Code   RO          150    .text               a31t21x_port_init.o
    0x000007fa   0x00000002   PAD
    0x000007fc   0x000006b8   Code   RO          224    .text               led_driver.o
    0x00000eb4   0x000001c0   Code   RO          257    .text               user_timer.o
    0x00001074   0x0000025c   Code   RO          297    .text               user_function.o
    0x000012d0   0x00000608   Code   RO          348    .text               touch_config.o
    0x000018d8   0x00000054   Code   RO          385    .text               a31t21x_system.o
    0x0000192c   0x00000074   Code   RO          412    .text               a31t21x_startup_arm.o
    0x000019a0   0x00000160   Code   RO          418    .text               a31t21x_dma.o
    0x00001b00   0x0000059c   Code   RO          440    .text               a31t21x_gpio.o
    0x0000209c   0x00000288   Code   RO          466    .text               a31t21x_led.o
    0x00002324   0x00000210   Code   RO          494    .text               a31t21x_pwr.o
    0x00002534   0x000007c8   Code   RO          519    .text               a31t21x_scu.o
    0x00002cfc   0x0000078c   Code   RO          541    .text               a31t21x_timer.o
    0x00003488   0x000007ec   Code   RO          566    .text               a31t21x_uart.o
    0x00003c74   0x00000cdc   Code   RO          592    .text               a31t21x_usart1n.o
    0x00004950   0x00000368   Code   RO          618    .text               a31t21x_wdt.o
    0x00004cb8   0x00001688   Code   RO          641    .text               touch_V109_240222.lib(touch_lib.o)
    0x00006340   0x00000040   Code   RO          718    .text               c_p.l(rt_memclr.o)
    0x00006380   0x0000015a   Code   RO          720    .text               c_p.l(aeabi_sdiv.o)
    0x000064da   0x00000006   Code   RO          724    .text               c_p.l(heapauxi.o)
    0x000064e0   0x0000003e   Code   RO          750    .text               c_p.l(sys_stackheap_outer.o)
    0x0000651e   0x00000010   Code   RO          753    .text               c_p.l(exit.o)
    0x0000652e   0x00000002   PAD
    0x00006530   0x00000008   Code   RO          765    .text               c_p.l(libspace.o)
    0x00006538   0x0000000c   Code   RO          822    .text               c_p.l(sys_exit.o)
    0x00006544   0x00000002   Code   RO          841    .text               c_p.l(use_no_semi.o)
    0x00006546   0x00000000   Code   RO          843    .text               c_p.l(indicate_semi.o)
    0x00006546   0x00000056   Code   RO          895    .text               c_p.l(__dczerorl2.o)
    0x0000659c   0x0000001c   Code   RO           23    i.__ARM_common_switch8  main.o
    0x000065b8   0x00000048   Data   RO            4    .constdata          main.o
    0x00006600   0x000001e0   Data   RO          225    .constdata          led_driver.o
    0x000067e0   0x00000003   Data   RO          568    .constdata          a31t21x_uart.o
    0x000067e3   0x00000001   PAD
    0x000067e4   0x00000003   Data   RO          594    .constdata          a31t21x_usart1n.o
    0x000067e7   0x00000001   PAD
    0x000067e8   0x00000020   Data   RO          893    Region$$Table       anon$$obj.o


    Execution Region RW_IRAM1 (Base: 0x20000000, Size: 0x00001330, Max: 0x00004000, ABSOLUTE, COMPRESSED[0x00000068])

    Base Addr    Size         Type   Attr      Idx    E Section Name        Object

    0x20000000   0x00000002   Data   RW            5    .data               main.o
    0x20000002   0x00000002   PAD
    0x20000004   0x00000015   Data   RW          226    .data               led_driver.o
    0x20000019   0x00000003   PAD
    0x2000001c   0x00000014   Data   RW          258    .data               user_timer.o
    0x20000030   0x00000030   Data   RW          299    .data               user_function.o
    0x20000060   0x000005fc   Data   RW          350    .data               touch_config.o
    0x2000065c   0x0000000c   Data   RW          386    .data               a31t21x_system.o
    0x20000668   0x00000005   Data   RW          419    .data               a31t21x_dma.o
    0x2000066d   0x00000006   Data   RW          442    .data               a31t21x_gpio.o
    0x20000673   0x00000001   PAD
    0x20000674   0x00000008   Data   RW          467    .data               a31t21x_led.o
    0x2000067c   0x00000008   Data   RW          495    .data               a31t21x_pwr.o
    0x20000684   0x00000001   Data   RW          620    .data               a31t21x_wdt.o
    0x20000685   0x00000003   PAD
    0x20000688   0x0000000c   Data   RW          643    .data               touch_V109_240222.lib(touch_lib.o)
    0x20000694   0x00000032   Zero   RW          298    .bss                user_function.o
    0x200006c6   0x00000002   PAD
    0x200006c8   0x0000018a   Zero   RW          349    .bss                touch_config.o
    0x20000852   0x00000002   PAD
    0x20000854   0x00000030   Zero   RW          441    .bss                a31t21x_gpio.o
    0x20000884   0x0000001c   Zero   RW          520    .bss                a31t21x_scu.o
    0x200008a0   0x00000048   Zero   RW          542    .bss                a31t21x_timer.o
    0x200008e8   0x00000050   Zero   RW          567    .bss                a31t21x_uart.o
    0x20000938   0x00000050   Zero   RW          593    .bss                a31t21x_usart1n.o
    0x20000988   0x00000010   Zero   RW          619    .bss                a31t21x_wdt.o
    0x20000998   0x00000132   Zero   RW          642    .bss                touch_V109_240222.lib(touch_lib.o)
    0x20000aca   0x00000002   PAD
    0x20000acc   0x00000060   Zero   RW          766    .bss                c_p.l(libspace.o)
    0x20000b2c   0x00000004   PAD
    0x20000b30   0x00000400   Zero   RW          410    HEAP                a31t21x_startup_arm.o
    0x20000f30   0x00000400   Zero   RW          409    STACK               a31t21x_startup_arm.o


==============================================================================

Image component sizes


      Code (inc. data)   RO Data    RW Data    ZI Data      Debug   Object Name

       352         18          0          5          0       2897   a31t21x_dma.o
      1436         64          0          6         48      16937   a31t21x_gpio.o
       648         22          0          8          0      11980   a31t21x_led.o
       238          0          0          0          0       1031   a31t21x_port_init.o
       528         34          0          8          0      11292   a31t21x_pwr.o
      1992        102          0          0         28       7990   a31t21x_scu.o
       116         36        192          0       2048        904   a31t21x_startup_arm.o
        84         26          0         12          0       1184   a31t21x_system.o
        84          8          0          0          0        632   a31t21x_system_setting.o
      1932         58          0          0         72       9927   a31t21x_timer.o
      2028         58          3          0         80      10013   a31t21x_uart.o
      3292         60          3          0         80      11998   a31t21x_usart1n.o
       872         48          0          1         16       4170   a31t21x_wdt.o
         0          0          0          0          0      10168   debug.o
      1720         74        480         21          0      13194   led_driver.o
      1364        114         72          2          0      39441   main.o
      1544        172          0       1532        394      18297   touch_config.o
       604          8          0         48         50       5768   user_function.o
       448         26          0         20          0       2143   user_timer.o

    ----------------------------------------------------------------------
     19284        928        784       1672       2820     179966   Object Totals
         0          0         32          0          0          0   (incl. Generated)
         2          0          2          9          4          0   (incl. Padding)

    ----------------------------------------------------------------------

      Code (inc. data)   RO Data    RW Data    ZI Data      Debug   Library Member Name

        86          0          0          0          0          0   __dczerorl2.o
         8          0          0          0          0         68   __main.o
         0          0          0          0          0          0   __rtentry.o
        12          0          0          0          0          0   __rtentry2.o
         6          0          0          0          0          0   __rtentry4.o
        60          8          0          0          0          0   __scatter.o
        28          0          0          0          0          0   __scatter_zi.o
       346          0          0          0          0         92   aeabi_sdiv.o
        16          0          0          0          0         68   exit.o
         6          0          0          0          0        136   heapauxi.o
         0          0          0          0          0          0   indicate_semi.o
         2          0          0          0          0          0   libinit.o
         2          0          0          0          0          0   libinit2.o
         2          0          0          0          0          0   libshutdown.o
         2          0          0          0          0          0   libshutdown2.o
         8          4          0          0         96         68   libspace.o
        64          0          0          0          0        108   rt_memclr.o
        56          0          0          0          0         68   rt_memcpy.o
         2          0          0          0          0          0   rtexit.o
        10          0          0          0          0          0   rtexit2.o
        12          4          0          0          0         60   sys_exit.o
        62          0          0          0          0         80   sys_stackheap_outer.o
         2          0          0          0          0         68   use_no_semi.o
      5768         94          0         12        306      32614   touch_lib.o

    ----------------------------------------------------------------------
      6564        110          0         12        408      33430   Library Totals
         4          0          0          0          6          0   (incl. Padding)

    ----------------------------------------------------------------------

      Code (inc. data)   RO Data    RW Data    ZI Data      Debug   Library Name

       792         16          0          0         96        816   c_p.l
      5768         94          0         12        306      32614   touch_V109_240222.lib

    ----------------------------------------------------------------------
      6564        110          0         12        408      33430   Library Totals

    ----------------------------------------------------------------------

==============================================================================


      Code (inc. data)   RO Data    RW Data    ZI Data      Debug   

     25848       1038        784       1684       3228     211752   Grand Totals
     25848       1038        784        104       3228     211752   ELF Image Totals (compressed)
     25848       1038        784        104          0          0   ROM Totals

==============================================================================

    Total RO  Size (Code + RO Data)                26632 (  26.01kB)
    Total RW  Size (RW Data + ZI Data)              4912 (   4.80kB)
    Total ROM Size (Code + RO Data + RW Data)      26736 (  26.11kB)

==============================================================================

