


ARM Macro Assembler    Page 1 


    1 00000000         ; /**
    2 00000000         ; ******************************************************
                       *************************
    3 00000000         ; * @file          UL60730_register_keil.s
    4 00000000         ; * @author         ABOV R&D Division
    5 00000000         ; * @brief          UL60730 Library
    6 00000000         ; *
    7 00000000         ; * Copyright 2023 ABOV Semiconductor Co.,Ltd. All right
                       s reserved.
    8 00000000         ; *
    9 00000000         ; * This file is licensed under terms that are found in 
                       the LICENSE file
   10 00000000         ; * located at Document directory.
   11 00000000         ; * If this file is delivered or shared without applicab
                       le license terms,
   12 00000000         ; * the terms of the BSD-3-Clause license shall be appli
                       ed.
   13 00000000         ; * Reference: https://opensource.org/licenses/BSD-3-Cla
                       use
   14 00000000         ; ******************************************************
                       ************************/
   15 00000000         
   16 00000000         
   17 00000000                 AREA             UL60730_REGS_CHK, CODE, READONL
Y
   18 00000000         
   19 00000000                 GLOBAL           UL60730_register_post
   20 00000000                 GLOBAL           UL60730_register_bist
   21 00000000         
   22 00000000         ;;======================================================
                       ==============
   23 00000000         ;;
   24 00000000         ;; @ Function : UL60730_register_post
   25 00000000         ;;
   26 00000000         ;; @ Return
   27 00000000         ;;   UL60730_
   28 00000000         ;;
   29 00000000         ;; @ Remarks
   30 00000000         ;;   purpose : conduct the "stuck at" test of CPU regist
                       ers R0-14
   31 00000000         ;;   location : at initialization
   32 00000000         ;; 
   33 00000000         ;;
   34 00000000         ;;
   35 00000000         ;;======================================================
                       ==============
   36 00000000         
   37 00000000 AAAAAAAA 
                       REG_AA  DCD              0xAAAAAAAA
   38 00000004 55555555 
                       REG_55  DCD              0x55555555
   39 00000008 80000000 
                       REG_80  DCD              0x80000000
   40 0000000C AAAAAAA8 
                       REG_A8  DCD              0xAAAAAAA8
   41 00000010 55555554 
                       REG_54  DCD              0x55555554
   42 00000014 00000000 
                       REG_50  DCD              0x00000000



ARM Macro Assembler    Page 2 


   43 00000018 00000001 
                       REG_01  DCD              0x00000001
   44 0000001C 00000000 
                       REG_00  DCD              0x00000000
   45 00000020         
   46 00000020         UL60730_register_post
   47 00000020         
   48 00000020 B5F0            PUSH             {R4-R7, LR}
   49 00000022         
   50 00000022         ;-------------------------------------------------------
                       -------------------------
   51 00000022         ;flag
   52 00000022         ;-------------------------------------------------------
                       -------------------------  
   53 00000022 2000            MOVS             R0, #0x00
   54 00000024 B2C0            UXTB             R0, R0
   55 00000026 3000            ADDS             R0, #0      ; Set Z(ero) Flag
   56 00000028 D151            BNE              UL60730_register_init_ERROR1 
                                                            ; Fails if Z clear 
                                                            
   57 0000002A D450            BMI              UL60730_register_init_ERROR1 ; 
                                                            Fails if N is set (
                                                            Result minus or neg
                                                            ative)
   58 0000002C 3801            SUBS             R0, #1      ; Set N(egative) Fl
                                                            ag
   59 0000002E D54E            BPL              UL60730_register_init_ERROR1 ; 
                                                            Fails if N clear <R
                                                            esult positive or z
                                                            ero plus
   60 00000030 3002            ADDS             R0, #2      ; Set C(arry) Flag 
                                                            and  do not set Z
   61 00000032 D34C            BCC              UL60730_register_init_ERROR1 ; 
                                                            Fails if C clear > 
                                                            Arithmetic operatio
                                                            n did not give carr
                                                            y-out
   62 00000034 D04B            BEQ              UL60730_register_init_ERROR1 
                                                            ; Fails if Z is set
                                                            
   63 00000036 D44A            BMI              UL60730_register_init_ERROR1 ; 
                                                            Fails if N is set >
                                                               Minus
   64 00000038         
   65 00000038 48CC            LDR              R0, =REG_80 ; Prepares Overflow
                                                             test
   66 0000003A 6800            LDR              R0, [R0]
   67 0000003C 1800            ADDS             R0, R0, R0  ; Set V(overflow) F
                                                            lag
   68 0000003E D746            BVC              UL60730_register_init_ERROR1 
                                                            ; Fails if V clear
   69 00000040         
   70 00000040         ;-------------------------------------------------------
                       -------------------------
   71 00000040         ; R1
   72 00000040         ;-------------------------------------------------------
                       ------------------------- 
   73 00000040 48CB            LDR              R0, =REG_AA
   74 00000042 6801            LDR              R1, [R0]



ARM Macro Assembler    Page 3 


   75 00000044 6800            LDR              R0, [R0]
   76 00000046 4288            CMP              R0, R1
   77 00000048 D141            BNE              UL60730_register_init_ERROR1
   78 0000004A 48CA            LDR              R0, =REG_55
   79 0000004C 6801            LDR              R1, [R0]
   80 0000004E 6800            LDR              R0, [R0]
   81 00000050 4288            CMP              R0, R1
   82 00000052 D13C            BNE              UL60730_register_init_ERROR1
   83 00000054         
   84 00000054         ;-------------------------------------------------------
                       -------------------------
   85 00000054         ; R2
   86 00000054         ;-------------------------------------------------------
                       -------------------------  
   87 00000054 48C6            LDR              R0, =REG_AA
   88 00000056 6802            LDR              R2, [R0]
   89 00000058 6800            LDR              R0, [R0]
   90 0000005A 4290            CMP              R0, R2
   91 0000005C D137            BNE              UL60730_register_init_ERROR1
   92 0000005E 48C5            LDR              R0, =REG_55
   93 00000060 6802            LDR              R2, [R0]
   94 00000062 6800            LDR              R0, [R0]
   95 00000064 4290            CMP              R0, R2
   96 00000066 D132            BNE              UL60730_register_init_ERROR1
   97 00000068         
   98 00000068         ;-------------------------------------------------------
                       -------------------------
   99 00000068         ; R3
  100 00000068         ;-------------------------------------------------------
                       -------------------------
  101 00000068 48C1            LDR              R0, =REG_AA
  102 0000006A 6803            LDR              R3, [R0]
  103 0000006C 6800            LDR              R0, [R0]
  104 0000006E 4298            CMP              R0, R3
  105 00000070 D12D            BNE              UL60730_register_init_ERROR1
  106 00000072 48C0            LDR              R0, =REG_55
  107 00000074 6803            LDR              R3, [R0]
  108 00000076 6800            LDR              R0, [R0]
  109 00000078 4298            CMP              R0, R3
  110 0000007A D128            BNE              UL60730_register_init_ERROR1
  111 0000007C         
  112 0000007C         ;-------------------------------------------------------
                       -------------------------
  113 0000007C         ; R4
  114 0000007C         ;-------------------------------------------------------
                       ------------------------- 
  115 0000007C 48BC            LDR              R0, =REG_AA
  116 0000007E 6804            LDR              R4, [R0]
  117 00000080 6800            LDR              R0, [R0]
  118 00000082 42A0            CMP              R0, R4
  119 00000084 D123            BNE              UL60730_register_init_ERROR1
  120 00000086 48BB            LDR              R0, =REG_55
  121 00000088 6804            LDR              R4, [R0]
  122 0000008A 6800            LDR              R0, [R0]
  123 0000008C 42A0            CMP              R0, R4
  124 0000008E D11E            BNE              UL60730_register_init_ERROR1
  125 00000090         
  126 00000090         ;-------------------------------------------------------
                       -------------------------



ARM Macro Assembler    Page 4 


  127 00000090         ; R5
  128 00000090         ;-------------------------------------------------------
                       ------------------------- 
  129 00000090 48B7            LDR              R0, =REG_AA
  130 00000092 6805            LDR              R5, [R0]
  131 00000094 6800            LDR              R0, [R0]
  132 00000096 42A8            CMP              R0, R5
  133 00000098 D119            BNE              UL60730_register_init_ERROR1
  134 0000009A 48B6            LDR              R0, =REG_55
  135 0000009C 6805            LDR              R5, [R0]
  136 0000009E 6800            LDR              R0, [R0]
  137 000000A0 42A8            CMP              R0, R5
  138 000000A2 D114            BNE              UL60730_register_init_ERROR1
  139 000000A4         
  140 000000A4         ;-------------------------------------------------------
                       -------------------------
  141 000000A4         ; R6
  142 000000A4         ;-------------------------------------------------------
                       -------------------------  
  143 000000A4 48B2            LDR              R0, =REG_AA
  144 000000A6 6806            LDR              R6, [R0]
  145 000000A8 6800            LDR              R0, [R0]
  146 000000AA 42B0            CMP              R0, R6
  147 000000AC D10F            BNE              UL60730_register_init_ERROR1
  148 000000AE 48B1            LDR              R0, =REG_55
  149 000000B0 6806            LDR              R6, [R0]
  150 000000B2 6800            LDR              R0, [R0]
  151 000000B4 42B0            CMP              R0, R6
  152 000000B6 D10A            BNE              UL60730_register_init_ERROR1
  153 000000B8         
  154 000000B8         ;-------------------------------------------------------
                       -------------------------
  155 000000B8         ; R7
  156 000000B8         ;-------------------------------------------------------
                       ------------------------- 
  157 000000B8 48AD            LDR              R0, =REG_AA
  158 000000BA 6807            LDR              R7, [R0]
  159 000000BC 6800            LDR              R0, [R0]
  160 000000BE 42B8            CMP              R0, R7
  161 000000C0 D105            BNE              UL60730_register_init_ERROR1
  162 000000C2 48AC            LDR              R0, =REG_55
  163 000000C4 6807            LDR              R7, [R0]
  164 000000C6 6800            LDR              R0, [R0]
  165 000000C8 42B8            CMP              R0, R7
  166 000000CA D100            BNE              UL60730_register_init_ERROR1
  167 000000CC         
  168 000000CC E000            BAL              UL60730__register_init_OK
  169 000000CE         
  170 000000CE         UL60730_register_init_ERROR1
  171 000000CE E09E            BAL              UL60730_register_init_ERROR
  172 000000D0         
  173 000000D0         ;-------------------------------------------------------
                       -------------------------
  174 000000D0         ; R8
  175 000000D0         ;-------------------------------------------------------
                       -------------------------
  176 000000D0         UL60730__register_init_OK
  177 000000D0 4641            MOV              R1, R8
  178 000000D2 48A7            LDR              R0, =REG_AA



ARM Macro Assembler    Page 5 


  179 000000D4 6800            LDR              R0, [R0]
  180 000000D6 4680            MOV              R8, R0
  181 000000D8 4540            CMP              R0, R8
  182 000000DA 4688            MOV              R8, R1
  183 000000DC D13F            BNE              UL60730_register_init_ERROR2
  184 000000DE         
  185 000000DE 4641            MOV              R1, R8
  186 000000E0 48A4            LDR              R0, =REG_55
  187 000000E2 6800            LDR              R0, [R0]
  188 000000E4 4680            MOV              R8, R0
  189 000000E6 4540            CMP              R0, R8
  190 000000E8 4688            MOV              R8, R1
  191 000000EA D138            BNE              UL60730_register_init_ERROR2
  192 000000EC         
  193 000000EC         ;-------------------------------------------------------
                       -------------------------
  194 000000EC         ; R9
  195 000000EC         ;-------------------------------------------------------
                       -------------------------
  196 000000EC 4649            MOV              R1, R9
  197 000000EE 48A0            LDR              R0, =REG_AA
  198 000000F0 6800            LDR              R0, [R0]
  199 000000F2 4681            MOV              R9, R0
  200 000000F4 4548            CMP              R0, R9
  201 000000F6 4689            MOV              R9, R1
  202 000000F8 D131            BNE              UL60730_register_init_ERROR2
  203 000000FA         
  204 000000FA 4649            MOV              R1, R9
  205 000000FC 489D            LDR              R0, =REG_55
  206 000000FE 6800            LDR              R0, [R0]
  207 00000100 4681            MOV              R9, R0
  208 00000102 4548            CMP              R0, R9
  209 00000104 4689            MOV              R9, R1
  210 00000106 D12A            BNE              UL60730_register_init_ERROR2
  211 00000108         
  212 00000108         ;-------------------------------------------------------
                       -------------------------
  213 00000108         ; R10
  214 00000108         ;-------------------------------------------------------
                       -------------------------
  215 00000108 4651            MOV              R1, R10
  216 0000010A 4899            LDR              R0, =REG_AA
  217 0000010C 6800            LDR              R0, [R0]
  218 0000010E 4682            MOV              R10, R0
  219 00000110 4550            CMP              R0, R10
  220 00000112 468A            MOV              R10, R1
  221 00000114 D123            BNE              UL60730_register_init_ERROR2
  222 00000116         
  223 00000116 4651            MOV              R1, R10
  224 00000118 4896            LDR              R0, =REG_55
  225 0000011A 6800            LDR              R0, [R0]
  226 0000011C 4682            MOV              R10, R0
  227 0000011E 4550            CMP              R0, R10
  228 00000120 468A            MOV              R10, R1
  229 00000122 D11C            BNE              UL60730_register_init_ERROR2
  230 00000124         
  231 00000124         ;-------------------------------------------------------
                       -------------------------
  232 00000124         ; R11



ARM Macro Assembler    Page 6 


  233 00000124         ;-------------------------------------------------------
                       -------------------------
  234 00000124 4659            MOV              R1, R11
  235 00000126 4892            LDR              R0, =REG_AA
  236 00000128 6800            LDR              R0, [R0]
  237 0000012A 4683            MOV              R11, R0
  238 0000012C 4558            CMP              R0, R11
  239 0000012E 468B            MOV              R11, R1
  240 00000130 D115            BNE              UL60730_register_init_ERROR2
  241 00000132         
  242 00000132 4659            MOV              R1, R11
  243 00000134 488F            LDR              R0, =REG_55
  244 00000136 6800            LDR              R0, [R0]
  245 00000138 4683            MOV              R11, R0
  246 0000013A 4558            CMP              R0, R11
  247 0000013C 468B            MOV              R11, R1
  248 0000013E D10E            BNE              UL60730_register_init_ERROR2
  249 00000140         
  250 00000140         
  251 00000140         ;-------------------------------------------------------
                       -------------------------
  252 00000140         ; R12
  253 00000140         ;-------------------------------------------------------
                       ------------------------- 
  254 00000140 4661            MOV              R1, R12
  255 00000142 488B            LDR              R0, =REG_AA
  256 00000144 6800            LDR              R0, [R0]
  257 00000146 4684            MOV              R12, R0
  258 00000148 4560            CMP              R0, R12
  259 0000014A 468C            MOV              R12, R1
  260 0000014C D107            BNE              UL60730_register_init_ERROR2
  261 0000014E         
  262 0000014E 4661            MOV              R1, R12
  263 00000150 4888            LDR              R0, =REG_55
  264 00000152 6800            LDR              R0, [R0]
  265 00000154 4684            MOV              R12, R0
  266 00000156 4560            CMP              R0, R12
  267 00000158 468C            MOV              R12, R1
  268 0000015A D100            BNE              UL60730_register_init_ERROR2
  269 0000015C         
  270 0000015C E000            BAL              UL60730__register_init_OK2
  271 0000015E         
  272 0000015E         UL60730_register_init_ERROR2
  273 0000015E E056            BAL              UL60730_register_init_ERROR
  274 00000160         
  275 00000160         ;-------------------------------------------------------
                       -------------------------
  276 00000160         ; R14 :: LR (Link Register)
  277 00000160         ;-------------------------------------------------------
                       -------------------------
  278 00000160         UL60730__register_init_OK2
  279 00000160 4671            MOV              R1, R14
  280 00000162 4883            LDR              R0, =REG_AA
  281 00000164 6800            LDR              R0, [R0]
  282 00000166 4686            MOV              R14, R0
  283 00000168 4570            CMP              R0, R14
  284 0000016A 468E            MOV              R14, R1
  285 0000016C D14F            BNE              UL60730_register_init_ERROR
  286 0000016E         



ARM Macro Assembler    Page 7 


  287 0000016E 4671            MOV              R1, R14
  288 00000170 4880            LDR              R0, =REG_55
  289 00000172 6800            LDR              R0, [R0]
  290 00000174 4686            MOV              R14, R0
  291 00000176 4570            CMP              R0, R14
  292 00000178 468E            MOV              R14, R1
  293 0000017A D148            BNE              UL60730_register_init_ERROR
  294 0000017C         
  295 0000017C         ;-------------------------------------------------------
                       -------------------------
  296 0000017C         ; PRIMASK
  297 0000017C         ;-------------------------------------------------------
                       -------------------------  
  298 0000017C F3EF 8010       MRS              R0, PRIMASK
  299 00000180 497D            LDR              R1, =REG_00
  300 00000182 6809            LDR              R1, [R1]
  301 00000184 F381 8810       MSR              PRIMASK, R1
  302 00000188 F3EF 8210       MRS              R2, PRIMASK
  303 0000018C 428A            CMP              R2, R1
  304 0000018E F380 8810       MSR              PRIMASK, R0
  305 00000192 D13C            BNE              UL60730_register_init_ERROR
  306 00000194         
  307 00000194 F3EF 8010       MRS              R0, PRIMASK
  308 00000198 4978            LDR              R1, =REG_01
  309 0000019A 6809            LDR              R1, [R1]
  310 0000019C F381 8810       MSR              PRIMASK, R1
  311 000001A0 F3EF 8210       MRS              R2, PRIMASK
  312 000001A4 428A            CMP              R2, R1
  313 000001A6 F380 8810       MSR              PRIMASK, R0
  314 000001AA D130            BNE              UL60730_register_init_ERROR
  315 000001AC         
  316 000001AC         ;-------------------------------------------------------
                       -------------------------
  317 000001AC         ; R13 :: Stack pointer (Register R13)
  318 000001AC         ;-------------------------------------------------------
                       -------------------------  
  319 000001AC F3EF 8009       MRS              R0, PSP     ; Save process stac
                                                            k value
  320 000001B0 4973            LDR              R1, =REG_A8 ; Test is different
                                                             (PSP is word align
                                                            ed, 2 LSB cleared)
  321 000001B2 6809            LDR              R1, [R1]
  322 000001B4 F381 8809       MSR              PSP, R1     ; load process stac
                                                            k value
  323 000001B8 F3EF 8209       MRS              R2, PSP     ; Get back process 
                                                            stack value
  324 000001BC 428A            CMP              R2, R1      ; Verify value
  325 000001BE F380 8809       MSR              PSP, R0     ; Restore process s
                                                            tack value
  326 000001C2 D124            BNE              UL60730_register_init_ERROR
  327 000001C4         
  328 000001C4 F3EF 8009       MRS              R0, PSP     ; Save process stac
                                                            k value
  329 000001C8 496E            LDR              R1, =REG_54 ; Test is different
                                                             (PSP is word align
                                                            ed, 2 LSB cleared)
  330 000001CA 6809            LDR              R1, [R1]
  331 000001CC F381 8809       MSR              PSP, R1     ; load process stac
                                                            k value



ARM Macro Assembler    Page 8 


  332 000001D0 F3EF 8209       MRS              R2, PSP     ; Get back process 
                                                            stack value
  333 000001D4 428A            CMP              R2, R1      ; Verify value
  334 000001D6 F380 8809       MSR              PSP, R0     ; Restore process s
                                                            tack value
  335 000001DA D118            BNE              UL60730_register_init_ERROR
  336 000001DC         
  337 000001DC         ; Stack pointer (Register R13)
  338 000001DC F3EF 8008       MRS              R0, MSP     ; Save stack pointe
                                                            r value
  339 000001E0 4967            LDR              R1, =REG_A8 ; Test is different
                                                             (SP is word aligne
                                                            d, 2 LSB cleared)
  340 000001E2 6809            LDR              R1, [R1]
  341 000001E4 F381 8808       MSR              MSP, R1     ; load SP value
  342 000001E8 F3EF 8208       MRS              R2, MSP     ; Get back SP value
                                                            
  343 000001EC 428A            CMP              R2, R1      ; Verify value
  344 000001EE F380 8808       MSR              MSP, R0     ; Restore stack poi
                                                            nter value  
  345 000001F2 D10C            BNE              UL60730_register_init_ERROR
  346 000001F4         
  347 000001F4 F3EF 8008       MRS              R0, MSP     ; Save stack pointe
                                                            r value
  348 000001F8 4962            LDR              R1, =REG_54
  349 000001FA 6809            LDR              R1, [R1]    ; load SP value
  350 000001FC F381 8808       MSR              MSP, R1     ; Get back SP value
                                                            
  351 00000200 F3EF 8208       MRS              R2, MSP     ; Verify value
  352 00000204 428A            CMP              R2, R1
  353 00000206 F380 8808       MSR              MSP, R0     ; Restore stack poi
                                                            nter value  
  354 0000020A D100            BNE              UL60730_register_init_ERROR
  355 0000020C         
  356 0000020C E003            BAL              UL60730_register_init_ret
  357 0000020E         
  358 0000020E         UL60730_register_init_ERROR
  359 0000020E 2003            MOVS             R0, #0x3    ; UL60730_REGISTER_
                                                            POST_FAIL  ((uint32
                                                            _t)3)
  360 00000210 BDF0            POP              {R4-R7, PC}
  361 00000212         
  362 00000212 BF00            NOP
  363 00000214         
  364 00000214 4770            BX               LR
  365 00000216         
  366 00000216         UL60730_register_init_ret
  367 00000216 2002            MOVS             R0, #0x2    ; UL60730_REGISTER_
                                                            POST_OK    ((uint32
                                                            _t)2)
  368 00000218 BDF0            POP              {R4-R7, PC}
  369 0000021A         
  370 0000021A BF00            NOP
  371 0000021C         
  372 0000021C 4770            BX               LR
  373 0000021E         
  374 0000021E         ;;======================================================
                       ==============
  375 0000021E         ;;



ARM Macro Assembler    Page 9 


  376 0000021E         ;; @ Function : UL60730_register_bist
  377 0000021E         ;;
  378 0000021E         ;; @ Return
  379 0000021E         ;;   UL60730_
  380 0000021E         ;;
  381 0000021E         ;; @ Remarks
  382 0000021E         ;;   purpose : conduct the "stuck at" test of CPU regist
                       ers R0-14
  383 0000021E         ;;   location : at run
  384 0000021E         ;; 
  385 0000021E         ;;
  386 0000021E         ;;
  387 0000021E         ;;======================================================
                       ==============
  388 0000021E         UL60730_register_bist                ; FUNCTION
  389 0000021E         
  390 0000021E B5F0            PUSH             {R4-R7, LR}
  391 00000220         
  392 00000220         ;-------------------------------------------------------
                       -------------------------
  393 00000220         ; R1
  394 00000220         ;;------------------------------------------------------
                       --------------------------
  395 00000220 4853            LDR              R0, =REG_AA
  396 00000222 6801            LDR              R1, [R0]
  397 00000224 6800            LDR              R0, [R0]
  398 00000226 4288            CMP              R0, R1
  399 00000228 D141            BNE              UL60730_register_run_ERROR1
  400 0000022A 4852            LDR              R0, =REG_55
  401 0000022C 6801            LDR              R1, [R0]
  402 0000022E 6800            LDR              R0, [R0]
  403 00000230 4288            CMP              R0, R1
  404 00000232 D13C            BNE              UL60730_register_run_ERROR1
  405 00000234         
  406 00000234         ;-------------------------------------------------------
                       -------------------------
  407 00000234         ; R2
  408 00000234         ;-------------------------------------------------------
                       ------------------------- 
  409 00000234 484E            LDR              R0, =REG_AA
  410 00000236 6802            LDR              R2, [R0]
  411 00000238 6800            LDR              R0, [R0]
  412 0000023A 4290            CMP              R0, R2
  413 0000023C D137            BNE              UL60730_register_run_ERROR1
  414 0000023E 484D            LDR              R0, =REG_55
  415 00000240 6802            LDR              R2, [R0]
  416 00000242 6800            LDR              R0, [R0]
  417 00000244 4290            CMP              R0, R2
  418 00000246 D132            BNE              UL60730_register_run_ERROR1
  419 00000248         
  420 00000248         ;-------------------------------------------------------
                       -------------------------
  421 00000248         ; R3
  422 00000248         ;-------------------------------------------------------
                       -------------------------
  423 00000248 4849            LDR              R0, =REG_AA
  424 0000024A 6803            LDR              R3, [R0]
  425 0000024C 6800            LDR              R0, [R0]
  426 0000024E 4298            CMP              R0, R3



ARM Macro Assembler    Page 10 


  427 00000250 D12D            BNE              UL60730_register_run_ERROR1
  428 00000252 4848            LDR              R0, =REG_55
  429 00000254 6803            LDR              R3, [R0]
  430 00000256 6800            LDR              R0, [R0]
  431 00000258 4298            CMP              R0, R3
  432 0000025A D128            BNE              UL60730_register_run_ERROR1
  433 0000025C         
  434 0000025C         ;-------------------------------------------------------
                       -------------------------
  435 0000025C         ; R4
  436 0000025C         ;-------------------------------------------------------
                       -------------------------
  437 0000025C 4844            LDR              R0, =REG_AA
  438 0000025E 6804            LDR              R4, [R0]
  439 00000260 6800            LDR              R0, [R0]
  440 00000262 42A0            CMP              R0, R4
  441 00000264 D123            BNE              UL60730_register_run_ERROR1
  442 00000266 4843            LDR              R0, =REG_55
  443 00000268 6804            LDR              R4, [R0]
  444 0000026A 6800            LDR              R0, [R0]
  445 0000026C 42A0            CMP              R0, R4
  446 0000026E D11E            BNE              UL60730_register_run_ERROR1
  447 00000270         
  448 00000270         ;-------------------------------------------------------
                       -------------------------
  449 00000270         ; R5
  450 00000270         ;-------------------------------------------------------
                       ------------------------- 
  451 00000270 483F            LDR              R0, =REG_AA
  452 00000272 6805            LDR              R5, [R0]
  453 00000274 6800            LDR              R0, [R0]
  454 00000276 42A8            CMP              R0, R5
  455 00000278 D119            BNE              UL60730_register_run_ERROR1
  456 0000027A 483E            LDR              R0, =REG_55
  457 0000027C 6805            LDR              R5, [R0]
  458 0000027E 6800            LDR              R0, [R0]
  459 00000280 42A8            CMP              R0, R5
  460 00000282 D114            BNE              UL60730_register_run_ERROR1
  461 00000284         
  462 00000284         ;-------------------------------------------------------
                       -------------------------
  463 00000284         ; R6
  464 00000284         ;-------------------------------------------------------
                       -------------------------  
  465 00000284 483A            LDR              R0, =REG_AA
  466 00000286 6806            LDR              R6, [R0]
  467 00000288 6800            LDR              R0, [R0]
  468 0000028A 42B0            CMP              R0, R6
  469 0000028C D10F            BNE              UL60730_register_run_ERROR1
  470 0000028E 4839            LDR              R0, =REG_55
  471 00000290 6806            LDR              R6, [R0]
  472 00000292 6800            LDR              R0, [R0]
  473 00000294 42B0            CMP              R0, R6
  474 00000296 D10A            BNE              UL60730_register_run_ERROR1
  475 00000298         
  476 00000298         ;-------------------------------------------------------
                       -------------------------
  477 00000298         ; R7
  478 00000298         ;-------------------------------------------------------



ARM Macro Assembler    Page 11 


                       ------------------------- 
  479 00000298 4835            LDR              R0, =REG_AA
  480 0000029A 6807            LDR              R7, [R0]
  481 0000029C 6800            LDR              R0, [R0]
  482 0000029E 42B8            CMP              R0, R7
  483 000002A0 D105            BNE              UL60730_register_run_ERROR1
  484 000002A2 4834            LDR              R0, =REG_55
  485 000002A4 6807            LDR              R7, [R0]
  486 000002A6 6800            LDR              R0, [R0]
  487 000002A8 42B8            CMP              R0, R7
  488 000002AA D100            BNE              UL60730_register_run_ERROR1
  489 000002AC         
  490 000002AC E000            BAL              UL60730__register_run_OK
  491 000002AE         
  492 000002AE         UL60730_register_run_ERROR1
  493 000002AE E054            BAL              UL60730_register_run_ERROR
  494 000002B0         
  495 000002B0         ;-------------------------------------------------------
                       -------------------------
  496 000002B0         ; R8
  497 000002B0         ;-------------------------------------------------------
                       -------------------------
  498 000002B0         UL60730__register_run_OK
  499 000002B0 4641            MOV              R1, R8
  500 000002B2 482F            LDR              R0, =REG_AA
  501 000002B4 6800            LDR              R0, [R0]
  502 000002B6 4680            MOV              R8, R0
  503 000002B8 4540            CMP              R0, R8
  504 000002BA 4688            MOV              R8, R1
  505 000002BC D14D            BNE              UL60730_register_run_ERROR
  506 000002BE         
  507 000002BE 4641            MOV              R1, R8
  508 000002C0 482C            LDR              R0, =REG_55
  509 000002C2 6800            LDR              R0, [R0]
  510 000002C4 4680            MOV              R8, R0
  511 000002C6 4540            CMP              R0, R8
  512 000002C8 4688            MOV              R8, R1
  513 000002CA D146            BNE              UL60730_register_run_ERROR
  514 000002CC         
  515 000002CC         ;-------------------------------------------------------
                       -------------------------
  516 000002CC         ; R9
  517 000002CC         ;-------------------------------------------------------
                       ------------------------- 
  518 000002CC 4649            MOV              R1, R9
  519 000002CE 4828            LDR              R0, =REG_AA
  520 000002D0 6800            LDR              R0, [R0]
  521 000002D2 4681            MOV              R9, R0
  522 000002D4 4548            CMP              R0, R9
  523 000002D6 4689            MOV              R9, R1
  524 000002D8 D13F            BNE              UL60730_register_run_ERROR
  525 000002DA         
  526 000002DA 4649            MOV              R1, R9
  527 000002DC 4825            LDR              R0, =REG_55
  528 000002DE 6800            LDR              R0, [R0]
  529 000002E0 4681            MOV              R9, R0
  530 000002E2 4548            CMP              R0, R9
  531 000002E4 4689            MOV              R9, R1
  532 000002E6 D138            BNE              UL60730_register_run_ERROR



ARM Macro Assembler    Page 12 


  533 000002E8         
  534 000002E8         ;-------------------------------------------------------
                       -------------------------
  535 000002E8         ; R10
  536 000002E8         ;-------------------------------------------------------
                       ------------------------- 
  537 000002E8 4651            MOV              R1, R10
  538 000002EA 4821            LDR              R0, =REG_AA
  539 000002EC 6800            LDR              R0, [R0]
  540 000002EE 4682            MOV              R10, R0
  541 000002F0 4550            CMP              R0, R10
  542 000002F2 468A            MOV              R10, R1
  543 000002F4 D131            BNE              UL60730_register_run_ERROR
  544 000002F6         
  545 000002F6 4651            MOV              R1, R10
  546 000002F8 481E            LDR              R0, =REG_55
  547 000002FA 6800            LDR              R0, [R0]
  548 000002FC 4682            MOV              R10, R0
  549 000002FE 4550            CMP              R0, R10
  550 00000300 468A            MOV              R10, R1
  551 00000302 D12A            BNE              UL60730_register_run_ERROR
  552 00000304         
  553 00000304         ;-------------------------------------------------------
                       -------------------------
  554 00000304         ; R11
  555 00000304         ;-------------------------------------------------------
                       ------------------------- 
  556 00000304 4659            MOV              R1, R11
  557 00000306 481A            LDR              R0, =REG_AA
  558 00000308 6800            LDR              R0, [R0]
  559 0000030A 4683            MOV              R11, R0
  560 0000030C 4558            CMP              R0, R11
  561 0000030E 468B            MOV              R11, R1
  562 00000310 D123            BNE              UL60730_register_run_ERROR
  563 00000312         
  564 00000312 4659            MOV              R1, R11
  565 00000314 4817            LDR              R0, =REG_55
  566 00000316 6800            LDR              R0, [R0]
  567 00000318 4683            MOV              R11, R0
  568 0000031A 4558            CMP              R0, R11
  569 0000031C 468B            MOV              R11, R1
  570 0000031E D11C            BNE              UL60730_register_run_ERROR
  571 00000320         
  572 00000320         ;-------------------------------------------------------
                       -------------------------
  573 00000320         ; R12
  574 00000320         ;-------------------------------------------------------
                       ------------------------- 
  575 00000320 4661            MOV              R1, R12
  576 00000322 4813            LDR              R0, =REG_AA
  577 00000324 6800            LDR              R0, [R0]
  578 00000326 4684            MOV              R12, R0
  579 00000328 4560            CMP              R0, R12
  580 0000032A 468C            MOV              R12, R1
  581 0000032C D115            BNE              UL60730_register_run_ERROR
  582 0000032E         
  583 0000032E 4661            MOV              R1, R12
  584 00000330 4810            LDR              R0, =REG_55
  585 00000332 6800            LDR              R0, [R0]



ARM Macro Assembler    Page 13 


  586 00000334 4684            MOV              R12, R0
  587 00000336 4560            CMP              R0, R12
  588 00000338 468C            MOV              R12, R1
  589 0000033A D10E            BNE              UL60730_register_run_ERROR
  590 0000033C         
  591 0000033C         ;-------------------------------------------------------
                       -------------------------
  592 0000033C         ; R14 :: LR (Link Register)
  593 0000033C         ;-------------------------------------------------------
                       -------------------------
  594 0000033C 4671            MOV              R1, R14
  595 0000033E 480C            LDR              R0, =REG_AA
  596 00000340 6800            LDR              R0, [R0]
  597 00000342 4686            MOV              R14, R0
  598 00000344 4570            CMP              R0, R14
  599 00000346 468E            MOV              R14, R1
  600 00000348 D107            BNE              UL60730_register_run_ERROR
  601 0000034A         
  602 0000034A 4671            MOV              R1, R14
  603 0000034C 4809            LDR              R0, =REG_55
  604 0000034E 6800            LDR              R0, [R0]
  605 00000350 4686            MOV              R14, R0
  606 00000352 4570            CMP              R0, R14
  607 00000354 468E            MOV              R14, R1
  608 00000356 D100            BNE              UL60730_register_run_ERROR
  609 00000358 E003            BAL              UL60730_register_run_ret
  610 0000035A         
  611 0000035A         UL60730_register_run_ERROR
  612 0000035A 2005            MOVS             R0, #0x5    ; UL60730_REGISTER_
                                                            BIST_FAIL   ((uint3
                                                            2_t)5)
  613 0000035C BDF0            POP              {R4-R7, PC}
  614 0000035E BF00            NOP
  615 00000360         
  616 00000360 4770            BX               LR
  617 00000362         
  618 00000362         UL60730_register_run_ret
  619 00000362 2004            MOVS             R0, #0x4    ; UL60730_REGISTER_
                                                            BIST_OK     ((uint3
                                                            2_t)4)
  620 00000364 BDF0            POP              {R4-R7, PC}
  621 00000366         
  622 00000366 BF00            NOP
  623 00000368 BF00            NOP
  624 0000036A 4770            BX               LR
  625 0000036C         
  626 0000036C                 END
              00000000 
              00000000 
              00000000 
              00000000 
              00000000 
              00000000 
              00000000 
Command Line: --debug --xref --diag_suppress=9931 --cpu=Cortex-M0+ --apcs=inter
work --depend=.\objects\ul60730_registers_keil_v01.d -o.\objects\ul60730_regist
ers_keil_v01.o -I.\RTE\_A31T21X -IC:\Keil_v5\ARM\PACK\ARM\CMSIS\5.9.0\Device\AR
M\ARMCM0plus\Include -IC:\Keil_v5\ARM\CMSIS\Include --predefine="__UVISION_VERS
ION SETA 526" --predefine="ARMCM0P SETA 1" --list=.\listings\ul60730_registers_



ARM Macro Assembler    Page 14 


keil_v01.lst ..\..\..\..\..\library\UL60730\library\source\ul60730_registers_ke
il_V01.s



ARM Macro Assembler    Page 1 Alphabetic symbol ordering
Relocatable symbols

REG_00 0000001C

Symbol: REG_00
   Definitions
      At line 44 in file ..\..\..\..\..\library\UL60730\library\source\ul60730_
registers_keil_V01.s
   Uses
      At line 299 in file ..\..\..\..\..\library\UL60730\library\source\ul60730
_registers_keil_V01.s
Comment: REG_00 used once
REG_01 00000018

Symbol: REG_01
   Definitions
      At line 43 in file ..\..\..\..\..\library\UL60730\library\source\ul60730_
registers_keil_V01.s
   Uses
      At line 308 in file ..\..\..\..\..\library\UL60730\library\source\ul60730
_registers_keil_V01.s
Comment: REG_01 used once
REG_50 00000014

Symbol: REG_50
   Definitions
      At line 42 in file ..\..\..\..\..\library\UL60730\library\source\ul60730_
registers_keil_V01.s
   Uses
      None
Comment: REG_50 unused
REG_54 00000010

Symbol: REG_54
   Definitions
      At line 41 in file ..\..\..\..\..\library\UL60730\library\source\ul60730_
registers_keil_V01.s
   Uses
      At line 329 in file ..\..\..\..\..\library\UL60730\library\source\ul60730
_registers_keil_V01.s
      At line 348 in file ..\..\..\..\..\library\UL60730\library\source\ul60730
_registers_keil_V01.s

REG_55 00000004

Symbol: REG_55
   Definitions
      At line 38 in file ..\..\..\..\..\library\UL60730\library\source\ul60730_
registers_keil_V01.s
   Uses
      At line 78 in file ..\..\..\..\..\library\UL60730\library\source\ul60730_
registers_keil_V01.s
      At line 92 in file ..\..\..\..\..\library\UL60730\library\source\ul60730_
registers_keil_V01.s
      At line 106 in file ..\..\..\..\..\library\UL60730\library\source\ul60730
_registers_keil_V01.s
      At line 120 in file ..\..\..\..\..\library\UL60730\library\source\ul60730
_registers_keil_V01.s
      At line 134 in file ..\..\..\..\..\library\UL60730\library\source\ul60730
_registers_keil_V01.s
      At line 148 in file ..\..\..\..\..\library\UL60730\library\source\ul60730



ARM Macro Assembler    Page 2 Alphabetic symbol ordering
Relocatable symbols

_registers_keil_V01.s
      At line 162 in file ..\..\..\..\..\library\UL60730\library\source\ul60730
_registers_keil_V01.s
      At line 186 in file ..\..\..\..\..\library\UL60730\library\source\ul60730
_registers_keil_V01.s
      At line 205 in file ..\..\..\..\..\library\UL60730\library\source\ul60730
_registers_keil_V01.s
      At line 224 in file ..\..\..\..\..\library\UL60730\library\source\ul60730
_registers_keil_V01.s
      At line 243 in file ..\..\..\..\..\library\UL60730\library\source\ul60730
_registers_keil_V01.s
      At line 263 in file ..\..\..\..\..\library\UL60730\library\source\ul60730
_registers_keil_V01.s
      At line 288 in file ..\..\..\..\..\library\UL60730\library\source\ul60730
_registers_keil_V01.s
      At line 400 in file ..\..\..\..\..\library\UL60730\library\source\ul60730
_registers_keil_V01.s
      At line 414 in file ..\..\..\..\..\library\UL60730\library\source\ul60730
_registers_keil_V01.s
      At line 428 in file ..\..\..\..\..\library\UL60730\library\source\ul60730
_registers_keil_V01.s
      At line 442 in file ..\..\..\..\..\library\UL60730\library\source\ul60730
_registers_keil_V01.s
      At line 456 in file ..\..\..\..\..\library\UL60730\library\source\ul60730
_registers_keil_V01.s
      At line 470 in file ..\..\..\..\..\library\UL60730\library\source\ul60730
_registers_keil_V01.s
      At line 484 in file ..\..\..\..\..\library\UL60730\library\source\ul60730
_registers_keil_V01.s
      At line 508 in file ..\..\..\..\..\library\UL60730\library\source\ul60730
_registers_keil_V01.s
      At line 527 in file ..\..\..\..\..\library\UL60730\library\source\ul60730
_registers_keil_V01.s
      At line 546 in file ..\..\..\..\..\library\UL60730\library\source\ul60730
_registers_keil_V01.s
      At line 565 in file ..\..\..\..\..\library\UL60730\library\source\ul60730
_registers_keil_V01.s
      At line 584 in file ..\..\..\..\..\library\UL60730\library\source\ul60730
_registers_keil_V01.s
      At line 603 in file ..\..\..\..\..\library\UL60730\library\source\ul60730
_registers_keil_V01.s

REG_80 00000008

Symbol: REG_80
   Definitions
      At line 39 in file ..\..\..\..\..\library\UL60730\library\source\ul60730_
registers_keil_V01.s
   Uses
      At line 65 in file ..\..\..\..\..\library\UL60730\library\source\ul60730_
registers_keil_V01.s
Comment: REG_80 used once
REG_A8 0000000C

Symbol: REG_A8
   Definitions
      At line 40 in file ..\..\..\..\..\library\UL60730\library\source\ul60730_
registers_keil_V01.s
   Uses



ARM Macro Assembler    Page 3 Alphabetic symbol ordering
Relocatable symbols

      At line 320 in file ..\..\..\..\..\library\UL60730\library\source\ul60730
_registers_keil_V01.s
      At line 339 in file ..\..\..\..\..\library\UL60730\library\source\ul60730
_registers_keil_V01.s

REG_AA 00000000

Symbol: REG_AA
   Definitions
      At line 37 in file ..\..\..\..\..\library\UL60730\library\source\ul60730_
registers_keil_V01.s
   Uses
      At line 73 in file ..\..\..\..\..\library\UL60730\library\source\ul60730_
registers_keil_V01.s
      At line 87 in file ..\..\..\..\..\library\UL60730\library\source\ul60730_
registers_keil_V01.s
      At line 101 in file ..\..\..\..\..\library\UL60730\library\source\ul60730
_registers_keil_V01.s
      At line 115 in file ..\..\..\..\..\library\UL60730\library\source\ul60730
_registers_keil_V01.s
      At line 129 in file ..\..\..\..\..\library\UL60730\library\source\ul60730
_registers_keil_V01.s
      At line 143 in file ..\..\..\..\..\library\UL60730\library\source\ul60730
_registers_keil_V01.s
      At line 157 in file ..\..\..\..\..\library\UL60730\library\source\ul60730
_registers_keil_V01.s
      At line 178 in file ..\..\..\..\..\library\UL60730\library\source\ul60730
_registers_keil_V01.s
      At line 197 in file ..\..\..\..\..\library\UL60730\library\source\ul60730
_registers_keil_V01.s
      At line 216 in file ..\..\..\..\..\library\UL60730\library\source\ul60730
_registers_keil_V01.s
      At line 235 in file ..\..\..\..\..\library\UL60730\library\source\ul60730
_registers_keil_V01.s
      At line 255 in file ..\..\..\..\..\library\UL60730\library\source\ul60730
_registers_keil_V01.s
      At line 280 in file ..\..\..\..\..\library\UL60730\library\source\ul60730
_registers_keil_V01.s
      At line 395 in file ..\..\..\..\..\library\UL60730\library\source\ul60730
_registers_keil_V01.s
      At line 409 in file ..\..\..\..\..\library\UL60730\library\source\ul60730
_registers_keil_V01.s
      At line 423 in file ..\..\..\..\..\library\UL60730\library\source\ul60730
_registers_keil_V01.s
      At line 437 in file ..\..\..\..\..\library\UL60730\library\source\ul60730
_registers_keil_V01.s
      At line 451 in file ..\..\..\..\..\library\UL60730\library\source\ul60730
_registers_keil_V01.s
      At line 465 in file ..\..\..\..\..\library\UL60730\library\source\ul60730
_registers_keil_V01.s
      At line 479 in file ..\..\..\..\..\library\UL60730\library\source\ul60730
_registers_keil_V01.s
      At line 500 in file ..\..\..\..\..\library\UL60730\library\source\ul60730
_registers_keil_V01.s
      At line 519 in file ..\..\..\..\..\library\UL60730\library\source\ul60730
_registers_keil_V01.s
      At line 538 in file ..\..\..\..\..\library\UL60730\library\source\ul60730
_registers_keil_V01.s
      At line 557 in file ..\..\..\..\..\library\UL60730\library\source\ul60730



ARM Macro Assembler    Page 4 Alphabetic symbol ordering
Relocatable symbols

_registers_keil_V01.s
      At line 576 in file ..\..\..\..\..\library\UL60730\library\source\ul60730
_registers_keil_V01.s
      At line 595 in file ..\..\..\..\..\library\UL60730\library\source\ul60730
_registers_keil_V01.s

UL60730_REGS_CHK 00000000

Symbol: UL60730_REGS_CHK
   Definitions
      At line 17 in file ..\..\..\..\..\library\UL60730\library\source\ul60730_
registers_keil_V01.s
   Uses
      None
Comment: UL60730_REGS_CHK unused
UL60730__register_init_OK 000000D0

Symbol: UL60730__register_init_OK
   Definitions
      At line 176 in file ..\..\..\..\..\library\UL60730\library\source\ul60730
_registers_keil_V01.s
   Uses
      At line 168 in file ..\..\..\..\..\library\UL60730\library\source\ul60730
_registers_keil_V01.s
Comment: UL60730__register_init_OK used once
UL60730__register_init_OK2 00000160

Symbol: UL60730__register_init_OK2
   Definitions
      At line 278 in file ..\..\..\..\..\library\UL60730\library\source\ul60730
_registers_keil_V01.s
   Uses
      At line 270 in file ..\..\..\..\..\library\UL60730\library\source\ul60730
_registers_keil_V01.s
Comment: UL60730__register_init_OK2 used once
UL60730__register_run_OK 000002B0

Symbol: UL60730__register_run_OK
   Definitions
      At line 498 in file ..\..\..\..\..\library\UL60730\library\source\ul60730
_registers_keil_V01.s
   Uses
      At line 490 in file ..\..\..\..\..\library\UL60730\library\source\ul60730
_registers_keil_V01.s
Comment: UL60730__register_run_OK used once
UL60730_register_bist 0000021E

Symbol: UL60730_register_bist
   Definitions
      At line 388 in file ..\..\..\..\..\library\UL60730\library\source\ul60730
_registers_keil_V01.s
   Uses
      At line 20 in file ..\..\..\..\..\library\UL60730\library\source\ul60730_
registers_keil_V01.s
Comment: UL60730_register_bist used once
UL60730_register_init_ERROR 0000020E

Symbol: UL60730_register_init_ERROR
   Definitions



ARM Macro Assembler    Page 5 Alphabetic symbol ordering
Relocatable symbols

      At line 358 in file ..\..\..\..\..\library\UL60730\library\source\ul60730
_registers_keil_V01.s
   Uses
      At line 171 in file ..\..\..\..\..\library\UL60730\library\source\ul60730
_registers_keil_V01.s
      At line 273 in file ..\..\..\..\..\library\UL60730\library\source\ul60730
_registers_keil_V01.s
      At line 285 in file ..\..\..\..\..\library\UL60730\library\source\ul60730
_registers_keil_V01.s
      At line 293 in file ..\..\..\..\..\library\UL60730\library\source\ul60730
_registers_keil_V01.s
      At line 305 in file ..\..\..\..\..\library\UL60730\library\source\ul60730
_registers_keil_V01.s
      At line 314 in file ..\..\..\..\..\library\UL60730\library\source\ul60730
_registers_keil_V01.s
      At line 326 in file ..\..\..\..\..\library\UL60730\library\source\ul60730
_registers_keil_V01.s
      At line 335 in file ..\..\..\..\..\library\UL60730\library\source\ul60730
_registers_keil_V01.s
      At line 345 in file ..\..\..\..\..\library\UL60730\library\source\ul60730
_registers_keil_V01.s
      At line 354 in file ..\..\..\..\..\library\UL60730\library\source\ul60730
_registers_keil_V01.s

UL60730_register_init_ERROR1 000000CE

Symbol: UL60730_register_init_ERROR1
   Definitions
      At line 170 in file ..\..\..\..\..\library\UL60730\library\source\ul60730
_registers_keil_V01.s
   Uses
      At line 56 in file ..\..\..\..\..\library\UL60730\library\source\ul60730_
registers_keil_V01.s
      At line 57 in file ..\..\..\..\..\library\UL60730\library\source\ul60730_
registers_keil_V01.s
      At line 59 in file ..\..\..\..\..\library\UL60730\library\source\ul60730_
registers_keil_V01.s
      At line 61 in file ..\..\..\..\..\library\UL60730\library\source\ul60730_
registers_keil_V01.s
      At line 62 in file ..\..\..\..\..\library\UL60730\library\source\ul60730_
registers_keil_V01.s
      At line 63 in file ..\..\..\..\..\library\UL60730\library\source\ul60730_
registers_keil_V01.s
      At line 68 in file ..\..\..\..\..\library\UL60730\library\source\ul60730_
registers_keil_V01.s
      At line 77 in file ..\..\..\..\..\library\UL60730\library\source\ul60730_
registers_keil_V01.s
      At line 82 in file ..\..\..\..\..\library\UL60730\library\source\ul60730_
registers_keil_V01.s
      At line 91 in file ..\..\..\..\..\library\UL60730\library\source\ul60730_
registers_keil_V01.s
      At line 96 in file ..\..\..\..\..\library\UL60730\library\source\ul60730_
registers_keil_V01.s
      At line 105 in file ..\..\..\..\..\library\UL60730\library\source\ul60730
_registers_keil_V01.s
      At line 110 in file ..\..\..\..\..\library\UL60730\library\source\ul60730
_registers_keil_V01.s
      At line 119 in file ..\..\..\..\..\library\UL60730\library\source\ul60730
_registers_keil_V01.s



ARM Macro Assembler    Page 6 Alphabetic symbol ordering
Relocatable symbols

      At line 124 in file ..\..\..\..\..\library\UL60730\library\source\ul60730
_registers_keil_V01.s
      At line 133 in file ..\..\..\..\..\library\UL60730\library\source\ul60730
_registers_keil_V01.s
      At line 138 in file ..\..\..\..\..\library\UL60730\library\source\ul60730
_registers_keil_V01.s
      At line 147 in file ..\..\..\..\..\library\UL60730\library\source\ul60730
_registers_keil_V01.s
      At line 152 in file ..\..\..\..\..\library\UL60730\library\source\ul60730
_registers_keil_V01.s
      At line 161 in file ..\..\..\..\..\library\UL60730\library\source\ul60730
_registers_keil_V01.s
      At line 166 in file ..\..\..\..\..\library\UL60730\library\source\ul60730
_registers_keil_V01.s

UL60730_register_init_ERROR2 0000015E

Symbol: UL60730_register_init_ERROR2
   Definitions
      At line 272 in file ..\..\..\..\..\library\UL60730\library\source\ul60730
_registers_keil_V01.s
   Uses
      At line 183 in file ..\..\..\..\..\library\UL60730\library\source\ul60730
_registers_keil_V01.s
      At line 191 in file ..\..\..\..\..\library\UL60730\library\source\ul60730
_registers_keil_V01.s
      At line 202 in file ..\..\..\..\..\library\UL60730\library\source\ul60730
_registers_keil_V01.s
      At line 210 in file ..\..\..\..\..\library\UL60730\library\source\ul60730
_registers_keil_V01.s
      At line 221 in file ..\..\..\..\..\library\UL60730\library\source\ul60730
_registers_keil_V01.s
      At line 229 in file ..\..\..\..\..\library\UL60730\library\source\ul60730
_registers_keil_V01.s
      At line 240 in file ..\..\..\..\..\library\UL60730\library\source\ul60730
_registers_keil_V01.s
      At line 248 in file ..\..\..\..\..\library\UL60730\library\source\ul60730
_registers_keil_V01.s
      At line 260 in file ..\..\..\..\..\library\UL60730\library\source\ul60730
_registers_keil_V01.s
      At line 268 in file ..\..\..\..\..\library\UL60730\library\source\ul60730
_registers_keil_V01.s

UL60730_register_init_ret 00000216

Symbol: UL60730_register_init_ret
   Definitions
      At line 366 in file ..\..\..\..\..\library\UL60730\library\source\ul60730
_registers_keil_V01.s
   Uses
      At line 356 in file ..\..\..\..\..\library\UL60730\library\source\ul60730
_registers_keil_V01.s
Comment: UL60730_register_init_ret used once
UL60730_register_post 00000020

Symbol: UL60730_register_post
   Definitions
      At line 46 in file ..\..\..\..\..\library\UL60730\library\source\ul60730_
registers_keil_V01.s



ARM Macro Assembler    Page 7 Alphabetic symbol ordering
Relocatable symbols

   Uses
      At line 19 in file ..\..\..\..\..\library\UL60730\library\source\ul60730_
registers_keil_V01.s
Comment: UL60730_register_post used once
UL60730_register_run_ERROR 0000035A

Symbol: UL60730_register_run_ERROR
   Definitions
      At line 611 in file ..\..\..\..\..\library\UL60730\library\source\ul60730
_registers_keil_V01.s
   Uses
      At line 493 in file ..\..\..\..\..\library\UL60730\library\source\ul60730
_registers_keil_V01.s
      At line 505 in file ..\..\..\..\..\library\UL60730\library\source\ul60730
_registers_keil_V01.s
      At line 513 in file ..\..\..\..\..\library\UL60730\library\source\ul60730
_registers_keil_V01.s
      At line 524 in file ..\..\..\..\..\library\UL60730\library\source\ul60730
_registers_keil_V01.s
      At line 532 in file ..\..\..\..\..\library\UL60730\library\source\ul60730
_registers_keil_V01.s
      At line 543 in file ..\..\..\..\..\library\UL60730\library\source\ul60730
_registers_keil_V01.s
      At line 551 in file ..\..\..\..\..\library\UL60730\library\source\ul60730
_registers_keil_V01.s
      At line 562 in file ..\..\..\..\..\library\UL60730\library\source\ul60730
_registers_keil_V01.s
      At line 570 in file ..\..\..\..\..\library\UL60730\library\source\ul60730
_registers_keil_V01.s
      At line 581 in file ..\..\..\..\..\library\UL60730\library\source\ul60730
_registers_keil_V01.s
      At line 589 in file ..\..\..\..\..\library\UL60730\library\source\ul60730
_registers_keil_V01.s
      At line 600 in file ..\..\..\..\..\library\UL60730\library\source\ul60730
_registers_keil_V01.s
      At line 608 in file ..\..\..\..\..\library\UL60730\library\source\ul60730
_registers_keil_V01.s

UL60730_register_run_ERROR1 000002AE

Symbol: UL60730_register_run_ERROR1
   Definitions
      At line 492 in file ..\..\..\..\..\library\UL60730\library\source\ul60730
_registers_keil_V01.s
   Uses
      At line 399 in file ..\..\..\..\..\library\UL60730\library\source\ul60730
_registers_keil_V01.s
      At line 404 in file ..\..\..\..\..\library\UL60730\library\source\ul60730
_registers_keil_V01.s
      At line 413 in file ..\..\..\..\..\library\UL60730\library\source\ul60730
_registers_keil_V01.s
      At line 418 in file ..\..\..\..\..\library\UL60730\library\source\ul60730
_registers_keil_V01.s
      At line 427 in file ..\..\..\..\..\library\UL60730\library\source\ul60730
_registers_keil_V01.s
      At line 432 in file ..\..\..\..\..\library\UL60730\library\source\ul60730
_registers_keil_V01.s
      At line 441 in file ..\..\..\..\..\library\UL60730\library\source\ul60730
_registers_keil_V01.s



ARM Macro Assembler    Page 8 Alphabetic symbol ordering
Relocatable symbols

      At line 446 in file ..\..\..\..\..\library\UL60730\library\source\ul60730
_registers_keil_V01.s
      At line 455 in file ..\..\..\..\..\library\UL60730\library\source\ul60730
_registers_keil_V01.s
      At line 460 in file ..\..\..\..\..\library\UL60730\library\source\ul60730
_registers_keil_V01.s
      At line 469 in file ..\..\..\..\..\library\UL60730\library\source\ul60730
_registers_keil_V01.s
      At line 474 in file ..\..\..\..\..\library\UL60730\library\source\ul60730
_registers_keil_V01.s
      At line 483 in file ..\..\..\..\..\library\UL60730\library\source\ul60730
_registers_keil_V01.s
      At line 488 in file ..\..\..\..\..\library\UL60730\library\source\ul60730
_registers_keil_V01.s

UL60730_register_run_ret 00000362

Symbol: UL60730_register_run_ret
   Definitions
      At line 618 in file ..\..\..\..\..\library\UL60730\library\source\ul60730
_registers_keil_V01.s
   Uses
      At line 609 in file ..\..\..\..\..\library\UL60730\library\source\ul60730
_registers_keil_V01.s
Comment: UL60730_register_run_ret used once
21 symbols
355 symbols in table
