


ARM Macro Assembler    Page 1 


    1 00000000         ; /**
    2 00000000         ; ******************************************************
                       *************************
    3 00000000         ; * @file           UL60730_ram_keil.s
    4 00000000         ; * @author         ABOV R&D Division
    5 00000000         ; * @brief          UL60730 Library
    6 00000000         ; *
    7 00000000         ; * Copyright 2023 ABOV Semiconductor Co.,Ltd. All right
                       s reserved.
    8 00000000         ; *
    9 00000000         ; * This file is licensed under terms that are found in 
                       the LICENSE file
   10 00000000         ; * located at Document directory.
   11 00000000         ; * If this file is delivered or shared without applicab
                       le license terms,
   12 00000000         ; * the terms of the BSD-3-Clause license shall be appli
                       ed.
   13 00000000         ; * Reference: https://opensource.org/licenses/BSD-3-Cla
                       use
   14 00000000         ; ******************************************************
                       ************************/
   15 00000000         
   16 00000000         
   17 00000000                 AREA             UL60730_RAMCHECK, CODE, READONL
Y
   18 00000000         
   19 00000000                 GLOBAL           UL60730_ram_marchC_check
   20 00000000         
   21 00000000         
   22 00000000         ;=======================================================
                       ========================
   23 00000000         ; @ Name : uint32_t UL60730_ram_marchC_check (uint32_t a
                       ddr) 
   24 00000000         ;
   25 00000000         ; @ Parameter 
   26 00000000         ;  addr   address under test
   27 00000000         ;
   28 00000000         ; @ Return
   29 00000000         ;  0    PASS
   30 00000000         ;  non-zero  FAIL 
   31 00000000         ;=======================================================
                       ========================
   32 00000000         ; Register Usage 
   33 00000000         ;
   34 00000000         ;  R0   pointer to the target address
   35 00000000         ;     final holder of the return-value 
   36 00000000         ;
   37 00000000         ;  R1   contains the bit position under test 
   38 00000000         ; 
   39 00000000         ;  R2   return value (0=success, non-zero=fail) 
   40 00000000         ;     temporary holder of the return-value 
   41 00000000         ;
   42 00000000         ;  R3   contains the data to compare 
   43 00000000         ;
   44 00000000         ;  R4   contain the value read from SRAM 
   45 00000000         ;  R5   count (i=0 .. 31,   31 .. 0) 
   46 00000000         ; 
   47 00000000         ;  R6   save the original value of the target RAM 
   48 00000000         ;     temp 



ARM Macro Assembler    Page 2 


   49 00000000         ;  R7   save the original value of PRIMASK 
   50 00000000         ;
   51 00000000         ;=======================================================
                       ========================
   52 00000000         
   53 00000000 80000000 
                       BIT_80  DCD              0x80000000
   54 00000004         
   55 00000004         UL60730_ram_marchC_check
   56 00000004         
   57 00000004 B5F0            PUSH             {R4-R7, LR}
   58 00000006         
   59 00000006         ;-------------------------------------------------------
                       ---------------
   60 00000006         ; GLOBAL INTERRUPT DISABLE 
   61 00000006         ;-------------------------------------------------------
                       ---------------
   62 00000006 F3EF 8710       MRS              R7, PRIMASK ; save the original
                                                             value to R7
   63 0000000A 2601            MOVS             R6, #1
   64 0000000C F386 8810       MSR              PRIMASK, R6
   65 00000010         
   66 00000010         ;-------------------------------------------------------
                       ---------------
   67 00000010         ; data backup 
   68 00000010         ;-------------------------------------------------------
                       ---------------
   69 00000010 6806            LDR              R6, [R0, #0x00] ; save the orig
                                                            inal value of the t
                                                            arget RAM to R6
   70 00000012         
   71 00000012         ;-------------------------------------------------------
                       ---------------
   72 00000012         ; error = 0
   73 00000012         ;-------------------------------------------------------
                       ---------------
   74 00000012 2200            MOVS             R2, #0      ; initialize the re
                                                            turn value 
   75 00000014         
   76 00000014         ;-------------------------------------------------------
                       ---------------
   77 00000014         ; bitpos = 0x0000_0001 
   78 00000014         ;-------------------------------------------------------
                       ---------------
   79 00000014 2101            MOVS             R1, #0x01   ; bitpos = 0x0000_0
                                                            001 
   80 00000016         
   81 00000016         ;-------------------------------------------------------
                       ---------------
   82 00000016         ; initial test for value of zero 
   83 00000016         ; 
   84 00000016         ;-------------------------------------------------------
                       ---------------
   85 00000016 2300            MOVS             R3, #0      ; compare_data = 0
   86 00000018         
   87 00000018 6003            STR              R3, [R0, #0] ; *p_addr = 0 
   88 0000001A 6804            LDR              R4, [R0, #0] ; temp = *p_addr 
   89 0000001C         
   90 0000001C 42A3            CMP              R3, R4      ; if (temp == compa



ARM Macro Assembler    Page 3 


                                                            re) ? 
   91 0000001E D003            BEQ              UL60730_RAM_Check_0To1
   92 00000020         
   93 00000020 2201            MOVS             R2, #1      ; if not, error = 0
                                                            xFFFFFFFF
   94 00000022 E7FF            B                UL60730_RAM_Check_NG
   95 00000024         
   96 00000024         
   97 00000024         ;;------------------------------------------------------
                       --------------------------
   98 00000024         ;; These codes are located here for the range issue 
   99 00000024         ;;------------------------------------------------------
                       --------------------------
  100 00000024         UL60730_RAM_Check_NG
  101 00000024 2201            MOVS             R2, #1
  102 00000026 E030            B                UL60730_RAM_Check_ret
  103 00000028         
  104 00000028         ;=======================================================
                       
  105 00000028         ; test 0 --> 1 
  106 00000028         ;=======================================================
                       
  107 00000028         UL60730_RAM_Check_0To1
  108 00000028 2500            MOVS             R5, #0      ; count = 0
  109 0000002A 6804            LDR              R4, [R0, #0] ; temp = *p_addr 
  110 0000002C 42A3            CMP              R3, R4      ; if (temp == compa
                                                            re) ? 
  111 0000002E D1F9            BNE              UL60730_RAM_Check_NG
  112 00000030 E00E            B                UL60730_RAM_Check_0To1_check_co
unt
  113 00000032         
  114 00000032         UL60730_RAM_Check_0To1_1
  115 00000032 6804            LDR              R4, [R0, #0] ; temp = *p_addr 
  116 00000034 42A3            CMP              R3, R4      ; if (temp == compa
                                                            re) ? 
  117 00000036 D1F5            BNE              UL60730_RAM_Check_NG
  118 00000038 430B            ORRS             R3, R3, R1  ; compare_data |= b
                                                            itpos 
  119 0000003A 6003            STR              R3, [R0, #0] ; *p_addr = compar
                                                            e_data
  120 0000003C 6804            LDR              R4, [R0, #0] ; data = *p_addr 
  121 0000003E 42A3            CMP              R3, R4      ; if (temp == compa
                                                            re_data) ? 
  122 00000040 D001            BEQ              UL60730_RAM_Check_0To1_2 ; succ
                                                            ess, goto next test
                                                             
  123 00000042 430A            ORRS             R2, R2, R1  ; error |= bitpos 
  124 00000044 E7EE            B                UL60730_RAM_Check_NG
  125 00000046         
  126 00000046         UL60730_RAM_Check_0To1_2
  127 00000046 6804            LDR              R4, [R0, #0] ; temp = *p_addr 
  128 00000048 42A3            CMP              R3, R4      ; if (temp == compa
                                                            re) ? 
  129 0000004A D1EB            BNE              UL60730_RAM_Check_NG
  130 0000004C         
  131 0000004C 0049            LSLS             R1, R1, #1  ; bitpos <<=1
  132 0000004E 1C6D            ADDS             R5, R5, #1  ; count++
  133 00000050         
  134 00000050         UL60730_RAM_Check_0To1_check_count



ARM Macro Assembler    Page 4 


  135 00000050 6804            LDR              R4, [R0, #0] ; temp = *p_addr 
  136 00000052 42A3            CMP              R3, R4      ; if (temp == compa
                                                            re) ? 
  137 00000054 D1E6            BNE              UL60730_RAM_Check_NG
  138 00000056 2D20            CMP              R5, #0x20   ; if (count < 32) ?
                                                             
  139 00000058 DBEB            BLT              UL60730_RAM_Check_0To1_1
  140 0000005A         
  141 0000005A         
  142 0000005A         ;=======================================================
                       
  143 0000005A         ; test 1 --> 0 
  144 0000005A         ;=======================================================
                       
  145 0000005A 4D0E            LDR              R5, =BIT_80
  146 0000005C 6829            LDR              R1,[R5]
  147 0000005E         
  148 0000005E 2500            MOVS             R5, #0      ; count = 0
  149 00000060         
  150 00000060 E00E            B                UL60730_RAM_Check_1To0_check_co
unt
  151 00000062         
  152 00000062         UL60730_RAM_Check_1TO0_1
  153 00000062 6804            LDR              R4, [R0, #0] ; temp = *p_addr 
  154 00000064 42A3            CMP              R3, R4      ; if (temp == compa
                                                            re) ? 
  155 00000066 D1DD            BNE              UL60730_RAM_Check_NG
  156 00000068         
  157 00000068 438B            BICS             R3, R3, R1  ; compare_data &= ~
                                                            bitpos 
  158 0000006A 6003            STR              R3, [R0, #0] ; *p_addr = compar
                                                            e_data 
  159 0000006C 6804            LDR              R4, [R0, #0] ; temp = *p_addr 
  160 0000006E         
  161 0000006E 42A3            CMP              R3, R4      ; if (temp == compa
                                                            re_data) ? 
  162 00000070 D001            BEQ              UL60730_RAM_Check_1To0_2
  163 00000072 430A            ORRS             R2, R2, R1  ; error |= bitpos 
  164 00000074 E7D6            B                UL60730_RAM_Check_NG
  165 00000076         
  166 00000076         UL60730_RAM_Check_1To0_2
  167 00000076 6804            LDR              R4, [R0, #0] ; temp = *p_addr 
  168 00000078 42A3            CMP              R3, R4      ; if (temp == compa
                                                            re) ? 
  169 0000007A D1D3            BNE              UL60730_RAM_Check_NG
  170 0000007C         
  171 0000007C 0849            LSRS             R1, R1, #1  ; bitpos >>= 1
  172 0000007E 1C6D            ADDS             R5, R5, #1  ; count++
  173 00000080         
  174 00000080         UL60730_RAM_Check_1To0_check_count
  175 00000080 6804            LDR              R4, [R0, #0] ; temp = *p_addr 
  176 00000082 42A3            CMP              R3, R4      ; if (temp == compa
                                                            re) ? 
  177 00000084 D1CE            BNE              UL60730_RAM_Check_NG
  178 00000086         
  179 00000086 2D20            CMP              R5, #0x20   ; if (count < 32) ?
                                                            
  180 00000088 DBEB            BLT              UL60730_RAM_Check_1TO0_1
  181 0000008A         



ARM Macro Assembler    Page 5 


  182 0000008A         UL60730_RAM_Check_ret
  183 0000008A         
  184 0000008A         ;-------------------------------------------------------
                       ---------------
  185 0000008A         ; restore data 
  186 0000008A         ;-------------------------------------------------------
                       ---------------
  187 0000008A 6006            STR              R6, [R0, #0x00] 
                                                            ; *p_addr = backup 
                                                            
  188 0000008C         
  189 0000008C         ;-------------------------------------------------------
                       ---------------
  190 0000008C         ; set return-value 
  191 0000008C         ;-------------------------------------------------------
                       ---------------
  192 0000008C 4610            MOV              R0, R2      ;; return value <--
                                                             result 
  193 0000008E         
  194 0000008E         ;-------------------------------------------------------
                       ---------------
  195 0000008E         ; GLOBAL INTERRUPT ENABLE  
  196 0000008E         ;-------------------------------------------------------
                       ---------------
  197 0000008E F387 8810       MSR              PRIMASK, R7
  198 00000092         
  199 00000092 BDF0            POP              {R4-R7, PC}
  200 00000094         
  201 00000094         
  202 00000094                 END
              00000000 
Command Line: --debug --xref --diag_suppress=9931 --cpu=Cortex-M0+ --apcs=inter
work --depend=.\objects\ul60730_ram_keil_v01.d -o.\objects\ul60730_ram_keil_v01
.o -I.\RTE\_A31T21X -IC:\Keil_v5\ARM\PACK\ARM\CMSIS\5.9.0\Device\ARM\ARMCM0plus
\Include -IC:\Keil_v5\ARM\CMSIS\Include --predefine="__UVISION_VERSION SETA 526
" --predefine="ARMCM0P SETA 1" --list=.\listings\ul60730_ram_keil_v01.lst ..\..
\..\..\..\library\UL60730\library\source\ul60730_ram_keil_V01.s



ARM Macro Assembler    Page 1 Alphabetic symbol ordering
Relocatable symbols

BIT_80 00000000

Symbol: BIT_80
   Definitions
      At line 53 in file ..\..\..\..\..\library\UL60730\library\source\ul60730_
ram_keil_V01.s
   Uses
      At line 145 in file ..\..\..\..\..\library\UL60730\library\source\ul60730
_ram_keil_V01.s
Comment: BIT_80 used once
UL60730_RAMCHECK 00000000

Symbol: UL60730_RAMCHECK
   Definitions
      At line 17 in file ..\..\..\..\..\library\UL60730\library\source\ul60730_
ram_keil_V01.s
   Uses
      None
Comment: UL60730_RAMCHECK unused
UL60730_RAM_Check_0To1 00000028

Symbol: UL60730_RAM_Check_0To1
   Definitions
      At line 107 in file ..\..\..\..\..\library\UL60730\library\source\ul60730
_ram_keil_V01.s
   Uses
      At line 91 in file ..\..\..\..\..\library\UL60730\library\source\ul60730_
ram_keil_V01.s
Comment: UL60730_RAM_Check_0To1 used once
UL60730_RAM_Check_0To1_1 00000032

Symbol: UL60730_RAM_Check_0To1_1
   Definitions
      At line 114 in file ..\..\..\..\..\library\UL60730\library\source\ul60730
_ram_keil_V01.s
   Uses
      At line 139 in file ..\..\..\..\..\library\UL60730\library\source\ul60730
_ram_keil_V01.s
Comment: UL60730_RAM_Check_0To1_1 used once
UL60730_RAM_Check_0To1_2 00000046

Symbol: UL60730_RAM_Check_0To1_2
   Definitions
      At line 126 in file ..\..\..\..\..\library\UL60730\library\source\ul60730
_ram_keil_V01.s
   Uses
      At line 122 in file ..\..\..\..\..\library\UL60730\library\source\ul60730
_ram_keil_V01.s
Comment: UL60730_RAM_Check_0To1_2 used once
UL60730_RAM_Check_0To1_check_count 00000050

Symbol: UL60730_RAM_Check_0To1_check_count
   Definitions
      At line 134 in file ..\..\..\..\..\library\UL60730\library\source\ul60730
_ram_keil_V01.s
   Uses
      At line 112 in file ..\..\..\..\..\library\UL60730\library\source\ul60730
_ram_keil_V01.s
Comment: UL60730_RAM_Check_0To1_check_count used once



ARM Macro Assembler    Page 2 Alphabetic symbol ordering
Relocatable symbols

UL60730_RAM_Check_1TO0_1 00000062

Symbol: UL60730_RAM_Check_1TO0_1
   Definitions
      At line 152 in file ..\..\..\..\..\library\UL60730\library\source\ul60730
_ram_keil_V01.s
   Uses
      At line 180 in file ..\..\..\..\..\library\UL60730\library\source\ul60730
_ram_keil_V01.s
Comment: UL60730_RAM_Check_1TO0_1 used once
UL60730_RAM_Check_1To0_2 00000076

Symbol: UL60730_RAM_Check_1To0_2
   Definitions
      At line 166 in file ..\..\..\..\..\library\UL60730\library\source\ul60730
_ram_keil_V01.s
   Uses
      At line 162 in file ..\..\..\..\..\library\UL60730\library\source\ul60730
_ram_keil_V01.s
Comment: UL60730_RAM_Check_1To0_2 used once
UL60730_RAM_Check_1To0_check_count 00000080

Symbol: UL60730_RAM_Check_1To0_check_count
   Definitions
      At line 174 in file ..\..\..\..\..\library\UL60730\library\source\ul60730
_ram_keil_V01.s
   Uses
      At line 150 in file ..\..\..\..\..\library\UL60730\library\source\ul60730
_ram_keil_V01.s
Comment: UL60730_RAM_Check_1To0_check_count used once
UL60730_RAM_Check_NG 00000024

Symbol: UL60730_RAM_Check_NG
   Definitions
      At line 100 in file ..\..\..\..\..\library\UL60730\library\source\ul60730
_ram_keil_V01.s
   Uses
      At line 94 in file ..\..\..\..\..\library\UL60730\library\source\ul60730_
ram_keil_V01.s
      At line 111 in file ..\..\..\..\..\library\UL60730\library\source\ul60730
_ram_keil_V01.s
      At line 117 in file ..\..\..\..\..\library\UL60730\library\source\ul60730
_ram_keil_V01.s
      At line 124 in file ..\..\..\..\..\library\UL60730\library\source\ul60730
_ram_keil_V01.s
      At line 129 in file ..\..\..\..\..\library\UL60730\library\source\ul60730
_ram_keil_V01.s
      At line 137 in file ..\..\..\..\..\library\UL60730\library\source\ul60730
_ram_keil_V01.s
      At line 155 in file ..\..\..\..\..\library\UL60730\library\source\ul60730
_ram_keil_V01.s
      At line 164 in file ..\..\..\..\..\library\UL60730\library\source\ul60730
_ram_keil_V01.s
      At line 169 in file ..\..\..\..\..\library\UL60730\library\source\ul60730
_ram_keil_V01.s
      At line 177 in file ..\..\..\..\..\library\UL60730\library\source\ul60730
_ram_keil_V01.s

UL60730_RAM_Check_ret 0000008A



ARM Macro Assembler    Page 3 Alphabetic symbol ordering
Relocatable symbols


Symbol: UL60730_RAM_Check_ret
   Definitions
      At line 182 in file ..\..\..\..\..\library\UL60730\library\source\ul60730
_ram_keil_V01.s
   Uses
      At line 102 in file ..\..\..\..\..\library\UL60730\library\source\ul60730
_ram_keil_V01.s
Comment: UL60730_RAM_Check_ret used once
UL60730_ram_marchC_check 00000004

Symbol: UL60730_ram_marchC_check
   Definitions
      At line 55 in file ..\..\..\..\..\library\UL60730\library\source\ul60730_
ram_keil_V01.s
   Uses
      At line 19 in file ..\..\..\..\..\library\UL60730\library\source\ul60730_
ram_keil_V01.s
Comment: UL60730_ram_marchC_check used once
12 symbols
346 symbols in table
