


ARM Macro Assembler    Page 1 


    1 00000000         ; generated by Component: ARM Compiler 5.06 update 6 (bu
                       ild 750) Tool: ArmCC [4d3637]
    2 00000000         ; commandline ArmCC [--c99 --debug -c -S -o.\objects\use
                       r_timer.s --depend=.\objects\user_timer.d --cpu=Cortex-M
                       0+ --apcs=interwork -O0 --diag_suppress=9931 -I..\..\..\
                       ..\..\core\device\a31t21x\include -I..\..\..\..\..\drive
                       r\a31t21x\include -I..\..\code_app\library\header -I..\.
                       .\common -I..\..\..\..\..\core\cmsis\include -I..\..\cod
                       e_app -I.\RTE\_A31T21X -IC:\Keil_v5\ARM\PACK\ARM\CMSIS\5
                       .4.0\Device\ARM\ARMCM0plus\Include -IC:\Keil_v5\ARM\CMSI
                       S\Include -D__UVISION_VERSION=526 -DARMCM0P --omf_browse
                       =.\objects\user_timer.crf ..\..\code_lib\user_timer.c]
    3 00000000                 THUMB
    4 00000000                 REQUIRE8
    5 00000000                 PRESERVE8
    6 00000000         
    7 00000000                 AREA             ||.text||, CODE, READONLY, ALIG
N=2
    8 00000000         
    9 00000000         UT_Run_Timer
                               PROC
   10 00000000 2000            MOVS             r0,#0
   11 00000002 49C0            LDR              r1,|L0.772|
   12 00000004 6008            STR              r0,[r1,#0]  ; ut_timer_1
   13 00000006 49C0            LDR              r1,|L0.776|
   14 00000008 6008            STR              r0,[r1,#0]  ; ut_timer_2
   15 0000000A 49C0            LDR              r1,|L0.780|
   16 0000000C 6008            STR              r0,[r1,#0]  ; ut_timer_3
   17 0000000E 49C0            LDR              r1,|L0.784|
   18 00000010 6008            STR              r0,[r1,#0]  ; ut_timer_4
   19 00000012 49C0            LDR              r1,|L0.788|
   20 00000014 6008            STR              r0,[r1,#0]  ; ut_timer_5
   21 00000016 49C0            LDR              r1,|L0.792|
   22 00000018 6008            STR              r0,[r1,#0]  ; ut_timer_6
   23 0000001A 49C0            LDR              r1,|L0.796|
   24 0000001C 6008            STR              r0,[r1,#0]  ; ut_timer_7
   25 0000001E 49C0            LDR              r1,|L0.800|
   26 00000020 6008            STR              r0,[r1,#0]  ; ut_timer_8
   27 00000022 49C0            LDR              r1,|L0.804|
   28 00000024 6008            STR              r0,[r1,#0]  ; ut_set_flag
   29 00000026 49C0            LDR              r1,|L0.808|
   30 00000028 6008            STR              r0,[r1,#0]  ; ut_expire_flag
   31 0000002A 4770            BX               lr
   32 0000002C                 ENDP
   33 0000002C         
   34 0000002C         SysTick_Handler
                               PROC
   35 0000002C 48BF            LDR              r0,|L0.812|
   36 0000002E 6800            LDR              r0,[r0,#0]  ; ut_tick
   37 00000030 1C40            ADDS             r0,r0,#1
   38 00000032 49BE            LDR              r1,|L0.812|
   39 00000034 6008            STR              r0,[r1,#0]  ; ut_tick
   40 00000036 4770            BX               lr
   41 00000038                 ENDP
   42 00000038         
   43 00000038         UT_Set_Timer
                               PROC
   44 00000038 B510            PUSH             {r4,lr}
   45 0000003A 4602            MOV              r2,r0



ARM Macro Assembler    Page 2 


   46 0000003C 4BBB            LDR              r3,|L0.812|
   47 0000003E 6818            LDR              r0,[r3,#0]  ; ut_tick
   48 00000040 2A10            CMP              r2,#0x10
   49 00000042 D020            BEQ              |L0.134|
   50 00000044 DC08            BGT              |L0.88|
   51 00000046 2A01            CMP              r2,#1
   52 00000048 D00D            BEQ              |L0.102|
   53 0000004A 2A02            CMP              r2,#2
   54 0000004C D00F            BEQ              |L0.110|
   55 0000004E 2A04            CMP              r2,#4
   56 00000050 D011            BEQ              |L0.118|
   57 00000052 2A08            CMP              r2,#8
   58 00000054 D127            BNE              |L0.166|
   59 00000056 E012            B                |L0.126|
   60 00000058         |L0.88|
   61 00000058 2A20            CMP              r2,#0x20
   62 0000005A D018            BEQ              |L0.142|
   63 0000005C 2A40            CMP              r2,#0x40
   64 0000005E D01A            BEQ              |L0.150|
   65 00000060 2A80            CMP              r2,#0x80
   66 00000062 D120            BNE              |L0.166|
   67 00000064 E01B            B                |L0.158|
   68 00000066         |L0.102|
   69 00000066 1843            ADDS             r3,r0,r1
   70 00000068 4CA6            LDR              r4,|L0.772|
   71 0000006A 6023            STR              r3,[r4,#0]  ; ut_timer_1
   72 0000006C E01C            B                |L0.168|
   73 0000006E         |L0.110|
   74 0000006E 1843            ADDS             r3,r0,r1
   75 00000070 4CA5            LDR              r4,|L0.776|
   76 00000072 6023            STR              r3,[r4,#0]  ; ut_timer_2
   77 00000074 E018            B                |L0.168|
   78 00000076         |L0.118|
   79 00000076 1843            ADDS             r3,r0,r1
   80 00000078 4CA4            LDR              r4,|L0.780|
   81 0000007A 6023            STR              r3,[r4,#0]  ; ut_timer_3
   82 0000007C E014            B                |L0.168|
   83 0000007E         |L0.126|
   84 0000007E 1843            ADDS             r3,r0,r1
   85 00000080 4CA3            LDR              r4,|L0.784|
   86 00000082 6023            STR              r3,[r4,#0]  ; ut_timer_4
   87 00000084 E010            B                |L0.168|
   88 00000086         |L0.134|
   89 00000086 1843            ADDS             r3,r0,r1
   90 00000088 4CA2            LDR              r4,|L0.788|
   91 0000008A 6023            STR              r3,[r4,#0]  ; ut_timer_5
   92 0000008C E00C            B                |L0.168|
   93 0000008E         |L0.142|
   94 0000008E 1843            ADDS             r3,r0,r1
   95 00000090 4CA1            LDR              r4,|L0.792|
   96 00000092 6023            STR              r3,[r4,#0]  ; ut_timer_6
   97 00000094 E008            B                |L0.168|
   98 00000096         |L0.150|
   99 00000096 1843            ADDS             r3,r0,r1
  100 00000098 4CA0            LDR              r4,|L0.796|
  101 0000009A 6023            STR              r3,[r4,#0]  ; ut_timer_7
  102 0000009C E004            B                |L0.168|
  103 0000009E         |L0.158|
  104 0000009E 1843            ADDS             r3,r0,r1



ARM Macro Assembler    Page 3 


  105 000000A0 4C9F            LDR              r4,|L0.800|
  106 000000A2 6023            STR              r3,[r4,#0]  ; ut_timer_8
  107 000000A4 E000            B                |L0.168|
  108 000000A6         |L0.166|
  109 000000A6 BF00            NOP
  110 000000A8         |L0.168|
  111 000000A8 BF00            NOP
  112 000000AA 2A00            CMP              r2,#0
  113 000000AC D009            BEQ              |L0.194|
  114 000000AE 4B9D            LDR              r3,|L0.804|
  115 000000B0 681B            LDR              r3,[r3,#0]  ; ut_set_flag
  116 000000B2 4313            ORRS             r3,r3,r2
  117 000000B4 4C9B            LDR              r4,|L0.804|
  118 000000B6 6023            STR              r3,[r4,#0]  ; ut_set_flag
  119 000000B8 4B9B            LDR              r3,|L0.808|
  120 000000BA 681B            LDR              r3,[r3,#0]  ; ut_expire_flag
  121 000000BC 4393            BICS             r3,r3,r2
  122 000000BE 4C9A            LDR              r4,|L0.808|
  123 000000C0 6023            STR              r3,[r4,#0]  ; ut_expire_flag
  124 000000C2         |L0.194|
  125 000000C2 BD10            POP              {r4,pc}
  126 000000C4                 ENDP
  127 000000C4         
  128 000000C4         UT_Get_Status
                               PROC
  129 000000C4 4897            LDR              r0,|L0.804|
  130 000000C6 6800            LDR              r0,[r0,#0]  ; ut_set_flag
  131 000000C8 4770            BX               lr
  132 000000CA                 ENDP
  133 000000CA         
  134 000000CA         UT_Clear_Timer
                               PROC
  135 000000CA 2810            CMP              r0,#0x10
  136 000000CC D020            BEQ              |L0.272|
  137 000000CE DC08            BGT              |L0.226|
  138 000000D0 2801            CMP              r0,#1
  139 000000D2 D00D            BEQ              |L0.240|
  140 000000D4 2802            CMP              r0,#2
  141 000000D6 D00F            BEQ              |L0.248|
  142 000000D8 2804            CMP              r0,#4
  143 000000DA D011            BEQ              |L0.256|
  144 000000DC 2808            CMP              r0,#8
  145 000000DE D127            BNE              |L0.304|
  146 000000E0 E012            B                |L0.264|
  147 000000E2         |L0.226|
  148 000000E2 2820            CMP              r0,#0x20
  149 000000E4 D018            BEQ              |L0.280|
  150 000000E6 2840            CMP              r0,#0x40
  151 000000E8 D01A            BEQ              |L0.288|
  152 000000EA 2880            CMP              r0,#0x80
  153 000000EC D120            BNE              |L0.304|
  154 000000EE E01B            B                |L0.296|
  155 000000F0         |L0.240|
  156 000000F0 2100            MOVS             r1,#0
  157 000000F2 4A84            LDR              r2,|L0.772|
  158 000000F4 6011            STR              r1,[r2,#0]  ; ut_timer_1
  159 000000F6 E01C            B                |L0.306|
  160 000000F8         |L0.248|
  161 000000F8 2100            MOVS             r1,#0



ARM Macro Assembler    Page 4 


  162 000000FA 4A83            LDR              r2,|L0.776|
  163 000000FC 6011            STR              r1,[r2,#0]  ; ut_timer_2
  164 000000FE E018            B                |L0.306|
  165 00000100         |L0.256|
  166 00000100 2100            MOVS             r1,#0
  167 00000102 4A82            LDR              r2,|L0.780|
  168 00000104 6011            STR              r1,[r2,#0]  ; ut_timer_3
  169 00000106 E014            B                |L0.306|
  170 00000108         |L0.264|
  171 00000108 2100            MOVS             r1,#0
  172 0000010A 4A81            LDR              r2,|L0.784|
  173 0000010C 6011            STR              r1,[r2,#0]  ; ut_timer_4
  174 0000010E E010            B                |L0.306|
  175 00000110         |L0.272|
  176 00000110 2100            MOVS             r1,#0
  177 00000112 4A80            LDR              r2,|L0.788|
  178 00000114 6011            STR              r1,[r2,#0]  ; ut_timer_5
  179 00000116 E00C            B                |L0.306|
  180 00000118         |L0.280|
  181 00000118 2100            MOVS             r1,#0
  182 0000011A 4A7F            LDR              r2,|L0.792|
  183 0000011C 6011            STR              r1,[r2,#0]  ; ut_timer_6
  184 0000011E E008            B                |L0.306|
  185 00000120         |L0.288|
  186 00000120 2100            MOVS             r1,#0
  187 00000122 4A7E            LDR              r2,|L0.796|
  188 00000124 6011            STR              r1,[r2,#0]  ; ut_timer_7
  189 00000126 E004            B                |L0.306|
  190 00000128         |L0.296|
  191 00000128 2100            MOVS             r1,#0
  192 0000012A 4A7D            LDR              r2,|L0.800|
  193 0000012C 6011            STR              r1,[r2,#0]  ; ut_timer_8
  194 0000012E E000            B                |L0.306|
  195 00000130         |L0.304|
  196 00000130 BF00            NOP
  197 00000132         |L0.306|
  198 00000132 BF00            NOP
  199 00000134 2800            CMP              r0,#0
  200 00000136 D009            BEQ              |L0.332|
  201 00000138 497A            LDR              r1,|L0.804|
  202 0000013A 6809            LDR              r1,[r1,#0]  ; ut_set_flag
  203 0000013C 4381            BICS             r1,r1,r0
  204 0000013E 4A79            LDR              r2,|L0.804|
  205 00000140 6011            STR              r1,[r2,#0]  ; ut_set_flag
  206 00000142 4979            LDR              r1,|L0.808|
  207 00000144 6809            LDR              r1,[r1,#0]  ; ut_expire_flag
  208 00000146 4381            BICS             r1,r1,r0
  209 00000148 4A77            LDR              r2,|L0.808|
  210 0000014A 6011            STR              r1,[r2,#0]  ; ut_expire_flag
  211 0000014C         |L0.332|
  212 0000014C 4770            BX               lr
  213 0000014E                 ENDP
  214 0000014E         
  215 0000014E         UT_Check_Expire
                               PROC
  216 0000014E 2100            MOVS             r1,#0
  217 00000150 4A76            LDR              r2,|L0.812|
  218 00000152 6810            LDR              r0,[r2,#0]  ; ut_tick
  219 00000154 4A73            LDR              r2,|L0.804|



ARM Macro Assembler    Page 5 


  220 00000156 6812            LDR              r2,[r2,#0]  ; ut_set_flag
  221 00000158 2A00            CMP              r2,#0
  222 0000015A D07D            BEQ              |L0.600|
  223 0000015C 4A71            LDR              r2,|L0.804|
  224 0000015E 7812            LDRB             r2,[r2,#0]  ; ut_set_flag
  225 00000160 07D2            LSLS             r2,r2,#31
  226 00000162 0FD2            LSRS             r2,r2,#31
  227 00000164 2A00            CMP              r2,#0
  228 00000166 D00F            BEQ              |L0.392|
  229 00000168 4A66            LDR              r2,|L0.772|
  230 0000016A 6812            LDR              r2,[r2,#0]  ; ut_timer_1
  231 0000016C 4282            CMP              r2,r0
  232 0000016E D80B            BHI              |L0.392|
  233 00000170 4A64            LDR              r2,|L0.772|
  234 00000172 6812            LDR              r2,[r2,#0]  ; ut_timer_1
  235 00000174 1A82            SUBS             r2,r0,r2
  236 00000176 2301            MOVS             r3,#1
  237 00000178 07DB            LSLS             r3,r3,#31
  238 0000017A 429A            CMP              r2,r3
  239 0000017C D204            BCS              |L0.392|
  240 0000017E 2200            MOVS             r2,#0
  241 00000180 4B60            LDR              r3,|L0.772|
  242 00000182 601A            STR              r2,[r3,#0]  ; ut_timer_1
  243 00000184 2201            MOVS             r2,#1
  244 00000186 4311            ORRS             r1,r1,r2
  245 00000188         |L0.392|
  246 00000188 4A66            LDR              r2,|L0.804|
  247 0000018A 6812            LDR              r2,[r2,#0]  ; ut_set_flag
  248 0000018C 2302            MOVS             r3,#2
  249 0000018E 401A            ANDS             r2,r2,r3
  250 00000190 2A00            CMP              r2,#0
  251 00000192 D00E            BEQ              |L0.434|
  252 00000194 4A5C            LDR              r2,|L0.776|
  253 00000196 6812            LDR              r2,[r2,#0]  ; ut_timer_2
  254 00000198 4282            CMP              r2,r0
  255 0000019A D80A            BHI              |L0.434|
  256 0000019C 4A5A            LDR              r2,|L0.776|
  257 0000019E 6812            LDR              r2,[r2,#0]  ; ut_timer_2
  258 000001A0 1A82            SUBS             r2,r0,r2
  259 000001A2 079B            LSLS             r3,r3,#30
  260 000001A4 429A            CMP              r2,r3
  261 000001A6 D204            BCS              |L0.434|
  262 000001A8 2200            MOVS             r2,#0
  263 000001AA 4B57            LDR              r3,|L0.776|
  264 000001AC 601A            STR              r2,[r3,#0]  ; ut_timer_2
  265 000001AE 2202            MOVS             r2,#2
  266 000001B0 4311            ORRS             r1,r1,r2
  267 000001B2         |L0.434|
  268 000001B2 4A5C            LDR              r2,|L0.804|
  269 000001B4 6812            LDR              r2,[r2,#0]  ; ut_set_flag
  270 000001B6 2304            MOVS             r3,#4
  271 000001B8 401A            ANDS             r2,r2,r3
  272 000001BA 2A00            CMP              r2,#0
  273 000001BC D00E            BEQ              |L0.476|
  274 000001BE 4A53            LDR              r2,|L0.780|
  275 000001C0 6812            LDR              r2,[r2,#0]  ; ut_timer_3
  276 000001C2 4282            CMP              r2,r0
  277 000001C4 D80A            BHI              |L0.476|
  278 000001C6 4A51            LDR              r2,|L0.780|



ARM Macro Assembler    Page 6 


  279 000001C8 6812            LDR              r2,[r2,#0]  ; ut_timer_3
  280 000001CA 1A82            SUBS             r2,r0,r2
  281 000001CC 075B            LSLS             r3,r3,#29
  282 000001CE 429A            CMP              r2,r3
  283 000001D0 D204            BCS              |L0.476|
  284 000001D2 2200            MOVS             r2,#0
  285 000001D4 4B4D            LDR              r3,|L0.780|
  286 000001D6 601A            STR              r2,[r3,#0]  ; ut_timer_3
  287 000001D8 2204            MOVS             r2,#4
  288 000001DA 4311            ORRS             r1,r1,r2
  289 000001DC         |L0.476|
  290 000001DC 4A51            LDR              r2,|L0.804|
  291 000001DE 6812            LDR              r2,[r2,#0]  ; ut_set_flag
  292 000001E0 2308            MOVS             r3,#8
  293 000001E2 401A            ANDS             r2,r2,r3
  294 000001E4 2A00            CMP              r2,#0
  295 000001E6 D00E            BEQ              |L0.518|
  296 000001E8 4A49            LDR              r2,|L0.784|
  297 000001EA 6812            LDR              r2,[r2,#0]  ; ut_timer_4
  298 000001EC 4282            CMP              r2,r0
  299 000001EE D80A            BHI              |L0.518|
  300 000001F0 4A47            LDR              r2,|L0.784|
  301 000001F2 6812            LDR              r2,[r2,#0]  ; ut_timer_4
  302 000001F4 1A82            SUBS             r2,r0,r2
  303 000001F6 071B            LSLS             r3,r3,#28
  304 000001F8 429A            CMP              r2,r3
  305 000001FA D204            BCS              |L0.518|
  306 000001FC 2200            MOVS             r2,#0
  307 000001FE 4B44            LDR              r3,|L0.784|
  308 00000200 601A            STR              r2,[r3,#0]  ; ut_timer_4
  309 00000202 2208            MOVS             r2,#8
  310 00000204 4311            ORRS             r1,r1,r2
  311 00000206         |L0.518|
  312 00000206 4A47            LDR              r2,|L0.804|
  313 00000208 6812            LDR              r2,[r2,#0]  ; ut_set_flag
  314 0000020A 2310            MOVS             r3,#0x10
  315 0000020C 401A            ANDS             r2,r2,r3
  316 0000020E 2A00            CMP              r2,#0
  317 00000210 D00E            BEQ              |L0.560|
  318 00000212 4A40            LDR              r2,|L0.788|
  319 00000214 6812            LDR              r2,[r2,#0]  ; ut_timer_5
  320 00000216 4282            CMP              r2,r0
  321 00000218 D80A            BHI              |L0.560|
  322 0000021A 4A3E            LDR              r2,|L0.788|
  323 0000021C 6812            LDR              r2,[r2,#0]  ; ut_timer_5
  324 0000021E 1A82            SUBS             r2,r0,r2
  325 00000220 06DB            LSLS             r3,r3,#27
  326 00000222 429A            CMP              r2,r3
  327 00000224 D204            BCS              |L0.560|
  328 00000226 2200            MOVS             r2,#0
  329 00000228 4B3A            LDR              r3,|L0.788|
  330 0000022A 601A            STR              r2,[r3,#0]  ; ut_timer_5
  331 0000022C 2210            MOVS             r2,#0x10
  332 0000022E 4311            ORRS             r1,r1,r2
  333 00000230         |L0.560|
  334 00000230 4A3C            LDR              r2,|L0.804|
  335 00000232 6812            LDR              r2,[r2,#0]  ; ut_set_flag
  336 00000234 2320            MOVS             r3,#0x20
  337 00000236 401A            ANDS             r2,r2,r3



ARM Macro Assembler    Page 7 


  338 00000238 2A00            CMP              r2,#0
  339 0000023A D010            BEQ              |L0.606|
  340 0000023C 4A36            LDR              r2,|L0.792|
  341 0000023E 6812            LDR              r2,[r2,#0]  ; ut_timer_6
  342 00000240 4282            CMP              r2,r0
  343 00000242 D80C            BHI              |L0.606|
  344 00000244 4A34            LDR              r2,|L0.792|
  345 00000246 6812            LDR              r2,[r2,#0]  ; ut_timer_6
  346 00000248 1A82            SUBS             r2,r0,r2
  347 0000024A 069B            LSLS             r3,r3,#26
  348 0000024C 429A            CMP              r2,r3
  349 0000024E D206            BCS              |L0.606|
  350 00000250 2200            MOVS             r2,#0
  351 00000252 4B31            LDR              r3,|L0.792|
  352 00000254 601A            STR              r2,[r3,#0]  ; ut_timer_6
  353 00000256 E000            B                |L0.602|
  354 00000258         |L0.600|
  355 00000258 E032            B                |L0.704|
  356 0000025A         |L0.602|
  357 0000025A 2220            MOVS             r2,#0x20
  358 0000025C 4311            ORRS             r1,r1,r2
  359 0000025E         |L0.606|
  360 0000025E 4A31            LDR              r2,|L0.804|
  361 00000260 6812            LDR              r2,[r2,#0]  ; ut_set_flag
  362 00000262 2340            MOVS             r3,#0x40
  363 00000264 401A            ANDS             r2,r2,r3
  364 00000266 2A00            CMP              r2,#0
  365 00000268 D00E            BEQ              |L0.648|
  366 0000026A 4A2C            LDR              r2,|L0.796|
  367 0000026C 6812            LDR              r2,[r2,#0]  ; ut_timer_7
  368 0000026E 4282            CMP              r2,r0
  369 00000270 D80A            BHI              |L0.648|
  370 00000272 4A2A            LDR              r2,|L0.796|
  371 00000274 6812            LDR              r2,[r2,#0]  ; ut_timer_7
  372 00000276 1A82            SUBS             r2,r0,r2
  373 00000278 065B            LSLS             r3,r3,#25
  374 0000027A 429A            CMP              r2,r3
  375 0000027C D204            BCS              |L0.648|
  376 0000027E 2200            MOVS             r2,#0
  377 00000280 4B26            LDR              r3,|L0.796|
  378 00000282 601A            STR              r2,[r3,#0]  ; ut_timer_7
  379 00000284 2240            MOVS             r2,#0x40
  380 00000286 4311            ORRS             r1,r1,r2
  381 00000288         |L0.648|
  382 00000288 4A26            LDR              r2,|L0.804|
  383 0000028A 6812            LDR              r2,[r2,#0]  ; ut_set_flag
  384 0000028C 2380            MOVS             r3,#0x80
  385 0000028E 401A            ANDS             r2,r2,r3
  386 00000290 2A00            CMP              r2,#0
  387 00000292 D00E            BEQ              |L0.690|
  388 00000294 4A22            LDR              r2,|L0.800|
  389 00000296 6812            LDR              r2,[r2,#0]  ; ut_timer_8
  390 00000298 4282            CMP              r2,r0
  391 0000029A D80A            BHI              |L0.690|
  392 0000029C 4A20            LDR              r2,|L0.800|
  393 0000029E 6812            LDR              r2,[r2,#0]  ; ut_timer_8
  394 000002A0 1A82            SUBS             r2,r0,r2
  395 000002A2 061B            LSLS             r3,r3,#24
  396 000002A4 429A            CMP              r2,r3



ARM Macro Assembler    Page 8 


  397 000002A6 D204            BCS              |L0.690|
  398 000002A8 2200            MOVS             r2,#0
  399 000002AA 4B1D            LDR              r3,|L0.800|
  400 000002AC 601A            STR              r2,[r3,#0]  ; ut_timer_8
  401 000002AE 2280            MOVS             r2,#0x80
  402 000002B0 4311            ORRS             r1,r1,r2
  403 000002B2         |L0.690|
  404 000002B2 2900            CMP              r1,#0
  405 000002B4 D004            BEQ              |L0.704|
  406 000002B6 4A1C            LDR              r2,|L0.808|
  407 000002B8 6812            LDR              r2,[r2,#0]  ; ut_expire_flag
  408 000002BA 430A            ORRS             r2,r2,r1
  409 000002BC 4B1A            LDR              r3,|L0.808|
  410 000002BE 601A            STR              r2,[r3,#0]  ; ut_expire_flag
  411 000002C0         |L0.704|
  412 000002C0 4770            BX               lr
  413 000002C2                 ENDP
  414 000002C2         
  415 000002C2         UT_Is_Expired
                               PROC
  416 000002C2 B570            PUSH             {r4-r6,lr}
  417 000002C4 4604            MOV              r4,r0
  418 000002C6 F7FF FFFE       BL               UT_Check_Expire
  419 000002CA 2500            MOVS             r5,#0
  420 000002CC 4816            LDR              r0,|L0.808|
  421 000002CE 6800            LDR              r0,[r0,#0]  ; ut_expire_flag
  422 000002D0 2800            CMP              r0,#0
  423 000002D2 D014            BEQ              |L0.766|
  424 000002D4 2C00            CMP              r4,#0
  425 000002D6 D012            BEQ              |L0.766|
  426 000002D8 4813            LDR              r0,|L0.808|
  427 000002DA 6800            LDR              r0,[r0,#0]  ; ut_expire_flag
  428 000002DC 4020            ANDS             r0,r0,r4
  429 000002DE 42A0            CMP              r0,r4
  430 000002E0 D10D            BNE              |L0.766|
  431 000002E2 2501            MOVS             r5,#1
  432 000002E4 4810            LDR              r0,|L0.808|
  433 000002E6 6800            LDR              r0,[r0,#0]  ; ut_expire_flag
  434 000002E8 43A0            BICS             r0,r0,r4
  435 000002EA 490F            LDR              r1,|L0.808|
  436 000002EC 6008            STR              r0,[r1,#0]  ; ut_expire_flag
  437 000002EE 480D            LDR              r0,|L0.804|
  438 000002F0 6800            LDR              r0,[r0,#0]  ; ut_set_flag
  439 000002F2 43A0            BICS             r0,r0,r4
  440 000002F4 490B            LDR              r1,|L0.804|
  441 000002F6 6008            STR              r0,[r1,#0]  ; ut_set_flag
  442 000002F8 4620            MOV              r0,r4
  443 000002FA F7FF FFFE       BL               UT_Clear_Timer
  444 000002FE         |L0.766|
  445 000002FE 4628            MOV              r0,r5
  446 00000300 BD70            POP              {r4-r6,pc}
  447 00000302                 ENDP
  448 00000302         
  449 00000302 00 00           DCW              0x0000
  450 00000304         |L0.772|
  451 00000304 00000000        DCD              ut_timer_1
  452 00000308         |L0.776|
  453 00000308 00000000        DCD              ut_timer_2
  454 0000030C         |L0.780|



ARM Macro Assembler    Page 9 


  455 0000030C 00000000        DCD              ut_timer_3
  456 00000310         |L0.784|
  457 00000310 00000000        DCD              ut_timer_4
  458 00000314         |L0.788|
  459 00000314 00000000        DCD              ut_timer_5
  460 00000318         |L0.792|
  461 00000318 00000000        DCD              ut_timer_6
  462 0000031C         |L0.796|
  463 0000031C 00000000        DCD              ut_timer_7
  464 00000320         |L0.800|
  465 00000320 00000000        DCD              ut_timer_8
  466 00000324         |L0.804|
  467 00000324 00000000        DCD              ut_set_flag
  468 00000328         |L0.808|
  469 00000328 00000000        DCD              ut_expire_flag
  470 0000032C         |L0.812|
  471 0000032C 00000000        DCD              ut_tick
  472 00000330         
  473 00000330                 AREA             ||.arm_vfe_header||, DATA, READ
ONLY, NOALLOC, ALIGN=2
  474 00000000         
  475 00000000 00000000        DCD              0x00000000
  476 00000004         
  477 00000004                 AREA             ||.data||, DATA, ALIGN=2
  478 00000000         
  479 00000000         ut_tick
  480 00000000 00000000        DCD              0x00000000
  481 00000004         ut_set_flag
  482 00000004 00000000        DCD              0x00000000
  483 00000008         ut_expire_flag
  484 00000008 00000000        DCD              0x00000000
  485 0000000C         ut_timer_1
  486 0000000C 00000000        DCD              0x00000000
  487 00000010         ut_timer_2
  488 00000010 00000000        DCD              0x00000000
  489 00000014         ut_timer_3
  490 00000014 00000000        DCD              0x00000000
  491 00000018         ut_timer_4
  492 00000018 00000000        DCD              0x00000000
  493 0000001C         ut_timer_5
  494 0000001C 00000000        DCD              0x00000000
  495 00000020         ut_timer_6
  496 00000020 00000000        DCD              0x00000000
  497 00000024         ut_timer_7
  498 00000024 00000000        DCD              0x00000000
  499 00000028         ut_timer_8
  500 00000028 00000000        DCD              0x00000000
  501 0000002C         
  502 0000002C         ;*** Start embedded assembler ***
  503 0000002C         
  504 0000002C         #line   1                "..\\..\\code_lib\\user_timer.c
"
    1 0000002C                 AREA             ||.rev16_text||, CODE
    2 00000000                 THUMB
    3 00000000                 EXPORT           |__asm___12_user_timer_c_ac03e5
8d____REV16|
    4 00000000         #line   492              "..\\..\\..\\..\\..\\core\\cmsi
s\\include\\cmsis_armcc.h"
  492 00000000         |__asm___12_user_timer_c_ac03e58d____REV16|



ARM Macro Assembler    Page 10 


                               PROC
  493 00000000         #line   493
  493 00000000         
  494 00000000 BA40            rev16            r0, r0
  495 00000002 4770            bx               lr
  496 00000004                 ENDP
  497 00000004                 AREA             ||.revsh_text||, CODE
  498 00000000                 THUMB
  499 00000000                 EXPORT           |__asm___12_user_timer_c_ac03e5
8d____REVSH|
  500 00000000         #line   507
  507 00000000         |__asm___12_user_timer_c_ac03e58d____REVSH|
                               PROC
  508 00000000         #line   508
  508 00000000         
  509 00000000 BAC0            revsh            r0, r0
  510 00000002 4770            bx               lr
  511 00000004                 ENDP
  512 00000004         
  513 00000004         ;*** End   embedded assembler ***
  514 00000004         
  515 00000004                 EXPORT           UT_Run_Timer [CODE]
  516 00000004                 EXPORT           SysTick_Handler [CODE]
  517 00000004                 EXPORT           UT_Set_Timer [CODE]
  518 00000004                 EXPORT           UT_Get_Status [CODE]
  519 00000004                 EXPORT           UT_Clear_Timer [CODE]
  520 00000004                 EXPORT           UT_Is_Expired [CODE]
  521 00000004                 EXPORT           ut_tick [DATA,SIZE=4]
  522 00000004         
  523 00000004                 IMPORT           ||Lib$$Request$$armlib|| [CODE,
WEAK]
  524 00000004         
  525 00000004                 KEEP             UT_Check_Expire
  526 00000004                 KEEP             ut_set_flag
  527 00000004                 KEEP             ut_expire_flag
  528 00000004                 KEEP             ut_timer_1
  529 00000004                 KEEP             ut_timer_2
  530 00000004                 KEEP             ut_timer_3
  531 00000004                 KEEP             ut_timer_4
  532 00000004                 KEEP             ut_timer_5
  533 00000004                 KEEP             ut_timer_6
  534 00000004                 KEEP             ut_timer_7
  535 00000004                 KEEP             ut_timer_8
  536 00000004         
  537 00000004                 ATTR             FILESCOPE
  538 00000004                 ATTR             SETVALUE Tag_ABI_PCS_wchar_t,2
  539 00000004                 ATTR             SETVALUE Tag_ABI_enum_size,1
  540 00000004                 ATTR             SETVALUE Tag_ABI_optimization_g
oals,6
  541 00000004                 ATTR             SETSTRING Tag_conformance,"2.09
"
  542 00000004                 ATTR             SETVALUE AV,18,1
  543 00000004         
  544 00000004                 ASSERT           {ENDIAN} = "little"
  545 00000004                 ASSERT           {INTER} = {TRUE}
  546 00000004                 ASSERT           {ROPI} = {FALSE}
  547 00000004                 ASSERT           {RWPI} = {FALSE}
  548 00000004                 ASSERT           {IEEE_FULL} = {FALSE}
  549 00000004                 ASSERT           {IEEE_PART} = {FALSE}



ARM Macro Assembler    Page 11 


  550 00000004                 ASSERT           {IEEE_JAVA} = {FALSE}
  551 00000004                 END
Command Line: --debug --xref --diag_suppress=9931 --cpu=Cortex-M0+ --apcs=inter
work -o.\objects\user_timer.o -I.\RTE\_A31T21X -IC:\Keil_v5\ARM\PACK\ARM\CMSIS\
5.4.0\Device\ARM\ARMCM0plus\Include -IC:\Keil_v5\ARM\CMSIS\Include --predefine=
"__UVISION_VERSION SETA 526" --predefine="ARMCM0P SETA 1" --list=.\listings\use
r_timer.lst .\objects\user_timer.s



ARM Macro Assembler    Page 1 Alphabetic symbol ordering
Relocatable symbols

L0.102 00000066

Symbol: L0.102
   Definitions
      At line 68 in file .\objects\user_timer.s
   Uses
      At line 52 in file .\objects\user_timer.s
Comment: L0.102 used once
L0.110 0000006E

Symbol: L0.110
   Definitions
      At line 73 in file .\objects\user_timer.s
   Uses
      At line 54 in file .\objects\user_timer.s
Comment: L0.110 used once
L0.118 00000076

Symbol: L0.118
   Definitions
      At line 78 in file .\objects\user_timer.s
   Uses
      At line 56 in file .\objects\user_timer.s
Comment: L0.118 used once
L0.126 0000007E

Symbol: L0.126
   Definitions
      At line 83 in file .\objects\user_timer.s
   Uses
      At line 59 in file .\objects\user_timer.s
Comment: L0.126 used once
L0.134 00000086

Symbol: L0.134
   Definitions
      At line 88 in file .\objects\user_timer.s
   Uses
      At line 49 in file .\objects\user_timer.s
Comment: L0.134 used once
L0.142 0000008E

Symbol: L0.142
   Definitions
      At line 93 in file .\objects\user_timer.s
   Uses
      At line 62 in file .\objects\user_timer.s
Comment: L0.142 used once
L0.150 00000096

Symbol: L0.150
   Definitions
      At line 98 in file .\objects\user_timer.s
   Uses
      At line 64 in file .\objects\user_timer.s
Comment: L0.150 used once
L0.158 0000009E

Symbol: L0.158



ARM Macro Assembler    Page 2 Alphabetic symbol ordering
Relocatable symbols

   Definitions
      At line 103 in file .\objects\user_timer.s
   Uses
      At line 67 in file .\objects\user_timer.s
Comment: L0.158 used once
L0.166 000000A6

Symbol: L0.166
   Definitions
      At line 108 in file .\objects\user_timer.s
   Uses
      At line 58 in file .\objects\user_timer.s
      At line 66 in file .\objects\user_timer.s

L0.168 000000A8

Symbol: L0.168
   Definitions
      At line 110 in file .\objects\user_timer.s
   Uses
      At line 72 in file .\objects\user_timer.s
      At line 77 in file .\objects\user_timer.s
      At line 82 in file .\objects\user_timer.s
      At line 87 in file .\objects\user_timer.s
      At line 92 in file .\objects\user_timer.s
      At line 97 in file .\objects\user_timer.s
      At line 102 in file .\objects\user_timer.s
      At line 107 in file .\objects\user_timer.s

L0.194 000000C2

Symbol: L0.194
   Definitions
      At line 124 in file .\objects\user_timer.s
   Uses
      At line 113 in file .\objects\user_timer.s
Comment: L0.194 used once
L0.226 000000E2

Symbol: L0.226
   Definitions
      At line 147 in file .\objects\user_timer.s
   Uses
      At line 137 in file .\objects\user_timer.s
Comment: L0.226 used once
L0.240 000000F0

Symbol: L0.240
   Definitions
      At line 155 in file .\objects\user_timer.s
   Uses
      At line 139 in file .\objects\user_timer.s
Comment: L0.240 used once
L0.248 000000F8

Symbol: L0.248
   Definitions
      At line 160 in file .\objects\user_timer.s
   Uses



ARM Macro Assembler    Page 3 Alphabetic symbol ordering
Relocatable symbols

      At line 141 in file .\objects\user_timer.s
Comment: L0.248 used once
L0.256 00000100

Symbol: L0.256
   Definitions
      At line 165 in file .\objects\user_timer.s
   Uses
      At line 143 in file .\objects\user_timer.s
Comment: L0.256 used once
L0.264 00000108

Symbol: L0.264
   Definitions
      At line 170 in file .\objects\user_timer.s
   Uses
      At line 146 in file .\objects\user_timer.s
Comment: L0.264 used once
L0.272 00000110

Symbol: L0.272
   Definitions
      At line 175 in file .\objects\user_timer.s
   Uses
      At line 136 in file .\objects\user_timer.s
Comment: L0.272 used once
L0.280 00000118

Symbol: L0.280
   Definitions
      At line 180 in file .\objects\user_timer.s
   Uses
      At line 149 in file .\objects\user_timer.s
Comment: L0.280 used once
L0.288 00000120

Symbol: L0.288
   Definitions
      At line 185 in file .\objects\user_timer.s
   Uses
      At line 151 in file .\objects\user_timer.s
Comment: L0.288 used once
L0.296 00000128

Symbol: L0.296
   Definitions
      At line 190 in file .\objects\user_timer.s
   Uses
      At line 154 in file .\objects\user_timer.s
Comment: L0.296 used once
L0.304 00000130

Symbol: L0.304
   Definitions
      At line 195 in file .\objects\user_timer.s
   Uses
      At line 145 in file .\objects\user_timer.s
      At line 153 in file .\objects\user_timer.s




ARM Macro Assembler    Page 4 Alphabetic symbol ordering
Relocatable symbols

L0.306 00000132

Symbol: L0.306
   Definitions
      At line 197 in file .\objects\user_timer.s
   Uses
      At line 159 in file .\objects\user_timer.s
      At line 164 in file .\objects\user_timer.s
      At line 169 in file .\objects\user_timer.s
      At line 174 in file .\objects\user_timer.s
      At line 179 in file .\objects\user_timer.s
      At line 184 in file .\objects\user_timer.s
      At line 189 in file .\objects\user_timer.s
      At line 194 in file .\objects\user_timer.s

L0.332 0000014C

Symbol: L0.332
   Definitions
      At line 211 in file .\objects\user_timer.s
   Uses
      At line 200 in file .\objects\user_timer.s
Comment: L0.332 used once
L0.392 00000188

Symbol: L0.392
   Definitions
      At line 245 in file .\objects\user_timer.s
   Uses
      At line 228 in file .\objects\user_timer.s
      At line 232 in file .\objects\user_timer.s
      At line 239 in file .\objects\user_timer.s

L0.434 000001B2

Symbol: L0.434
   Definitions
      At line 267 in file .\objects\user_timer.s
   Uses
      At line 251 in file .\objects\user_timer.s
      At line 255 in file .\objects\user_timer.s
      At line 261 in file .\objects\user_timer.s

L0.476 000001DC

Symbol: L0.476
   Definitions
      At line 289 in file .\objects\user_timer.s
   Uses
      At line 273 in file .\objects\user_timer.s
      At line 277 in file .\objects\user_timer.s
      At line 283 in file .\objects\user_timer.s

L0.518 00000206

Symbol: L0.518
   Definitions
      At line 311 in file .\objects\user_timer.s
   Uses



ARM Macro Assembler    Page 5 Alphabetic symbol ordering
Relocatable symbols

      At line 295 in file .\objects\user_timer.s
      At line 299 in file .\objects\user_timer.s
      At line 305 in file .\objects\user_timer.s

L0.560 00000230

Symbol: L0.560
   Definitions
      At line 333 in file .\objects\user_timer.s
   Uses
      At line 317 in file .\objects\user_timer.s
      At line 321 in file .\objects\user_timer.s
      At line 327 in file .\objects\user_timer.s

L0.600 00000258

Symbol: L0.600
   Definitions
      At line 354 in file .\objects\user_timer.s
   Uses
      At line 222 in file .\objects\user_timer.s
Comment: L0.600 used once
L0.602 0000025A

Symbol: L0.602
   Definitions
      At line 356 in file .\objects\user_timer.s
   Uses
      At line 353 in file .\objects\user_timer.s
Comment: L0.602 used once
L0.606 0000025E

Symbol: L0.606
   Definitions
      At line 359 in file .\objects\user_timer.s
   Uses
      At line 339 in file .\objects\user_timer.s
      At line 343 in file .\objects\user_timer.s
      At line 349 in file .\objects\user_timer.s

L0.648 00000288

Symbol: L0.648
   Definitions
      At line 381 in file .\objects\user_timer.s
   Uses
      At line 365 in file .\objects\user_timer.s
      At line 369 in file .\objects\user_timer.s
      At line 375 in file .\objects\user_timer.s

L0.690 000002B2

Symbol: L0.690
   Definitions
      At line 403 in file .\objects\user_timer.s
   Uses
      At line 387 in file .\objects\user_timer.s
      At line 391 in file .\objects\user_timer.s
      At line 397 in file .\objects\user_timer.s



ARM Macro Assembler    Page 6 Alphabetic symbol ordering
Relocatable symbols


L0.704 000002C0

Symbol: L0.704
   Definitions
      At line 411 in file .\objects\user_timer.s
   Uses
      At line 355 in file .\objects\user_timer.s
      At line 405 in file .\objects\user_timer.s

L0.766 000002FE

Symbol: L0.766
   Definitions
      At line 444 in file .\objects\user_timer.s
   Uses
      At line 423 in file .\objects\user_timer.s
      At line 425 in file .\objects\user_timer.s
      At line 430 in file .\objects\user_timer.s

L0.772 00000304

Symbol: L0.772
   Definitions
      At line 450 in file .\objects\user_timer.s
   Uses
      At line 11 in file .\objects\user_timer.s
      At line 70 in file .\objects\user_timer.s
      At line 157 in file .\objects\user_timer.s
      At line 229 in file .\objects\user_timer.s
      At line 233 in file .\objects\user_timer.s
      At line 241 in file .\objects\user_timer.s

L0.776 00000308

Symbol: L0.776
   Definitions
      At line 452 in file .\objects\user_timer.s
   Uses
      At line 13 in file .\objects\user_timer.s
      At line 75 in file .\objects\user_timer.s
      At line 162 in file .\objects\user_timer.s
      At line 252 in file .\objects\user_timer.s
      At line 256 in file .\objects\user_timer.s
      At line 263 in file .\objects\user_timer.s

L0.780 0000030C

Symbol: L0.780
   Definitions
      At line 454 in file .\objects\user_timer.s
   Uses
      At line 15 in file .\objects\user_timer.s
      At line 80 in file .\objects\user_timer.s
      At line 167 in file .\objects\user_timer.s
      At line 274 in file .\objects\user_timer.s
      At line 278 in file .\objects\user_timer.s
      At line 285 in file .\objects\user_timer.s




ARM Macro Assembler    Page 7 Alphabetic symbol ordering
Relocatable symbols

L0.784 00000310

Symbol: L0.784
   Definitions
      At line 456 in file .\objects\user_timer.s
   Uses
      At line 17 in file .\objects\user_timer.s
      At line 85 in file .\objects\user_timer.s
      At line 172 in file .\objects\user_timer.s
      At line 296 in file .\objects\user_timer.s
      At line 300 in file .\objects\user_timer.s
      At line 307 in file .\objects\user_timer.s

L0.788 00000314

Symbol: L0.788
   Definitions
      At line 458 in file .\objects\user_timer.s
   Uses
      At line 19 in file .\objects\user_timer.s
      At line 90 in file .\objects\user_timer.s
      At line 177 in file .\objects\user_timer.s
      At line 318 in file .\objects\user_timer.s
      At line 322 in file .\objects\user_timer.s
      At line 329 in file .\objects\user_timer.s

L0.792 00000318

Symbol: L0.792
   Definitions
      At line 460 in file .\objects\user_timer.s
   Uses
      At line 21 in file .\objects\user_timer.s
      At line 95 in file .\objects\user_timer.s
      At line 182 in file .\objects\user_timer.s
      At line 340 in file .\objects\user_timer.s
      At line 344 in file .\objects\user_timer.s
      At line 351 in file .\objects\user_timer.s

L0.796 0000031C

Symbol: L0.796
   Definitions
      At line 462 in file .\objects\user_timer.s
   Uses
      At line 23 in file .\objects\user_timer.s
      At line 100 in file .\objects\user_timer.s
      At line 187 in file .\objects\user_timer.s
      At line 366 in file .\objects\user_timer.s
      At line 370 in file .\objects\user_timer.s
      At line 377 in file .\objects\user_timer.s

L0.800 00000320

Symbol: L0.800
   Definitions
      At line 464 in file .\objects\user_timer.s
   Uses
      At line 25 in file .\objects\user_timer.s



ARM Macro Assembler    Page 8 Alphabetic symbol ordering
Relocatable symbols

      At line 105 in file .\objects\user_timer.s
      At line 192 in file .\objects\user_timer.s
      At line 388 in file .\objects\user_timer.s
      At line 392 in file .\objects\user_timer.s
      At line 399 in file .\objects\user_timer.s

L0.804 00000324

Symbol: L0.804
   Definitions
      At line 466 in file .\objects\user_timer.s
   Uses
      At line 27 in file .\objects\user_timer.s
      At line 114 in file .\objects\user_timer.s
      At line 117 in file .\objects\user_timer.s
      At line 129 in file .\objects\user_timer.s
      At line 201 in file .\objects\user_timer.s
      At line 204 in file .\objects\user_timer.s
      At line 219 in file .\objects\user_timer.s
      At line 223 in file .\objects\user_timer.s
      At line 246 in file .\objects\user_timer.s
      At line 268 in file .\objects\user_timer.s
      At line 290 in file .\objects\user_timer.s
      At line 312 in file .\objects\user_timer.s
      At line 334 in file .\objects\user_timer.s
      At line 360 in file .\objects\user_timer.s
      At line 382 in file .\objects\user_timer.s
      At line 437 in file .\objects\user_timer.s
      At line 440 in file .\objects\user_timer.s

L0.808 00000328

Symbol: L0.808
   Definitions
      At line 468 in file .\objects\user_timer.s
   Uses
      At line 29 in file .\objects\user_timer.s
      At line 119 in file .\objects\user_timer.s
      At line 122 in file .\objects\user_timer.s
      At line 206 in file .\objects\user_timer.s
      At line 209 in file .\objects\user_timer.s
      At line 406 in file .\objects\user_timer.s
      At line 409 in file .\objects\user_timer.s
      At line 420 in file .\objects\user_timer.s
      At line 426 in file .\objects\user_timer.s
      At line 432 in file .\objects\user_timer.s
      At line 435 in file .\objects\user_timer.s

L0.812 0000032C

Symbol: L0.812
   Definitions
      At line 470 in file .\objects\user_timer.s
   Uses
      At line 35 in file .\objects\user_timer.s
      At line 38 in file .\objects\user_timer.s
      At line 46 in file .\objects\user_timer.s
      At line 217 in file .\objects\user_timer.s




ARM Macro Assembler    Page 9 Alphabetic symbol ordering
Relocatable symbols

L0.88 00000058

Symbol: L0.88
   Definitions
      At line 60 in file .\objects\user_timer.s
   Uses
      At line 50 in file .\objects\user_timer.s
Comment: L0.88 used once
SysTick_Handler 0000002C

Symbol: SysTick_Handler
   Definitions
      At line 34 in file .\objects\user_timer.s
   Uses
      At line 516 in file ..\\..\\..\\..\\..\\core\\cmsis\\include\\cmsis_armcc
.h
Comment: SysTick_Handler used once
UT_Check_Expire 0000014E

Symbol: UT_Check_Expire
   Definitions
      At line 215 in file .\objects\user_timer.s
   Uses
      At line 418 in file .\objects\user_timer.s
      At line 525 in file ..\\..\\..\\..\\..\\core\\cmsis\\include\\cmsis_armcc
.h

UT_Clear_Timer 000000CA

Symbol: UT_Clear_Timer
   Definitions
      At line 134 in file .\objects\user_timer.s
   Uses
      At line 443 in file .\objects\user_timer.s
      At line 519 in file ..\\..\\..\\..\\..\\core\\cmsis\\include\\cmsis_armcc
.h

UT_Get_Status 000000C4

Symbol: UT_Get_Status
   Definitions
      At line 128 in file .\objects\user_timer.s
   Uses
      At line 518 in file ..\\..\\..\\..\\..\\core\\cmsis\\include\\cmsis_armcc
.h
Comment: UT_Get_Status used once
UT_Is_Expired 000002C2

Symbol: UT_Is_Expired
   Definitions
      At line 415 in file .\objects\user_timer.s
   Uses
      At line 520 in file ..\\..\\..\\..\\..\\core\\cmsis\\include\\cmsis_armcc
.h
Comment: UT_Is_Expired used once
UT_Run_Timer 00000000

Symbol: UT_Run_Timer
   Definitions



ARM Macro Assembler    Page 10 Alphabetic symbol ordering
Relocatable symbols

      At line 9 in file .\objects\user_timer.s
   Uses
      At line 515 in file ..\\..\\..\\..\\..\\core\\cmsis\\include\\cmsis_armcc
.h
Comment: UT_Run_Timer used once
UT_Set_Timer 00000038

Symbol: UT_Set_Timer
   Definitions
      At line 43 in file .\objects\user_timer.s
   Uses
      At line 517 in file ..\\..\\..\\..\\..\\core\\cmsis\\include\\cmsis_armcc
.h
Comment: UT_Set_Timer used once
|.text| 00000000

Symbol: |.text|
   Definitions
      At line 7 in file .\objects\user_timer.s
   Uses
      None
Comment: |.text| unused
55 symbols



ARM Macro Assembler    Page 1 Alphabetic symbol ordering
Relocatable symbols

|.arm_vfe_header| 00000000

Symbol: |.arm_vfe_header|
   Definitions
      At line 473 in file .\objects\user_timer.s
   Uses
      None
Comment: |.arm_vfe_header| unused
1 symbol



ARM Macro Assembler    Page 1 Alphabetic symbol ordering
Relocatable symbols

ut_expire_flag 00000008

Symbol: ut_expire_flag
   Definitions
      At line 483 in file .\objects\user_timer.s
   Uses
      At line 469 in file .\objects\user_timer.s
      At line 527 in file ..\\..\\..\\..\\..\\core\\cmsis\\include\\cmsis_armcc
.h

ut_set_flag 00000004

Symbol: ut_set_flag
   Definitions
      At line 481 in file .\objects\user_timer.s
   Uses
      At line 467 in file .\objects\user_timer.s
      At line 526 in file ..\\..\\..\\..\\..\\core\\cmsis\\include\\cmsis_armcc
.h

ut_tick 00000000

Symbol: ut_tick
   Definitions
      At line 479 in file .\objects\user_timer.s
   Uses
      At line 471 in file .\objects\user_timer.s
      At line 521 in file ..\\..\\..\\..\\..\\core\\cmsis\\include\\cmsis_armcc
.h

ut_timer_1 0000000C

Symbol: ut_timer_1
   Definitions
      At line 485 in file .\objects\user_timer.s
   Uses
      At line 451 in file .\objects\user_timer.s
      At line 528 in file ..\\..\\..\\..\\..\\core\\cmsis\\include\\cmsis_armcc
.h

ut_timer_2 00000010

Symbol: ut_timer_2
   Definitions
      At line 487 in file .\objects\user_timer.s
   Uses
      At line 453 in file .\objects\user_timer.s
      At line 529 in file ..\\..\\..\\..\\..\\core\\cmsis\\include\\cmsis_armcc
.h

ut_timer_3 00000014

Symbol: ut_timer_3
   Definitions
      At line 489 in file .\objects\user_timer.s
   Uses
      At line 455 in file .\objects\user_timer.s
      At line 530 in file ..\\..\\..\\..\\..\\core\\cmsis\\include\\cmsis_armcc
.h



ARM Macro Assembler    Page 2 Alphabetic symbol ordering
Relocatable symbols


ut_timer_4 00000018

Symbol: ut_timer_4
   Definitions
      At line 491 in file .\objects\user_timer.s
   Uses
      At line 457 in file .\objects\user_timer.s
      At line 531 in file ..\\..\\..\\..\\..\\core\\cmsis\\include\\cmsis_armcc
.h

ut_timer_5 0000001C

Symbol: ut_timer_5
   Definitions
      At line 493 in file .\objects\user_timer.s
   Uses
      At line 459 in file .\objects\user_timer.s
      At line 532 in file ..\\..\\..\\..\\..\\core\\cmsis\\include\\cmsis_armcc
.h

ut_timer_6 00000020

Symbol: ut_timer_6
   Definitions
      At line 495 in file .\objects\user_timer.s
   Uses
      At line 461 in file .\objects\user_timer.s
      At line 533 in file ..\\..\\..\\..\\..\\core\\cmsis\\include\\cmsis_armcc
.h

ut_timer_7 00000024

Symbol: ut_timer_7
   Definitions
      At line 497 in file .\objects\user_timer.s
   Uses
      At line 463 in file .\objects\user_timer.s
      At line 534 in file ..\\..\\..\\..\\..\\core\\cmsis\\include\\cmsis_armcc
.h

ut_timer_8 00000028

Symbol: ut_timer_8
   Definitions
      At line 499 in file .\objects\user_timer.s
   Uses
      At line 465 in file .\objects\user_timer.s
      At line 535 in file ..\\..\\..\\..\\..\\core\\cmsis\\include\\cmsis_armcc
.h

|.data| 00000000

Symbol: |.data|
   Definitions
      At line 477 in file .\objects\user_timer.s
   Uses
      None
Comment: |.data| unused



ARM Macro Assembler    Page 3 Alphabetic symbol ordering
Relocatable symbols

12 symbols



ARM Macro Assembler    Page 1 Alphabetic symbol ordering
Relocatable symbols

__asm___12_user_timer_c_ac03e58d____REV16 00000000

Symbol: __asm___12_user_timer_c_ac03e58d____REV16
   Definitions
      At line 492 in file ..\\..\\..\\..\\..\\core\\cmsis\\include\\cmsis_armcc
.h
   Uses
      At line 3 in file ..\\..\\code_lib\\user_timer.c
Comment: __asm___12_user_timer_c_ac03e58d____REV16 used once
|.rev16_text| 00000000

Symbol: |.rev16_text|
   Definitions
      At line 1 in file ..\\..\\code_lib\\user_timer.c
   Uses
      None
Comment: |.rev16_text| unused
2 symbols



ARM Macro Assembler    Page 1 Alphabetic symbol ordering
Relocatable symbols

__asm___12_user_timer_c_ac03e58d____REVSH 00000000

Symbol: __asm___12_user_timer_c_ac03e58d____REVSH
   Definitions
      At line 507 in file ..\\..\\..\\..\\..\\core\\cmsis\\include\\cmsis_armcc
.h
   Uses
      At line 499 in file ..\\..\\..\\..\\..\\core\\cmsis\\include\\cmsis_armcc
.h
Comment: __asm___12_user_timer_c_ac03e58d____REVSH used once
|.revsh_text| 00000000

Symbol: |.revsh_text|
   Definitions
      At line 497 in file ..\\..\\..\\..\\..\\core\\cmsis\\include\\cmsis_armcc
.h
   Uses
      None
Comment: |.revsh_text| unused
2 symbols



ARM Macro Assembler    Page 1 Alphabetic symbol ordering
External symbols

|Lib$$Request$$armlib| 00000000

Symbol: |Lib$$Request$$armlib|
   Definitions
      At line 523 in file ..\\..\\..\\..\\..\\core\\cmsis\\include\\cmsis_armcc
.h
   Uses
      None
Comment: |Lib$$Request$$armlib| unused
1 symbol
405 symbols in table
