<html>
<body>
<pre>
<h1>µVision Build Log</h1>
<h2>Tool Versions:</h2>
IDE-Version: µVision V5.23.0.0
Copyright (C) 2017 ARM Ltd and ARM Germany GmbH. All rights reserved.
License Information: a d, b, LIC=LSNXV-PEJP9-74AS0-BHVLE-D8AHP-Q8FZS
 
Tool Versions:
Toolchain:       MDK-ARM Plus  Version: 5.23
Toolchain Path:  C:\Keil_v5\ARM\ARMCC\Bin
C Compiler:      Armcc.exe V5.06 update 4 (build 422)
Assembler:       Armasm.exe V5.06 update 4 (build 422)
Linker/Locator:  ArmLink.exe V5.06 update 4 (build 422)
Library Manager: ArmAr.exe V5.06 update 4 (build 422)
Hex Converter:   FromElf.exe V5.06 update 4 (build 422)
CPU DLL:         SARMCM3.DLL V5.23
Dialog DLL:      DARMCM1.DLL V1.17.0.0
Target DLL:      CMSIS_AGDI.dll V1.27.5.0
Dialog DLL:      TARMCM1.DLL V1.12.0.0
 
<h2>Project:</h2>
C:\Users\nguyenkhanhduy\Desktop\newfolder\intern\Example_STKS-A31T216-RLN-TOUCH-A\example\touch\keil\a31t21x\keil\app.uvprojx
Project File Date:  07/09/2025

<h2>Output:</h2>
*** Using Compiler 'V5.06 update 4 (build 422)', folder: 'C:\Keil_v5\ARM\ARMCC\Bin'
Rebuild Project 'app' - Target 'A31T21X'
compiling a31t21x_system.c...
compiling a31t21x_system_setting.c...
compiling user_timer.c...
compiling register_map.c...
compiling i2c.c...
compiling touch_config.c...
compiling a31t21x_port_init.c...
compiling debug.c...
compiling main.c...
compiling led_driver.c...
compiling user_function.c...
assembling a31t21x_startup_arm.s...
compiling a31t21x_dma.c...
compiling a31t21x_led.c...
compiling a31t21x_pwr.c...
compiling a31t21x_gpio.c...
compiling a31t21x_wdt.c...
compiling a31t21x_scu.c...
compiling a31t21x_timer.c...
compiling a31t21x_uart.c...
compiling a31t21x_usart1n.c...
linking...
Program Size: Code=25848 RO-data=784 RW-data=1684 ZI-data=3228  
FromELF: creating hex file...
".\Objects\app.axf" - 0 Error(s), 0 Warning(s).

<h2>Collection of Component include folders:</h2>
  .\RTE\_A31T21X
  C:\Users\nguyenkhanhduy\AppData\Local\Arm\Packs\ARM\CMSIS\5.7.0\Device\ARM\ARMCM0plus\Include

<h2>Collection of Component Files used:</h2>
Build Time Elapsed:  00:00:01
</pre>
</body>
</html>
